******************************************************************************
                  TI ARM Linker PC v5.2.7                      
******************************************************************************
>> Linked Sun Jul 03 23:11:42 2016

OUTPUT FILE NAME:   <RTOS_LAB7.out>
ENTRY POINT SYMBOL: "_c_int00"  address: 000042f1


MEMORY CONFIGURATION

         name            origin    length      used     unused   attr    fill
----------------------  --------  ---------  --------  --------  ----  --------
  FLASH                 00000000   00040000  00008475  00037b8b  R  X
  SRAM                  20000000   00008000  00001e78  00006188  RW X


SEGMENT ALLOCATION MAP

run origin  load origin   length   init length attrs members
----------  ----------- ---------- ----------- ----- -------
00000000    00000000    00008480   00008480    r-x
  00000000    00000000    0000003c   0000003c    r-- .resetVecs
  00000040    00000040    00005cc2   00005cc2    r-x .text
  00005d04    00005d04    0000234f   0000234f    r-- .const
  00008058    00008058    00000428   00000428    r-- .cinit
20000000    20000000    00000360   00000000    rw-
  20000000    20000000    00000360   00000000    rw- .vecs
20000380    20000380    00001b18   00000000    rw-
  20000380    20000380    00001130   00000000    rw- .bss
  200014b0    200014b0    000005e8   00000000    rw- .data
  20001a98    20001a98    00000400   00000000    rw- .stack


SECTION ALLOCATION MAP

 output                                  attributes/
section   page    origin      length       input sections
--------  ----  ----------  ----------   ----------------
.text      0    00000040    00005cc2     
                  00000040    00000430     sysbios.aem4f : BIOS.obj (.text:ti_sysbios_family_arm_m3_Hwi_excDumpRegs__I)
                  00000470    0000034c     ti.targets.arm.rtsarm.aem4f : System.oem4f (.text:xdc_runtime_System_doPrint__I)
                  000007bc    000002d4     rtsv7M4_T_le_v4SPD16_eabi.lib : trgdrv.obj (.text)
                  00000a90    00000244     empty_min.obj (.text:BLUE_Toggle)
                  00000cd4    00000004     empty_min_pem4f.oem4f (.text:malloc)
                  00000cd8    000001fc     sysbios.aem4f : BIOS.obj (.text:ti_sysbios_family_arm_m3_Hwi_excHandlerMax__I)
                  00000ed4    00000004     empty_min_pem4f.oem4f (.text:ti_sysbios_BIOS_RtsGateProxy_enter__E)
                  00000ed8    00000174     sysbios.aem4f : BIOS.obj (.text:ti_sysbios_family_arm_m3_Hwi_excBusFault__I)
                  0000104c    00000004     empty_min_pem4f.oem4f (.text:ti_sysbios_BIOS_RtsGateProxy_leave__E)
                  00001050    00000164     sysbios.aem4f : BIOS.obj (.text:ti_sysbios_family_arm_m3_Hwi_excUsageFault__I)
                  000011b4    00000004                   : BIOS.obj (.text:ti_sysbios_family_arm_lm4_Timer_masterEnable__I)
                  000011b8    00000160                   : BIOS.obj (.text:ti_sysbios_knl_Semaphore_pend__E)
                  00001318    00000150     drivers_tivaware.aem4f : GPIOTiva.oem4f (.text:GPIO_setConfig)
                  00001468    00000148     sysbios.aem4f : BIOS.obj (.text:ti_sysbios_family_arm_m3_Hwi_excMemFault__I)
                  000015b0    00000144                   : BIOS.obj (.text:ti_sysbios_family_arm_m3_Hwi_dispatchC__I)
                  000016f4    00000144     ti.targets.arm.rtsarm.aem4f : HeapStd.oem4f (.text:xdc_runtime_HeapStd_alloc__E)
                  00001838    00000138     empty_min_pem4f.oem4f (.text:ti_uia_loggers_LoggerStopMode_writeMemoryRange__E)
                  00001970    00000134     sysbios.aem4f : BIOS.obj (.text:ti_sysbios_knl_Clock_workFunc__E)
                  00001aa4    00000130     driverlib.lib : gpio.obj (.text:GPIOPadConfigSet)
                  00001bd4    00000004     empty_min_pem4f.oem4f (.text:ti_sysbios_family_arm_m3_TaskSupport_Module__startupDone__S)
                  00001bd8    0000011c     sysbios.aem4f : BIOS.obj (.text:ti_sysbios_knl_Swi_run__I)
                  00001cf4    00000118     ti.targets.arm.rtsarm.aem4f : Error.oem4f (.text:xdc_runtime_Error_policyDefault__E)
                  00001e0c    00000004     empty_min_pem4f.oem4f (.text:ti_sysbios_knl_Clock_TimerProxy_getMaxTicks__E)
                  00001e10    00000110     sysbios.aem4f : BIOS.obj (.text:ti_sysbios_family_arm_lm4_TimestampProvider_get64__E)
                  00001f20    0000010c     empty_min_pem4f.oem4f (.text:ti_uia_loggers_LoggerStopMode_write8__E)
                  0000202c    00000004     empty_min_pem4f.oem4f (.text:ti_sysbios_knl_Clock_TimerProxy_getPeriod__E)
                  00002030    00000108     sysbios.aem4f : BIOS.obj (.text:ti_sysbios_family_arm_lm4_Timer_start__E)
                  00002138    00000100     Boot.aem4f : Boot_sysctl.oem4f (.text:ti_catalog_arm_cortexm4_tiva_ce_Boot_sysCtlClockSetI__I)
                  00002238    00000100     ti.targets.arm.rtsarm.aem4f : Core-mem.oem4f (.text:xdc_runtime_Core_createObject__I)
                  00002338    000000f8                                 : Startup.oem4f (.text:xdc_runtime_Startup_startMods__I)
                  00002430    000000f8     empty_min_pem4f.oem4f (.text:xdc_runtime_System_printfExtend__I)
                  00002528    000000f4     sysbios.aem4f : m3_Hwi_asm.obj (.text:ti_sysbios_family_arm_m3_Hwi_dispatch__I)
                  0000261c    000000f4     empty_min_pem4f.oem4f (.text:ti_uia_loggers_LoggerStopMode_write4__E)
                  00002710    000000e8     empty_min_pem4f.oem4f (.text:ti_uia_loggers_LoggerStopMode_write2__E)
                  000027f8    000000e4     empty_min_pem4f.oem4f (.text:ti_uia_loggers_LoggerStopMode_write1__E)
                  000028dc    000000d8     empty_min_pem4f.oem4f (.text:ti_uia_loggers_LoggerStopMode_write0__E)
                  000029b4    000000cc     ti.targets.arm.rtsarm.aem4f : Core-smem.oem4f (.text:xdc_runtime_Core_constructObject__I)
                  00002a80    000000cc                                 : HeapStd.oem4f (.text:xdc_runtime_HeapStd_Instance_init__E)
                  00002b4c    00000004     empty_min_pem4f.oem4f (.text:ti_sysbios_knl_Queue_destruct)
                  00002b50    000000c4     sysbios.aem4f : BIOS.obj (.text:ti_sysbios_knl_Semaphore_post__E)
                  00002c14    00000004     empty_min_pem4f.oem4f (.text:ti_sysbios_knl_Semaphore_destruct)
                  00002c18    000000c4     sysbios.aem4f : BIOS.obj (.text:ti_sysbios_knl_Task_schedule__I)
                  00002cdc    00000004     ti.uia.loggers.aem4f : LoggerStopMode.oem4f (.text:ti_uia_loggers_LoggerStopMode_getContents__E)
                  00002ce0    000000bc     sysbios.aem4f : BIOS.obj (.text:ti_sysbios_family_arm_m3_Hwi_excDebugMon__I)
                  00002d9c    00000004     empty_min_pem4f.oem4f (.text:ti_uia_loggers_LoggerStopMode_getFilterLevel__E)
                  00002da0    000000bc     sysbios.aem4f : BIOS.obj (.text:ti_sysbios_family_arm_m3_Hwi_excHardFault__I)
                  00002e5c    00000004     ti.uia.loggers.aem4f : LoggerStopMode.oem4f (.text:ti_uia_loggers_LoggerStopMode_getInstanceId__E)
                  00002e60    000000bc     sysbios.aem4f : BIOS.obj (.text:ti_sysbios_knl_Task_startCore__E)
                  00002f1c    00000004     ti.uia.loggers.aem4f : LoggerStopMode.oem4f (.text:ti_uia_loggers_LoggerStopMode_getMaxLength__E)
                  00002f20    000000ac     sysbios.aem4f : BIOS.obj (.text:ti_sysbios_family_arm_lm4_Timer_enableTiva__I)
                  00002fcc    00000004     ti.uia.loggers.aem4f : LoggerStopMode.oem4f (.text:ti_uia_loggers_LoggerStopMode_getPriority__E)
                  00002fd0    000000ac     sysbios.aem4f : BIOS.obj (.text:ti_sysbios_knl_Swi_post__E)
                  0000307c    00000004     ti.uia.loggers.aem4f : LoggerStopMode.oem4f (.text:ti_uia_loggers_LoggerStopMode_getTransferType__E)
                  00003080    000000ac     sysbios.aem4f : BIOS.obj (.text:ti_sysbios_utils_Load_updateLoads__E)
                  0000312c    00000004     ti.targets.arm.rtsarm.aem4f : Error.oem4f (.text:xdc_runtime_Error_getSite__E)
                  00003130    000000a8     sysbios.aem4f : BIOS.obj (.text:ti_sysbios_knl_Task_blockI__E)
                  000031d8    000000a8     ti.targets.arm.rtsarm.aem4f : HeapStd.oem4f (.text:xdc_runtime_HeapStd_free__E)
                  00003280    000000a0     auto_init.aem4f : auto_init.oem4f (.text)
                  00003320    000000a0     ti.targets.arm.rtsarm.aem4f : Text.oem4f (.text:xdc_runtime_Text_putMod__E)
                  000033c0    0000009c     rtsv7M4_T_le_v4SPD16_eabi.lib : memcpy_t2.obj (.text)
                  0000345c    00000004     ti.targets.arm.rtsarm.aem4f : HeapStd.oem4f (.text:xdc_runtime_HeapStd_isBlocking__E)
                  00003460    0000009c     sysbios.aem4f : BIOS.obj (.text:ti_sysbios_knl_Task_postInit__I)
                  000034fc    0000009a     ti.targets.arm.rtsarm.aem4f : Text.oem4f (.text:xdc_runtime_Text_putSite__E)
                  00003596    00000002     empty_min_pem4f.oem4f (.text:free)
                  00003598    00000098     Boot.aem4f : Boot.oem4f (.text:ti_catalog_arm_cortexm4_tiva_ce_Boot_sysCtlClockSet__E)
                  00003630    00000094     sysbios.aem4f : BIOS.obj (.text:ti_sysbios_family_arm_m3_Hwi_Instance_init__E)
                  000036c4    00000004     empty_min_pem4f.oem4f (.text:xdc_runtime_System_Module_GateProxy_enter__E)
                  000036c8    00000094     sysbios.aem4f : BIOS.obj (.text:ti_sysbios_family_arm_m3_Hwi_initNVIC__E)
                  0000375c    00000004     empty_min_pem4f.oem4f (.text:xdc_runtime_System_Module_GateProxy_leave__E)
                  00003760    00000094     sysbios.aem4f : BIOS.obj (.text:ti_sysbios_knl_Task_exit__E)
                  000037f4    00000004     ti.targets.arm.rtsarm.aem4f : System.oem4f (.text:xdc_runtime_System_aprintf_va__F)
                  000037f8    00000090     sysbios.aem4f : BIOS.obj (.text:ti_sysbios_knl_Task_unblockI__E)
                  00003888    00000090     ti.uia.loggers.aem4f : LoggerStopMode.oem4f (.text:ti_uia_loggers_LoggerStopMode_initQueueDescriptor__E)
                  00003918    0000008c     drivers_tivaware.aem4f : GPIOTiva.oem4f (.text:GPIO_init)
                  000039a4    0000008c     sysbios.aem4f : m3_TaskSupport_asm.obj (.text:ti_sysbios_family_arm_m3_TaskSupport_buildTaskStack)
                  00003a30    00000084                   : BIOS.obj (.text:ti_sysbios_family_arm_lm4_Timer_getExpiredCounts__E)
                  00003ab4    00000004     ti.targets.arm.rtsarm.aem4f : System.oem4f (.text:xdc_runtime_System_printf_va__F)
                  00003ab8    00000084     sysbios.aem4f : BIOS.obj (.text:ti_sysbios_family_arm_m3_Hwi_postInit__I)
                  00003b3c    0000007a     rtsv7M4_T_le_v4SPD16_eabi.lib : memset_t2.obj (.text)
                  00003bb6    00000002                                   : i_div0.obj (.text)
                  00003bb8    00000074     ti.uia.runtime.aem4f : QueueDescriptor.oem4f (.text:ti_uia_runtime_QueueDescriptor_addToList__E)
                  00003c2c    0000006d     ti.targets.arm.rtsarm.aem4f : System.oem4f (.text:xdc_runtime_System_formatNum__I)
                  00003c99    00000001     --HOLE-- [fill = 0]
                  00003c9a    00000006     driverlib.lib : gpio.obj (.text:GPIOIntClear)
                  00003ca0    0000006c     sysbios.aem4f : BIOS.obj (.text:ti_sysbios_knl_Swi_restoreHwi__E)
                  00003d0c    0000006c     ti.targets.arm.rtsarm.aem4f : Error.oem4f (.text:xdc_runtime_Error_print__E)
                  00003d78    0000006c                                 : Memory.oem4f (.text:xdc_runtime_Memory_alloc__E)
                  00003de4    0000006a     rtsv7M4_T_le_v4SPD16_eabi.lib : copy_decompress_rle.obj (.text)
                  00003e4e    00000002     empty_min_pem4f.oem4f (.text:ti_sysbios_BIOS_nullFunc__I)
                  00003e50    00000068     rtsv7M4_T_le_v4SPD16_eabi.lib : trgmsg.obj (.text)
                  00003eb8    00000066     ti.uia.loggers.aem4f : LoggerStopMode.oem4f (.text:ti_uia_loggers_LoggerStopMode_flush__E)
                  00003f1e    00000066     ti.targets.arm.rtsarm.aem4f : Core-mem.oem4f (.text:xdc_runtime_Core_deleteObject__I)
                  00003f84    00000064     drivers_tivaware.aem4f : GPIOTiva.oem4f (.text:GPIO_hwiIntFxn)
                  00003fe8    00000064     sysbios.aem4f : BIOS.obj (.text:ti_sysbios_family_arm_lm4_Timer_Module_startup__E)
                  0000404c    00000064     empty_min_pem4f.oem4f (.text:ti_sysbios_family_arm_m3_Hwi_create)
                  000040b0    00000064     sysbios.aem4f : BIOS.obj (.text:ti_sysbios_utils_Load_idleFxn__E)
                  00004114    00000002     empty_min_pem4f.oem4f (.text:ti_uia_loggers_LoggerStopMode_setFilterLevel__E)
                  00004116    00000002     ti.uia.loggers.aem4f : LoggerStopMode.oem4f (.text:ti_uia_loggers_LoggerStopMode_setPriority__E)
                  00004118    00000060     sysbios.aem4f : BIOS.obj (.text:ti_sysbios_knl_Clock_logTick__E)
                  00004178    00000060                   : BIOS.obj (.text:ti_sysbios_utils_Load_logCPULoad__I)
                  000041d8    0000005c                   : BIOS.obj (.text:ti_sysbios_knl_Swi_schedule__I)
                  00004234    00000002     empty_min_pem4f.oem4f (.text:xdc_runtime_Startup_reset__I)
                  00004236    00000002     --HOLE-- [fill = 0]
                  00004238    0000005c     sysbios.aem4f : BIOS.obj (.text:ti_sysbios_knl_Task_Module_startup__E)
                  00004294    0000005b     ti.targets.arm.rtsarm.aem4f : Text.oem4f (.text:xdc_runtime_Text_putLab__E)
                  000042ef    00000001     --HOLE-- [fill = 0]
                  000042f0    00000058     boot.aem4f : boot.oem4f (.text)
                  00004348    00000058     sysbios.aem4f : m3_Hwi_asm_switch.obj (.text:ti_sysbios_family_arm_m3_Hwi_initStacks__E)
                  000043a0    00000058     empty_min_pem4f.oem4f (.text:xdc_runtime_HeapStd_Object__create__S)
                  000043f8    00000056     driverlib.lib : gpio.obj (.text:GPIOIntTypeSet)
                  0000444e    00000002     --HOLE-- [fill = 0]
                  00004450    00000054     sysbios.aem4f : BIOS.obj (.text:ti_sysbios_family_arm_lm4_Timer_initDevice__I)
                  000044a4    00000004     --HOLE-- [fill = 0]
                  000044a8    00000054                   : BIOS.obj (.text:ti_sysbios_family_arm_lm4_TimestampProvider_get32__E)
                  000044fc    00000054     ti.targets.arm.rtsarm.aem4f : Assert.oem4f (.text:xdc_runtime_Assert_raise__I)
                  00004550    00000050     drivers_tivaware.aem4f : GPIOTiva.oem4f (.text:GPIO_setCallback)
                  000045a0    00000050                            : GPIOTiva.oem4f (.text:GPIO_toggle)
                  000045f0    00000050                            : GPIOTiva.oem4f (.text:GPIO_write)
                  00004640    00000050     sysbios.aem4f : BIOS.obj (.text:ti_sysbios_family_arm_m3_Hwi_Module_startup__E)
                  00004690    00000050     ti.targets.arm.rtsarm.aem4f : Startup.oem4f (.text:xdc_runtime_Startup_exec__E)
                  000046e0    00000050                                 : Text.oem4f (.text:xdc_runtime_Text_visitRope2__I)
                  00004730    0000004c     rtsv7M4_T_le_v4SPD16_eabi.lib : cpy_tbl.obj (.text)
                  0000477c    00000004     --HOLE-- [fill = 0]
                  00004780    0000004c     sysbios.aem4f : BIOS.obj (.text:ti_sysbios_knl_Swi_runLoop__I)
                  000047cc    00000004     --HOLE-- [fill = 0]
                  000047d0    0000004c                   : BIOS.obj (.text:ti_sysbios_knl_Task_allBlockedFunction__I)
                  0000481c    0000004c     ti.uia.loggers.aem4f : LoggerStopMode.oem4f (.text:ti_uia_loggers_LoggerStopMode_Module_startup__E)
                  00004868    00000048     sysbios.aem4f : BIOS.obj (.text:ti_sysbios_family_arm_lm4_Timer_enableTimers__I)
                  000048b0    00000048                   : BIOS.obj (.text:ti_sysbios_family_arm_m3_Hwi_disableInterrupt__E)
                  000048f8    00000048                   : BIOS.obj (.text:ti_sysbios_family_arm_m3_Hwi_enableInterrupt__E)
                  00004940    00000048                   : BIOS.obj (.text:ti_sysbios_family_arm_m3_Hwi_excReserved__I)
                  00004988    00000046     ti.targets.arm.rtsarm.aem4f : Core-params.oem4f (.text:xdc_runtime_Core_assignParams__I)
                  000049ce    00000002     --HOLE-- [fill = 0]
                  000049d0    00000044     rtsv7M4_T_le_v4SPD16_eabi.lib : exit.obj (.text)
                  00004a14    00000004     --HOLE-- [fill = 0]
                  00004a18    00000044     sysbios.aem4f : BIOS.obj (.text:ti_sysbios_family_arm_lm4_Timer_isrStub__E)
                  00004a5c    00000004     --HOLE-- [fill = 0]
                  00004a60    00000044                   : BIOS.obj (.text:ti_sysbios_family_arm_m3_Hwi_getStackInfo__E)
                  00004aa4    00000044     ti.uia.loggers.aem4f : LoggerStopMode.oem4f (.text:ti_uia_loggers_LoggerStopMode_initBuffer__I)
                  00004ae8    00000044     ti.targets.arm.rtsarm.aem4f : Error.oem4f (.text:xdc_runtime_Error_setX__E)
                  00004b2c    00000044                                 : SysMin.oem4f (.text:xdc_runtime_SysMin_flush__E)
                  00004b70    00000044                                 : Text.oem4f (.text:xdc_runtime_Text_xprintf__I)
                  00004bb4    00000040     EK_TM4C123GXL.obj (.text:EK_TM4C123GXL_initGeneral)
                  00004bf4    00000040     rtsv7M4_T_le_v4SPD16_eabi.lib : u_divt2.obj (.text)
                  00004c34    00000004     --HOLE-- [fill = 0]
                  00004c38    00000040     sysbios.aem4f : BIOS.obj (.text:ti_sysbios_family_arm_lm4_Timer_startup__E)
                  00004c78    0000003c                   : BIOS.obj (.text:ti_sysbios_family_arm_m3_Hwi_excSvCall__I)
                  00004cb4    00000004     --HOLE-- [fill = 0]
                  00004cb8    0000003c                   : BIOS.obj (.text:ti_sysbios_knl_Swi_restore__E)
                  00004cf4    00000004     --HOLE-- [fill = 0]
                  00004cf8    00000038                   : BIOS.obj (.text:ti_sysbios_family_arm_m3_Hwi_excNoIsr__I)
                  00004d30    00000038                   : BIOS.obj (.text:ti_sysbios_knl_Task_processVitalTaskFlag__I)
                  00004d68    00000038     ti.targets.arm.rtsarm.aem4f : SysMin.oem4f (.text:xdc_runtime_SysMin_putch__E)
                  00004da0    00000038                                 : System.oem4f (.text:xdc_runtime_System_atexit__E)
                  00004dd8    00000034     driverlib.lib : sysctl.obj (.text:SysCtlPeripheralEnable)
                  00004e0c    00000004     --HOLE-- [fill = 0]
                  00004e10    00000034     sysbios.aem4f : BIOS.obj (.text:ti_sysbios_family_arm_m3_Hwi_Instance_finalize__E)
                  00004e44    00000004     --HOLE-- [fill = 0]
                  00004e48    00000034                   : BIOS.obj (.text:ti_sysbios_family_arm_m3_Hwi_excNmi__I)
                  00004e7c    00000034     ti.uia.loggers.aem4f : LoggerStopMode.oem4f (.text:ti_uia_loggers_LoggerStopMode_reset__E)
                  00004eb0    00000034     ti.targets.arm.rtsarm.aem4f : Core-label.oem4f (.text:xdc_runtime_Core_assignLabel__I)
                  00004ee4    00000033                                 : Text.oem4f (.text:xdc_runtime_Text_printVisFxn__I)
                  00004f17    00000001     --HOLE-- [fill = 0]
                  00004f18    00000032     sysbios.aem4f : BIOS.obj (.text:ti_sysbios_hal_Hwi_initStack)
                  00004f4a    00000006     driverlib.lib : gpio.obj (.text:GPIOPinRead)
                  00004f50    00000032     sysbios.aem4f : BIOS.obj (.text:ti_sysbios_knl_Semaphore_pendTimeout__I)
                  00004f82    00000002     --HOLE-- [fill = 0]
                  00004f84    00000030     EK_TM4C123GXL.obj (.text:EK_TM4C123GXL_initGPIO)
                  00004fb4    00000030     empty_min_pem4f.oem4f (.text:ti_sysbios_BIOS_atExitFunc__I)
                  00004fe4    00000004     --HOLE-- [fill = 0]
                  00004fe8    00000030     sysbios.aem4f : BIOS.obj (.text:ti_sysbios_family_arm_lm4_Timer_stop__E)
                  00005018    00000030                   : BIOS.obj (.text:ti_sysbios_family_arm_m3_TaskSupport_start__E)
                  00005048    00000030     empty_min_pem4f.oem4f (.text:ti_sysbios_gates_GateHwi_Object__create__S)
                  00005078    00000030     empty_min_pem4f.oem4f (.text:ti_sysbios_gates_GateMutex_Object__create__S)
                  000050a8    00000030     sysbios.aem4f : BIOS.obj (.text:ti_sysbios_gates_GateMutex_enter__E)
                  000050d8    00000030     empty_min_pem4f.oem4f (.text:ti_sysbios_knl_Semaphore_construct)
                  00005108    00000030     sysbios.aem4f : BIOS.obj (.text:ti_sysbios_utils_Load_updateCurrentThreadTime__E)
                  00005138    00000030     empty_min_pem4f.oem4f (.text:ti_uia_loggers_LoggerStopMode_Object__create__S)
                  00005168    00000030     ti.targets.arm.rtsarm.aem4f : SysMin.oem4f (.text:xdc_runtime_SysMin_abort__E)
                  00005198    00000030                                 : System.oem4f (.text:xdc_runtime_System_processAtExit__E)
                  000051c8    0000002c     empty_min_pem4f.oem4f (.text:ti_sysbios_knl_Clock_doTick__I)
                  000051f4    0000002c     empty_min_pem4f.oem4f (.text:ti_sysbios_knl_Queue_construct)
                  00005220    0000002c     sysbios.aem4f : BIOS.obj (.text:ti_sysbios_knl_Task_restore__E)
                  0000524c    0000002c     ti.targets.arm.rtsarm.aem4f : Text.oem4f (.text:xdc_runtime_Text_cordText__E)
                  00005278    0000002a     driverlib.lib : gpio.obj (.text:GPIODirModeSet)
                  000052a2    0000002a     ti.targets.arm.rtsarm.aem4f : System.oem4f (.text:xdc_runtime_System_putchar__I)
                  000052cc    00000004     --HOLE-- [fill = 0]
                  000052d0    00000028     sysbios.aem4f : BIOS.obj (.text:ti_sysbios_knl_Clock_addI__E)
                  000052f8    00000028                   : BIOS.obj (.text:ti_sysbios_knl_Swi_Module_startup__E)
                  00005320    00000026                   : m3_Hwi_asm.obj (.text:ti_sysbios_family_arm_m3_Hwi_pendSV__I)
                  00005346    00000026     ti.targets.arm.rtsarm.aem4f : System.oem4f (.text:xdc_runtime_System_avprintf__E)
                  0000536c    00000024     empty_min_pem4f.oem4f (.text:ti_sysbios_BIOS_errorRaiseHook__I)
                  00005390    00000024     empty_min_pem4f.oem4f (.text:ti_sysbios_BIOS_registerRTSLock__I)
                  000053b4    00000024     empty_min_pem4f.oem4f (.text:ti_sysbios_BIOS_removeRTSLock__I)
                  000053d8    00000024     empty_min_pem4f.oem4f (.text:ti_sysbios_BIOS_startFunc__I)
                  000053fc    00000024     empty_min_pem4f.oem4f (.text:ti_sysbios_gates_GateMutex_Object__delete__S)
                  00005420    00000024     sysbios.aem4f : BIOS.obj (.text:ti_sysbios_knl_Clock_Module_startup__E)
                  00005444    00000004     --HOLE-- [fill = 0]
                  00005448    00000024                   : BIOS.obj (.text:ti_sysbios_knl_Semaphore_Instance_init__E)
                  0000546c    00000004     --HOLE-- [fill = 0]
                  00005470    00000024                   : BIOS.obj (.text:ti_sysbios_knl_Task_restoreHwi__E)
                  00005494    00000004     --HOLE-- [fill = 0]
                  00005498    00000024                   : BIOS.obj (.text:ti_sysbios_utils_Load_updateThreadContexts__E)
                  000054bc    00000024     ti.targets.arm.rtsarm.aem4f : System.oem4f (.text:xdc_runtime_System_vprintf__E)
                  000054e0    00000022     sysbios.aem4f : BIOS.obj (.text:ti_sysbios_family_arm_lm4_Timer_write__I)
                  00005502    00000022     empty_min_pem4f.oem4f (.text:xdc_runtime_SysMin_output__I)
                  00005524    00000020     empty_min_pem4f.oem4f (.text:ti_sysbios_BIOS_rtsLock__I)
                  00005544    00000020     sysbios.aem4f : m3_Hwi_asm.obj (.text:ti_sysbios_family_arm_m3_Hwi_excHandlerAsm__I)
                  00005564    00000004     --HOLE-- [fill = 0]
                  00005568    00000020                   : BIOS.obj (.text:ti_sysbios_family_arm_m3_Hwi_excHandler__I)
                  00005588    00000020     empty_min_pem4f.oem4f (.text:ti_sysbios_gates_GateHwi_Object__delete__S)
                  000055a8    00000020     sysbios.aem4f : BIOS.obj (.text:ti_sysbios_knl_Idle_run__E)
                  000055c8    00000020     empty_min_pem4f.oem4f (.text:ti_sysbios_knl_Semaphore_Object__destruct__S)
                  000055e8    00000020     empty_min_pem4f.oem4f (.text:ti_uia_loggers_LoggerStopMode_Object__delete__S)
                  00005608    00000020     ti.targets.arm.rtsarm.aem4f : Registry.oem4f (.text:xdc_runtime_Registry_findById__E)
                  00005628    00000020                                 : SysMin.oem4f (.text:xdc_runtime_SysMin_Module_startup__E)
                  00005648    0000001e     sysbios.aem4f : m3_Hwi_asm_switch.obj (.text:ti_sysbios_family_xxx_Hwi_switchAndRunFunc)
                  00005666    0000001c     drivers_tivaware.aem4f : GPIOTiva.oem4f (.text:getGpioIntIndex)
                  00005682    00000006     driverlib.lib : gpio.obj (.text:GPIOPinWrite)
                  00005688    0000001c     sysbios.aem4f : BIOS.obj (.text:ti_sysbios_gates_GateMutex_Instance_init__E)
                  000056a4    0000001c     empty_min_pem4f.oem4f (.text:ti_sysbios_knl_Queue_Object__destruct__S)
                  000056c0    0000001c     sysbios.aem4f : BIOS.obj (.text:ti_sysbios_knl_Queue_put__E)
                  000056dc    00000004     --HOLE-- [fill = 0]
                  000056e0    0000001c                   : BIOS.obj (.text:ti_sysbios_knl_Task_enter__I)
                  000056fc    0000001c     ti.uia.loggers.aem4f : LoggerStopMode.oem4f (.text:ti_uia_loggers_LoggerStopMode_Instance_init__E)
                  00005718    0000001c     ti.targets.arm.rtsarm.aem4f : Error.oem4f (.text:xdc_runtime_Error_raiseX__E)
                  00005734    0000001c     empty_min_pem4f.oem4f (.text:xdc_runtime_HeapStd_Object__delete__S)
                  00005750    0000001c     ti.targets.arm.rtsarm.aem4f : Memory.oem4f (.text:xdc_runtime_Memory_valloc__E)
                  0000576c    0000001c                                 : SysMin.oem4f (.text:xdc_runtime_SysMin_exit__E)
                  00005788    0000001c                                 : System.oem4f (.text:xdc_runtime_System_abort__E)
                  000057a4    0000001a     empty_min.obj (.text:main)
                  000057be    0000001a     empty_min_pem4f.oem4f (.text:ti_sysbios_family_arm_m3_Hwi_Handle__label__S)
                  000057d8    0000001a     empty_min_pem4f.oem4f (.text:ti_sysbios_gates_GateHwi_Handle__label__S)
                  000057f2    0000001a     empty_min_pem4f.oem4f (.text:ti_sysbios_gates_GateMutex_Handle__label__S)
                  0000580c    0000001a     empty_min_pem4f.oem4f (.text:ti_sysbios_knl_Swi_Handle__label__S)
                  00005826    0000001a     empty_min_pem4f.oem4f (.text:ti_sysbios_knl_Task_Handle__label__S)
                  00005840    0000001a     empty_min_pem4f.oem4f (.text:ti_uia_loggers_LoggerStopMode_Handle__label__S)
                  0000585a    0000001a     empty_min_pem4f.oem4f (.text:xdc_runtime_HeapStd_Handle__label__S)
                  00005874    0000001a     empty_min_pem4f.oem4f (.text:xdc_runtime_System_aprintf__E)
                  0000588e    0000001a     empty_min_pem4f.oem4f (.text:xdc_runtime_System_printf__E)
                  000058a8    00000018     rtsv7M4_T_le_v4SPD16_eabi.lib : args_main.obj (.text)
                  000058c0    00000018     empty_min_pem4f.oem4f (.text:ti_sysbios_BIOS_rtsUnlock__I)
                  000058d8    00000018     empty_min_pem4f.oem4f (.text:ti_sysbios_family_arm_lm4_Timer_Module__startupDone__F)
                  000058f0    00000018     empty_min_pem4f.oem4f (.text:ti_sysbios_family_arm_m3_Hwi_Module__startupDone__F)
                  00005908    00000018     sysbios.aem4f : m3_TaskSupport_asm.obj (.text:ti_sysbios_family_arm_m3_TaskSupport_swap__E)
                  00005920    00000018                   : BIOS.obj (.text:ti_sysbios_gates_GateMutex_leave__E)
                  00005938    00000018     ti.targets.arm.rtsarm.aem4f : Error.oem4f (.text:xdc_runtime_Error_check__E)
                  00005950    00000018                                 : System.oem4f (.text:xdc_runtime_System_exit__E)
                  00005968    00000018                                 : Text.oem4f (.text:xdc_runtime_Text_ropeText__E)
                  00005980    00000016     empty_min_pem4f.oem4f (.text:ti_sysbios_BIOS_exitFunc__I)
                  00005996    00000016     ti.uia.loggers.aem4f : LoggerStopMode.oem4f (.text:ti_uia_loggers_LoggerStopMode_disable__E)
                  000059ac    00000016                          : LoggerStopMode.oem4f (.text:ti_uia_loggers_LoggerStopMode_enable__E)
                  000059c2    00000002     --HOLE-- [fill = 0]
                  000059c4    00000014     rtsv7M4_T_le_v4SPD16_eabi.lib : _lock.obj (.text)
                  000059d8    00000014                                   : strcpy.obj (.text)
                  000059ec    00000014                                   : strlen.obj (.text)
                  00005a00    00000014     empty_min_pem4f.oem4f (.text:ti_sysbios_family_arm_m3_Hwi_Object__get__S)
                  00005a14    00000004     --HOLE-- [fill = 0]
                  00005a18    00000014     sysbios.aem4f : BIOS.obj (.text:ti_sysbios_family_arm_m3_Hwi_switchFromBootStack__E)
                  00005a2c    00000014     empty_min_pem4f.oem4f (.text:ti_sysbios_knl_Swi_Object__get__S)
                  00005a40    00000012     driverlib.lib : gpio.obj (.text:GPIOPinTypeGPIOInput)
                  00005a52    00000006     ti.targets.arm.rtsarm.aem4f : xdc_noinit.oem4f (.text:__xdc__init)
                  00005a58    00000012     sysbios.aem4f : BIOS.obj (.text:ti_sysbios_hal_Hwi_Module_startup__E)
                  00005a6a    00000012     empty_min_pem4f.oem4f (.text:xdc_runtime_Startup_exec__I)
                  00005a7c    00000004     --HOLE-- [fill = 0]
                  00005a80    00000010     sysbios.aem4f : BIOS.obj (.text:ti_sysbios_BIOS_getCpuFreq__E)
                  00005a90    00000010                   : BIOS.obj (.text:ti_sysbios_BIOS_setThreadType__E)
                  00005aa0    00000010                   : BIOS.obj (.text:ti_sysbios_BIOS_start__E)
                  00005ab0    00000010                   : BIOS.obj (.text:ti_sysbios_family_arm_lm4_TimestampProvider_rolloverFunc__E)
                  00005ac0    00000010                   : m3_TaskSupport_asm.obj (.text:ti_sysbios_family_arm_m3_TaskSupport_glue)
                  00005ad0    00000010                   : BIOS.obj (.text:ti_sysbios_gates_GateMutex_Instance_finalize__E)
                  00005ae0    00000010                   : BIOS.obj (.text:ti_sysbios_knl_Semaphore_Instance_finalize__E)
                  00005af0    00000010                   : BIOS.obj (.text:ti_sysbios_knl_Swi_disable__E)
                  00005b00    00000010                   : BIOS.obj (.text:ti_sysbios_knl_Task_disable__E)
                  00005b10    00000010     empty_min_pem4f.oem4f (.text:ti_uia_loggers_LoggerStopMode_Object__get__S)
                  00005b20    00000010     ti.uia.loggers.aem4f : LoggerStopMode.oem4f (.text:ti_uia_loggers_LoggerStopMode_isEmpty__E)
                  00005b30    00000010     ti.targets.arm.rtsarm.aem4f : Gate.oem4f (.text:xdc_runtime_Gate_leaveSystem__E)
                  00005b40    00000010                                 : Memory.oem4f (.text:xdc_runtime_Memory_free__E)
                  00005b50    00000010                                 : SysMin.oem4f (.text:xdc_runtime_SysMin_ready__E)
                  00005b60    00000010                                 : System.oem4f (.text:xdc_runtime_System_vsnprintf__E)
                  00005b70    00000010     empty_min_pem4f.oem4f (.text:xdc_runtime_Text_visitRope__I)
                  00005b80    0000000e     driverlib.lib : gpio.obj (.text:GPIOIntStatus)
                  00005b8e    0000000e     rtsv7M4_T_le_v4SPD16_eabi.lib : copy_decompress_none.obj (.text:decompress:none)
                  00005b9c    00000004     --HOLE-- [fill = 0]
                  00005ba0    0000000e     sysbios.aem4f : BIOS.obj (.text:ti_sysbios_knl_Queue_empty__E)
                  00005bae    0000000e     empty_min_pem4f.oem4f (.text:ti_sysbios_knl_Task_Object__get__S)
                  00005bbc    0000000e     ti.targets.arm.rtsarm.aem4f : HeapStd.oem4f (.text:xdc_runtime_HeapStd_getStats__E)
                  00005bca    00000002     --HOLE-- [fill = 0]
                  00005bcc    0000000c     empty_min_pem4f.oem4f (.text:.bootCodeSection:ti_catalog_arm_cortexm4_tiva_ce_Boot_init__I)
                  00005bd8    0000000c     rtsv7M4_T_le_v4SPD16_eabi.lib : copy_zero_init.obj (.text:decompress:ZI)
                  00005be4    00000004     --HOLE-- [fill = 0]
                  00005be8    0000000c     sysbios.aem4f : BIOS.obj (.text:ti_sysbios_family_arm_lm4_Timer_getMaxTicks__E)
                  00005bf4    00000004     --HOLE-- [fill = 0]
                  00005bf8    0000000c                   : BIOS.obj (.text:ti_sysbios_family_arm_lm4_TimestampProvider_startTimer__E)
                  00005c04    0000000c     empty_min_pem4f.oem4f (.text:ti_sysbios_family_arm_m3_Hwi_Params__init__S)
                  00005c10    0000000c     sysbios.aem4f : BIOS.obj (.text:ti_sysbios_family_arm_m3_Hwi_disableFxn__E)
                  00005c1c    00000004     --HOLE-- [fill = 0]
                  00005c20    0000000c                   : BIOS.obj (.text:ti_sysbios_gates_GateHwi_enter__E)
                  00005c2c    0000000c     empty_min_pem4f.oem4f (.text:ti_sysbios_knl_Queue_Object__get__S)
                  00005c38    0000000c     ti.targets.arm.rtsarm.aem4f : Error.oem4f (.text:xdc_runtime_Error_init__E)
                  00005c44    0000000c                                 : Gate.oem4f (.text:xdc_runtime_Gate_enterSystem__E)
                  00005c50    0000000c                                 : Memory.oem4f (.text:xdc_runtime_Memory_calloc__E)
                  00005c5c    0000000c                                 : Memory.oem4f (.text:xdc_runtime_Memory_getMaxDefaultTypeAlign__E)
                  00005c68    0000000a     empty_min_pem4f.oem4f (.text:xdc_runtime_IHeap_alloc)
                  00005c72    0000000a     empty_min_pem4f.oem4f (.text:xdc_runtime_IHeap_free)
                  00005c7c    00000008     sysbios.aem4f : BIOS.obj (.text:ti_sysbios_family_arm_lm4_Timer_masterDisable__I)
                  00005c84    00000004     --HOLE-- [fill = 0]
                  00005c88    00000008                   : BIOS.obj (.text:ti_sysbios_family_arm_m3_Hwi_doSwiRestore__I)
                  00005c90    00000008                   : BIOS.obj (.text:ti_sysbios_family_arm_m3_Hwi_startup__E)
                  00005c98    00000006     rtsv7M4_T_le_v4SPD16_eabi.lib : copy_decompress_rle.obj (.text:decompress:rle24)
                  00005c9e    00000006     Boot.aem4f : Boot_sysctl.oem4f (.text:ti_catalog_arm_cortexm4_tiva_ce_Boot_sysCtlDelayI__I)
                  00005ca4    00000004     --HOLE-- [fill = 0]
                  00005ca8    00000006     sysbios.aem4f : BIOS.obj (.text:ti_sysbios_family_arm_lm4_TimestampProvider_Module_startup__E)
                  00005cae    00000002     --HOLE-- [fill = 0]
                  00005cb0    00000006                   : BIOS.obj (.text:ti_sysbios_family_arm_m3_Hwi_doTaskRestore__I)
                  00005cb6    00000002     --HOLE-- [fill = 0]
                  00005cb8    00000006                   : BIOS.obj (.text:ti_sysbios_family_arm_m3_Hwi_restoreFxn__E)
                  00005cbe    00000002     --HOLE-- [fill = 0]
                  00005cc0    00000006                   : BIOS.obj (.text:ti_sysbios_gates_GateHwi_leave__E)
                  00005cc6    00000002     --HOLE-- [fill = 0]
                  00005cc8    00000006                   : BIOS.obj (.text:ti_sysbios_knl_Queue_Instance_init__E)
                  00005cce    00000002     --HOLE-- [fill = 0]
                  00005cd0    00000006                   : BIOS.obj (.text:ti_sysbios_knl_Swi_startup__E)
                  00005cd6    00000006     ti.targets.arm.rtsarm.aem4f : System.oem4f (.text:xdc_runtime_System_Module_startup__E)
                  00005cdc    00000004     --HOLE-- [fill = 0]
                  00005ce0    00000004     sysbios.aem4f : BIOS.obj (.text:ti_sysbios_family_arm_lm4_Timer_getPeriod__E)
                  00005ce4    00000004     --HOLE-- [fill = 0]
                  00005ce8    00000004                   : BIOS.obj (.text:ti_sysbios_gates_GateHwi_query__E)
                  00005cec    00000004     --HOLE-- [fill = 0]
                  00005cf0    00000004                   : BIOS.obj (.text:ti_sysbios_gates_GateMutex_query__E)
                  00005cf4    00000004     --HOLE-- [fill = 0]
                  00005cf8    00000004                   : BIOS.obj (.text:ti_sysbios_knl_Task_startup__E)
                  00005cfc    00000004     --HOLE-- [fill = 0]
                  00005d00    00000002                   : BIOS.obj (.text:ti_sysbios_gates_GateHwi_Instance_init__E)

.const     0    00005d04    0000234f     
                  00005d04    00001bec     empty_min_pem4f.oem4f (.const:xdc_runtime_Text_charTab__A)
                  000078f0    000000fc     empty_min_pem4f.oem4f (.const:xdc_runtime_Text_nodeTab__A)
                  000079ec    00000060     empty_min_pem4f.oem4f (.const:ti_uia_loggers_LoggerStopMode_Module__FXNS__C)
                  00007a4c    00000054     drivers_tivaware.aem4f : GPIOTiva.oem4f (.const:.string)
                  00007aa0    00000048     empty_min_pem4f.oem4f (.const:.string)
                  00007ae8    00000048     drivers_tivaware.aem4f : GPIOTiva.oem4f (.const:gpioBaseAddresses)
                  00007b30    00000030     empty_min_pem4f.oem4f (.const:ti_sysbios_family_arm_m3_Hwi_Object__PARAMS__C)
                  00007b60    00000028     empty_min_pem4f.oem4f (.const:ti_uia_loggers_LoggerStopMode_Object__PARAMS__C)
                  00007b88    00000028     empty_min_pem4f.oem4f (.const:xdc_runtime_HeapStd_Module__FXNS__C)
                  00007bb0    00000028     empty_min_pem4f.oem4f (.const:xdc_runtime_Startup_sfxnTab__A)
                  00007bd8    00000024     empty_min_pem4f.oem4f (.const:ti_sysbios_gates_GateHwi_Module__FXNS__C)
                  00007bfc    00000024     empty_min_pem4f.oem4f (.const:ti_sysbios_gates_GateMutex_Module__FXNS__C)
                  00007c20    00000024     empty_min_pem4f.oem4f (.const:ti_sysbios_knl_Semaphore_Object__PARAMS__C)
                  00007c44    00000020     empty_min_pem4f.oem4f (.const:ti_sysbios_family_arm_m3_Hwi_Object__DESC__C)
                  00007c64    00000020     empty_min_pem4f.oem4f (.const:ti_sysbios_gates_GateHwi_Object__DESC__C)
                  00007c84    00000020     empty_min_pem4f.oem4f (.const:ti_sysbios_gates_GateMutex_Object__DESC__C)
                  00007ca4    00000020     empty_min_pem4f.oem4f (.const:ti_sysbios_knl_Queue_Object__DESC__C)
                  00007cc4    00000020     empty_min_pem4f.oem4f (.const:ti_sysbios_knl_Semaphore_Object__DESC__C)
                  00007ce4    00000020     empty_min_pem4f.oem4f (.const:ti_uia_loggers_LoggerStopMode_Object__DESC__C)
                  00007d04    00000020     empty_min_pem4f.oem4f (.const:xdc_runtime_HeapStd_Object__DESC__C)
                  00007d24    0000001c     empty_min_pem4f.oem4f (.const:xdc_runtime_HeapStd_Object__PARAMS__C)
                  00007d40    00000018     empty_min_pem4f.oem4f (.const:ti_sysbios_gates_GateHwi_Object__PARAMS__C)
                  00007d58    00000018     empty_min_pem4f.oem4f (.const:ti_sysbios_gates_GateMutex_Object__PARAMS__C)
                  00007d70    00000018     empty_min_pem4f.oem4f (.const:ti_sysbios_knl_Queue_Object__PARAMS__C)
                  00007d88    00000014     EK_TM4C123GXL.obj (.const:GPIOTiva_config)
                  00007d9c    00000014     empty_min_pem4f.oem4f (.const:xdc_runtime_Startup_sfxnRts__A)
                  00007db0    00000010     empty_min_pem4f.oem4f (.const:xdc_runtime_Startup_firstFxns__A)
                  00007dc0    00000008     empty_min_pem4f.oem4f (.const:ti_sysbios_family_arm_m3_Hwi_excHookFuncs__A)
                  00007dc8    00000008     empty_min_pem4f.oem4f (.const:ti_sysbios_knl_Idle_funcList__C)
                  00007dd0    00000008     empty_min_pem4f.oem4f (.const:xdc_runtime_Startup_firstFxns__C)
                  00007dd8    00000008     empty_min_pem4f.oem4f (.const:xdc_runtime_Startup_lastFxns__C)
                  00007de0    00000004     empty_min_pem4f.oem4f (.const:ti_catalog_arm_cortexm4_tiva_ce_Boot_A_mustUseEnhancedClockMode__C)
                  00007de4    00000004     empty_min_pem4f.oem4f (.const:ti_catalog_arm_cortexm4_tiva_ce_Boot_Module__diagsEnabled__C)
                  00007de8    00000004     empty_min_pem4f.oem4f (.const:ti_catalog_arm_cortexm4_tiva_ce_Boot_Module__diagsIncluded__C)
                  00007dec    00000004     empty_min_pem4f.oem4f (.const:ti_catalog_arm_cortexm4_tiva_ce_Boot_Module__diagsMask__C)
                  00007df0    00000004     empty_min_pem4f.oem4f (.const:ti_sysbios_family_arm_lm4_Timer_enableFunc__C)
                  00007df4    00000004     empty_min_pem4f.oem4f (.const:ti_sysbios_family_arm_lm4_Timer_numTimerDevices__C)
                  00007df8    00000004     empty_min_pem4f.oem4f (.const:ti_sysbios_family_arm_lm4_Timer_startupNeeded__C)
                  00007dfc    00000004     empty_min_pem4f.oem4f (.const:ti_sysbios_family_arm_m3_Hwi_E_NMI__C)
                  00007e00    00000004     empty_min_pem4f.oem4f (.const:ti_sysbios_family_arm_m3_Hwi_E_alreadyDefined__C)
                  00007e04    00000004     empty_min_pem4f.oem4f (.const:ti_sysbios_family_arm_m3_Hwi_E_busFault__C)
                  00007e08    00000004     empty_min_pem4f.oem4f (.const:ti_sysbios_family_arm_m3_Hwi_E_debugMon__C)
                  00007e0c    00000004     empty_min_pem4f.oem4f (.const:ti_sysbios_family_arm_m3_Hwi_E_hardFault__C)
                  00007e10    00000004     empty_min_pem4f.oem4f (.const:ti_sysbios_family_arm_m3_Hwi_E_memFault__C)
                  00007e14    00000004     empty_min_pem4f.oem4f (.const:ti_sysbios_family_arm_m3_Hwi_E_noIsr__C)
                  00007e18    00000004     empty_min_pem4f.oem4f (.const:ti_sysbios_family_arm_m3_Hwi_E_reserved__C)
                  00007e1c    00000004     empty_min_pem4f.oem4f (.const:ti_sysbios_family_arm_m3_Hwi_E_svCall__C)
                  00007e20    00000004     empty_min_pem4f.oem4f (.const:ti_sysbios_family_arm_m3_Hwi_E_usageFault__C)
                  00007e24    00000004     empty_min_pem4f.oem4f (.const:ti_sysbios_family_arm_m3_Hwi_LD_end__C)
                  00007e28    00000004     empty_min_pem4f.oem4f (.const:ti_sysbios_family_arm_m3_Hwi_LM_begin__C)
                  00007e2c    00000004     empty_min_pem4f.oem4f (.const:ti_sysbios_family_arm_m3_Hwi_Module__diagsEnabled__C)
                  00007e30    00000004     empty_min_pem4f.oem4f (.const:ti_sysbios_family_arm_m3_Hwi_Module__diagsIncluded__C)
                  00007e34    00000004     empty_min_pem4f.oem4f (.const:ti_sysbios_family_arm_m3_Hwi_Module__diagsMask__C)
                  00007e38    00000004     empty_min_pem4f.oem4f (.const:ti_sysbios_family_arm_m3_Hwi_Module__loggerFxn1__C)
                  00007e3c    00000004     empty_min_pem4f.oem4f (.const:ti_sysbios_family_arm_m3_Hwi_Module__loggerFxn8__C)
                  00007e40    00000004     empty_min_pem4f.oem4f (.const:ti_sysbios_family_arm_m3_Hwi_Module__loggerObj__C)
                  00007e44    00000004     empty_min_pem4f.oem4f (.const:ti_sysbios_family_arm_m3_Hwi_NUM_INTERRUPTS__C)
                  00007e48    00000004     empty_min_pem4f.oem4f (.const:ti_sysbios_family_arm_m3_Hwi_Object__count__C)
                  00007e4c    00000004     empty_min_pem4f.oem4f (.const:ti_sysbios_family_arm_m3_Hwi_ccr__C)
                  00007e50    00000004     empty_min_pem4f.oem4f (.const:ti_sysbios_family_arm_m3_Hwi_excHandlerFunc__C)
                  00007e54    00000004     empty_min_pem4f.oem4f (.const:ti_sysbios_family_arm_m3_Hwi_excHookFuncs__C)
                  00007e58    00000004     empty_min_pem4f.oem4f (.const:ti_sysbios_family_arm_m3_Hwi_nullIsrFunc__C)
                  00007e5c    00000004     empty_min_pem4f.oem4f (.const:ti_sysbios_family_arm_m3_Hwi_priGroup__C)
                  00007e60    00000004     empty_min_pem4f.oem4f (.const:ti_sysbios_gates_GateMutex_Instance_State_sem__O)
                  00007e64    00000004     empty_min_pem4f.oem4f (.const:ti_sysbios_knl_Clock_LM_begin__C)
                  00007e68    00000004     empty_min_pem4f.oem4f (.const:ti_sysbios_knl_Clock_LM_tick__C)
                  00007e6c    00000004     empty_min_pem4f.oem4f (.const:ti_sysbios_knl_Clock_LW_delayed__C)
                  00007e70    00000004     empty_min_pem4f.oem4f (.const:ti_sysbios_knl_Clock_Module_State_clockQ__O)
                  00007e74    00000004     empty_min_pem4f.oem4f (.const:ti_sysbios_knl_Clock_Module__diagsEnabled__C)
                  00007e78    00000004     empty_min_pem4f.oem4f (.const:ti_sysbios_knl_Clock_Module__diagsIncluded__C)
                  00007e7c    00000004     empty_min_pem4f.oem4f (.const:ti_sysbios_knl_Clock_Module__diagsMask__C)
                  00007e80    00000004     empty_min_pem4f.oem4f (.const:ti_sysbios_knl_Clock_Module__loggerFxn1__C)
                  00007e84    00000004     empty_min_pem4f.oem4f (.const:ti_sysbios_knl_Clock_Module__loggerFxn2__C)
                  00007e88    00000004     empty_min_pem4f.oem4f (.const:ti_sysbios_knl_Clock_Module__loggerObj__C)
                  00007e8c    00000004     empty_min_pem4f.oem4f (.const:ti_sysbios_knl_Idle_funcList__A)
                  00007e90    00000004     empty_min_pem4f.oem4f (.const:ti_sysbios_knl_Semaphore_Instance_State_pendQ__O)
                  00007e94    00000004     empty_min_pem4f.oem4f (.const:ti_sysbios_knl_Semaphore_LM_pend__C)
                  00007e98    00000004     empty_min_pem4f.oem4f (.const:ti_sysbios_knl_Semaphore_LM_post__C)
                  00007e9c    00000004     empty_min_pem4f.oem4f (.const:ti_sysbios_knl_Semaphore_Module__diagsEnabled__C)
                  00007ea0    00000004     empty_min_pem4f.oem4f (.const:ti_sysbios_knl_Semaphore_Module__diagsIncluded__C)
                  00007ea4    00000004     empty_min_pem4f.oem4f (.const:ti_sysbios_knl_Semaphore_Module__diagsMask__C)
                  00007ea8    00000004     empty_min_pem4f.oem4f (.const:ti_sysbios_knl_Semaphore_Module__loggerFxn2__C)
                  00007eac    00000004     empty_min_pem4f.oem4f (.const:ti_sysbios_knl_Semaphore_Module__loggerFxn4__C)
                  00007eb0    00000004     empty_min_pem4f.oem4f (.const:ti_sysbios_knl_Semaphore_Module__loggerObj__C)
                  00007eb4    00000004     empty_min_pem4f.oem4f (.const:ti_sysbios_knl_Swi_LD_end__C)
                  00007eb8    00000004     empty_min_pem4f.oem4f (.const:ti_sysbios_knl_Swi_LM_begin__C)
                  00007ebc    00000004     empty_min_pem4f.oem4f (.const:ti_sysbios_knl_Swi_LM_post__C)
                  00007ec0    00000004     empty_min_pem4f.oem4f (.const:ti_sysbios_knl_Swi_Module__diagsEnabled__C)
                  00007ec4    00000004     empty_min_pem4f.oem4f (.const:ti_sysbios_knl_Swi_Module__diagsIncluded__C)
                  00007ec8    00000004     empty_min_pem4f.oem4f (.const:ti_sysbios_knl_Swi_Module__diagsMask__C)
                  00007ecc    00000004     empty_min_pem4f.oem4f (.const:ti_sysbios_knl_Swi_Module__loggerFxn1__C)
                  00007ed0    00000004     empty_min_pem4f.oem4f (.const:ti_sysbios_knl_Swi_Module__loggerFxn4__C)
                  00007ed4    00000004     empty_min_pem4f.oem4f (.const:ti_sysbios_knl_Swi_Module__loggerObj__C)
                  00007ed8    00000004     empty_min_pem4f.oem4f (.const:ti_sysbios_knl_Swi_Object__count__C)
                  00007edc    00000004     empty_min_pem4f.oem4f (.const:ti_sysbios_knl_Task_LD_block__C)
                  00007ee0    00000004     empty_min_pem4f.oem4f (.const:ti_sysbios_knl_Task_LD_exit__C)
                  00007ee4    00000004     empty_min_pem4f.oem4f (.const:ti_sysbios_knl_Task_LD_ready__C)
                  00007ee8    00000004     empty_min_pem4f.oem4f (.const:ti_sysbios_knl_Task_LM_switch__C)
                  00007eec    00000004     empty_min_pem4f.oem4f (.const:ti_sysbios_knl_Task_Module_State_inactiveQ__O)
                  00007ef0    00000004     empty_min_pem4f.oem4f (.const:ti_sysbios_knl_Task_Module__diagsEnabled__C)
                  00007ef4    00000004     empty_min_pem4f.oem4f (.const:ti_sysbios_knl_Task_Module__diagsIncluded__C)
                  00007ef8    00000004     empty_min_pem4f.oem4f (.const:ti_sysbios_knl_Task_Module__diagsMask__C)
                  00007efc    00000004     empty_min_pem4f.oem4f (.const:ti_sysbios_knl_Task_Module__loggerFxn2__C)
                  00007f00    00000004     empty_min_pem4f.oem4f (.const:ti_sysbios_knl_Task_Module__loggerFxn4__C)
                  00007f04    00000004     empty_min_pem4f.oem4f (.const:ti_sysbios_knl_Task_Module__loggerObj__C)
                  00007f08    00000004     empty_min_pem4f.oem4f (.const:ti_sysbios_knl_Task_Object__count__C)
                  00007f0c    00000004     empty_min_pem4f.oem4f (.const:ti_sysbios_knl_Task_allBlockedFunc__C)
                  00007f10    00000004     empty_min_pem4f.oem4f (.const:ti_sysbios_knl_Task_numConstructedTasks__C)
                  00007f14    00000004     empty_min_pem4f.oem4f (.const:ti_sysbios_utils_Load_LS_cpuLoad__C)
                  00007f18    00000004     empty_min_pem4f.oem4f (.const:ti_sysbios_utils_Load_Module__diagsEnabled__C)
                  00007f1c    00000004     empty_min_pem4f.oem4f (.const:ti_sysbios_utils_Load_Module__diagsIncluded__C)
                  00007f20    00000004     empty_min_pem4f.oem4f (.const:ti_sysbios_utils_Load_Module__diagsMask__C)
                  00007f24    00000004     empty_min_pem4f.oem4f (.const:ti_sysbios_utils_Load_Module__loggerFxn1__C)
                  00007f28    00000004     empty_min_pem4f.oem4f (.const:ti_sysbios_utils_Load_Module__loggerObj__C)
                  00007f2c    00000004     empty_min_pem4f.oem4f (.const:ti_sysbios_utils_Load_postUpdate__C)
                  00007f30    00000004     empty_min_pem4f.oem4f (.const:ti_sysbios_utils_Load_windowInMs__C)
                  00007f34    00000004     empty_min_pem4f.oem4f (.const:ti_uia_loggers_LoggerStopMode_Module__diagsEnabled__C)
                  00007f38    00000004     empty_min_pem4f.oem4f (.const:ti_uia_loggers_LoggerStopMode_Module__diagsIncluded__C)
                  00007f3c    00000004     empty_min_pem4f.oem4f (.const:ti_uia_loggers_LoggerStopMode_Module__diagsMask__C)
                  00007f40    00000004     empty_min_pem4f.oem4f (.const:ti_uia_loggers_LoggerStopMode_Object__count__C)
                  00007f44    00000004     empty_min_pem4f.oem4f (.const:ti_uia_runtime_ILoggerSnapshot_Interface__BASE__C)
                  00007f48    00000004     empty_min_pem4f.oem4f (.const:ti_uia_runtime_IUIATransfer_Interface__BASE__C)
                  00007f4c    00000004     empty_min_pem4f.oem4f (.const:xdc_runtime_Assert_E_assertFailed__C)
                  00007f50    00000004     empty_min_pem4f.oem4f (.const:xdc_runtime_Core_A_initializedParams__C)
                  00007f54    00000004     empty_min_pem4f.oem4f (.const:xdc_runtime_Core_Module__diagsEnabled__C)
                  00007f58    00000004     empty_min_pem4f.oem4f (.const:xdc_runtime_Core_Module__diagsIncluded__C)
                  00007f5c    00000004     empty_min_pem4f.oem4f (.const:xdc_runtime_Core_Module__diagsMask__C)
                  00007f60    00000004     empty_min_pem4f.oem4f (.const:xdc_runtime_Error_E_memory__C)
                  00007f64    00000004     empty_min_pem4f.oem4f (.const:xdc_runtime_Error_Module__diagsEnabled__C)
                  00007f68    00000004     empty_min_pem4f.oem4f (.const:xdc_runtime_Error_Module__diagsIncluded__C)
                  00007f6c    00000004     empty_min_pem4f.oem4f (.const:xdc_runtime_Error_Module__diagsMask__C)
                  00007f70    00000004     empty_min_pem4f.oem4f (.const:xdc_runtime_Error_Module__loggerFxn8__C)
                  00007f74    00000004     empty_min_pem4f.oem4f (.const:xdc_runtime_Error_Module__loggerObj__C)
                  00007f78    00000004     empty_min_pem4f.oem4f (.const:xdc_runtime_Error_policyFxn__C)
                  00007f7c    00000004     empty_min_pem4f.oem4f (.const:xdc_runtime_Error_raiseHook__C)
                  00007f80    00000004     empty_min_pem4f.oem4f (.const:xdc_runtime_HeapStd_A_align__C)
                  00007f84    00000004     empty_min_pem4f.oem4f (.const:xdc_runtime_HeapStd_A_invalidTotalFreeSize__C)
                  00007f88    00000004     empty_min_pem4f.oem4f (.const:xdc_runtime_HeapStd_A_zeroSize__C)
                  00007f8c    00000004     empty_min_pem4f.oem4f (.const:xdc_runtime_HeapStd_E_noRTSMemory__C)
                  00007f90    00000004     empty_min_pem4f.oem4f (.const:xdc_runtime_HeapStd_Module__diagsEnabled__C)
                  00007f94    00000004     empty_min_pem4f.oem4f (.const:xdc_runtime_HeapStd_Module__diagsIncluded__C)
                  00007f98    00000004     empty_min_pem4f.oem4f (.const:xdc_runtime_HeapStd_Module__diagsMask__C)
                  00007f9c    00000004     empty_min_pem4f.oem4f (.const:xdc_runtime_IFilterLogger_Interface__BASE__C)
                  00007fa0    00000004     empty_min_pem4f.oem4f (.const:xdc_runtime_IGateProvider_Interface__BASE__C)
                  00007fa4    00000004     empty_min_pem4f.oem4f (.const:xdc_runtime_IHeap_Interface__BASE__C)
                  00007fa8    00000004     empty_min_pem4f.oem4f (.const:xdc_runtime_ILogger_Interface__BASE__C)
                  00007fac    00000004     empty_min_pem4f.oem4f (.const:xdc_runtime_IModule_Interface__BASE__C)
                  00007fb0    00000004     empty_min_pem4f.oem4f (.const:xdc_runtime_Log_L_error__C)
                  00007fb4    00000004     empty_min_pem4f.oem4f (.const:xdc_runtime_Log_L_info__C)
                  00007fb8    00000004     empty_min_pem4f.oem4f (.const:xdc_runtime_Main_Module__diagsEnabled__C)
                  00007fbc    00000004     empty_min_pem4f.oem4f (.const:xdc_runtime_Main_Module__diagsIncluded__C)
                  00007fc0    00000004     empty_min_pem4f.oem4f (.const:xdc_runtime_Main_Module__diagsMask__C)
                  00007fc4    00000004     empty_min_pem4f.oem4f (.const:xdc_runtime_Main_Module__loggerFxn4__C)
                  00007fc8    00000004     empty_min_pem4f.oem4f (.const:xdc_runtime_Main_Module__loggerObj__C)
                  00007fcc    00000004     empty_min_pem4f.oem4f (.const:xdc_runtime_Memory_defaultHeapInstance__C)
                  00007fd0    00000004     empty_min_pem4f.oem4f (.const:xdc_runtime_Startup_execImpl__C)
                  00007fd4    00000004     empty_min_pem4f.oem4f (.const:xdc_runtime_Startup_lastFxns__A)
                  00007fd8    00000004     empty_min_pem4f.oem4f (.const:xdc_runtime_Startup_maxPasses__C)
                  00007fdc    00000004     empty_min_pem4f.oem4f (.const:xdc_runtime_Startup_sfxnRts__C)
                  00007fe0    00000004     empty_min_pem4f.oem4f (.const:xdc_runtime_Startup_sfxnTab__C)
                  00007fe4    00000004     empty_min_pem4f.oem4f (.const:xdc_runtime_SysMin_bufSize__C)
                  00007fe8    00000004     empty_min_pem4f.oem4f (.const:xdc_runtime_SysMin_outputFunc__C)
                  00007fec    00000004     empty_min_pem4f.oem4f (.const:xdc_runtime_System_Module__gateObj__C)
                  00007ff0    00000004     empty_min_pem4f.oem4f (.const:xdc_runtime_System_abortFxn__C)
                  00007ff4    00000004     empty_min_pem4f.oem4f (.const:xdc_runtime_System_exitFxn__C)
                  00007ff8    00000004     empty_min_pem4f.oem4f (.const:xdc_runtime_System_extendFxn__C)
                  00007ffc    00000004     empty_min_pem4f.oem4f (.const:xdc_runtime_System_maxAtexitHandlers__C)
                  00008000    00000004     empty_min_pem4f.oem4f (.const:xdc_runtime_Text_charTab__C)
                  00008004    00000004     empty_min_pem4f.oem4f (.const:xdc_runtime_Text_nameEmpty__C)
                  00008008    00000004     empty_min_pem4f.oem4f (.const:xdc_runtime_Text_nameStatic__C)
                  0000800c    00000004     empty_min_pem4f.oem4f (.const:xdc_runtime_Text_nameUnknown__C)
                  00008010    00000004     empty_min_pem4f.oem4f (.const:xdc_runtime_Text_nodeTab__C)
                  00008014    00000004     empty_min_pem4f.oem4f (.const:xdc_runtime_Text_visitRopeFxn__C)
                  00008018    00000002     empty_min_pem4f.oem4f (.const:ti_catalog_arm_cortexm4_tiva_ce_Boot_Module__id__C)
                  0000801a    00000002     empty_min_pem4f.oem4f (.const:ti_sysbios_family_arm_lm4_TimestampProvider_useClockTimer__C)
                  0000801c    00000002     empty_min_pem4f.oem4f (.const:ti_sysbios_family_arm_m3_Hwi_Module__id__C)
                  0000801e    00000002     empty_min_pem4f.oem4f (.const:ti_sysbios_family_arm_m3_Hwi_Module__loggerDefined__C)
                  00008020    00000002     empty_min_pem4f.oem4f (.const:ti_sysbios_knl_Clock_Module__id__C)
                  00008022    00000002     empty_min_pem4f.oem4f (.const:ti_sysbios_knl_Clock_Module__loggerDefined__C)
                  00008024    00000002     empty_min_pem4f.oem4f (.const:ti_sysbios_knl_Semaphore_Module__id__C)
                  00008026    00000002     empty_min_pem4f.oem4f (.const:ti_sysbios_knl_Semaphore_Module__loggerDefined__C)
                  00008028    00000002     empty_min_pem4f.oem4f (.const:ti_sysbios_knl_Swi_Module__id__C)
                  0000802a    00000002     empty_min_pem4f.oem4f (.const:ti_sysbios_knl_Swi_Module__loggerDefined__C)
                  0000802c    00000002     empty_min_pem4f.oem4f (.const:ti_sysbios_knl_Task_Module__id__C)
                  0000802e    00000002     empty_min_pem4f.oem4f (.const:ti_sysbios_knl_Task_Module__loggerDefined__C)
                  00008030    00000002     empty_min_pem4f.oem4f (.const:ti_sysbios_utils_Load_Module__id__C)
                  00008032    00000002     empty_min_pem4f.oem4f (.const:ti_sysbios_utils_Load_Module__loggerDefined__C)
                  00008034    00000002     empty_min_pem4f.oem4f (.const:ti_sysbios_utils_Load_updateInIdle__C)
                  00008036    00000002     empty_min_pem4f.oem4f (.const:ti_uia_loggers_LoggerStopMode_Module__id__C)
                  00008038    00000002     empty_min_pem4f.oem4f (.const:ti_uia_loggers_LoggerStopMode_isTimestampEnabled__C)
                  0000803a    00000002     empty_min_pem4f.oem4f (.const:xdc_runtime_Core_Module__id__C)
                  0000803c    00000002     empty_min_pem4f.oem4f (.const:xdc_runtime_Error_Module__loggerDefined__C)
                  0000803e    00000002     empty_min_pem4f.oem4f (.const:xdc_runtime_Error_maxDepth__C)
                  00008040    00000002     empty_min_pem4f.oem4f (.const:xdc_runtime_HeapStd_Module__id__C)
                  00008042    00000002     empty_min_pem4f.oem4f (.const:xdc_runtime_Main_Module__id__C)
                  00008044    00000002     empty_min_pem4f.oem4f (.const:xdc_runtime_Main_Module__loggerDefined__C)
                  00008046    00000002     empty_min_pem4f.oem4f (.const:xdc_runtime_Memory_Module__id__C)
                  00008048    00000002     empty_min_pem4f.oem4f (.const:xdc_runtime_SysMin_flushAtExit__C)
                  0000804a    00000002     empty_min_pem4f.oem4f (.const:xdc_runtime_Text_charCnt__C)
                  0000804c    00000002     empty_min_pem4f.oem4f (.const:xdc_runtime_Text_isLoaded__C)
                  0000804e    00000002     empty_min_pem4f.oem4f (.const:xdc_runtime_Text_registryModsLastId__C)
                  00008050    00000002     empty_min_pem4f.oem4f (.const:xdc_runtime_Text_unnamedModsLastId__C)
                  00008052    00000001     empty_min_pem4f.oem4f (.const:xdc_runtime_Error_policy__C)

.cinit     0    00008058    00000428     
                  00008058    000003f4     (.cinit..data.load) [load image, compression = rle]
                  0000844c    0000000c     (__TI_handler_table)
                  00008458    00000008     (.cinit..bss.load) [load image, compression = zero_init]
                  00008460    00000008     (.cinit..vecs.load) [load image, compression = zero_init]
                  00008468    00000018     (__TI_cinit_table)

.init_array 
*          0    00000000    00000000     UNINITIALIZED

.resetVecs 
*          0    00000000    0000003c     
                  00000000    0000003c     empty_min_pem4f.oem4f (.resetVecs)

.vecs      0    20000000    00000360     UNINITIALIZED
                  20000000    00000360     empty_min_pem4f.oem4f (.vecs)

.bss       0    20000380    00001130     UNINITIALIZED
                  20000380    00000400     empty_min_pem4f.oem4f (.bss:ti_uia_loggers_LoggerStopMode_Instance_State_1_packetArray__A)
                  20000780    00000400     empty_min_pem4f.oem4f (.bss:ti_uia_loggers_LoggerStopMode_Instance_State_2_packetArray__A)
                  20000b80    00000360     empty_min_pem4f.oem4f (.bss:ti_sysbios_family_arm_m3_Hwi_dispatchTable)
                  20000ee0    00000008     (.common:parmbuf)
                  20000ee8    00000004     (.common:gpioInterruptVectors)
                  20000eec    00000004     (.common:ui32_t0$1)
                  20000ef0    00000004     (.common:ui32_t1$2)
                  20000ef4    00000004     (.common:ui32_t2$3)
                  20000ef8    00000004     (.common:ui32delta$6)
                  20000efc    00000004     (.common:ui32start$4)
                  20000f00    00000200     empty_min_pem4f.oem4f (.bss:ti_uia_loggers_LoggerStopMode_Instance_State_0_packetArray__A)
                  20001100    00000120     rtsv7M4_T_le_v4SPD16_eabi.lib : trgmsg.obj (.bss:__CIOBUF_)
                  20001220    00000090     drivers_tivaware.aem4f : GPIOTiva.oem4f (.bss:gpioCallbackInfo)
                  200012b0    00000080     empty_min_pem4f.oem4f (.bss:xdc_runtime_SysMin_Module_State_0_outbuf__A)
                  20001330    00000004     (.common:ui32stop$5)
                  20001334    0000004c     --HOLE--
                  20001380    00000030     empty_min_pem4f.oem4f (.bss:ti_uia_loggers_LoggerStopMode_Instance_State_0_hdr__A)
                  200013b0    00000050     --HOLE--
                  20001400    00000030     empty_min_pem4f.oem4f (.bss:ti_uia_loggers_LoggerStopMode_Instance_State_1_hdr__A)
                  20001430    00000050     --HOLE--
                  20001480    00000030     empty_min_pem4f.oem4f (.bss:ti_uia_loggers_LoggerStopMode_Instance_State_2_hdr__A)

.data      0    200014b0    000005e8     UNINITIALIZED
                  200014b0    00000198     empty_min_pem4f.oem4f (.data)
                  20001648    0000009c     empty_min_pem4f.oem4f (.data:ti_uia_loggers_LoggerStopMode_Object__table__V)
                  200016e4    00000098     empty_min_pem4f.oem4f (.data:ti_sysbios_utils_Load_Module__state__V)
                  2000177c    00000080     empty_min_pem4f.oem4f (.data:ti_sysbios_family_arm_lm4_Timer_Object__table__V)
                  200017fc    00000080     empty_min_pem4f.oem4f (.data:ti_sysbios_knl_Swi_Module_State_0_readyQ__A)
                  2000187c    00000080     empty_min_pem4f.oem4f (.data:ti_sysbios_knl_Task_Module_State_0_readyQ__A)
                  200018fc    00000044     empty_min_pem4f.oem4f (.data:ti_sysbios_knl_Task_Module__state__V)
                  20001940    00000034     empty_min_pem4f.oem4f (.data:ti_sysbios_family_arm_m3_Hwi_Module__state__V)
                  20001974    00000030     empty_min_pem4f.oem4f (.data:ti_sysbios_family_arm_lm4_Timer_Module_State_0_device__A)
                  200019a4    00000030     empty_min_pem4f.oem4f (.data:ti_sysbios_family_arm_m3_Hwi_Object__table__V)
                  200019d4    00000030     empty_min_pem4f.oem4f (.data:ti_sysbios_knl_Swi_Object__table__V)
                  20001a04    0000002c     empty_min_pem4f.oem4f (.data:ti_sysbios_knl_Clock_Module__state__V)
                  20001a30    00000024     empty_min_pem4f.oem4f (.data:ti_sysbios_BIOS_Module__state__V)
                  20001a54    00000020     EK_TM4C123GXL.obj (.data)
                  20001a74    00000008     rtsv7M4_T_le_v4SPD16_eabi.lib : _lock.obj (.data)
                  20001a7c    00000008                                   : exit.obj (.data)
                  20001a84    00000008     ti.uia.runtime.aem4f : QueueDescriptor.oem4f (.data)
                  20001a8c    00000005     drivers_tivaware.aem4f : GPIOTiva.oem4f (.data)
                  20001a91    00000001     --HOLE--
                  20001a92    00000002     empty_min.obj (.data)
                  20001a94    00000004     rtsv7M4_T_le_v4SPD16_eabi.lib : stkdepth_vars.obj (.data)

.stack     0    20001a98    00000400     UNINITIALIZED
                  20001a98    00000400     --HOLE--

.bootVecs 
*          0    00000000    00000008     DSECT
                  00000000    00000008     boot.aem4f : boot.oem4f (.bootVecs)

xdc.meta   0    00000000    000000e5     COPY SECTION
                  00000000    000000e5     empty_min_pem4f.oem4f (xdc.meta)

.TI.noinit 
*          0    20000380    00000000     UNINITIALIZED

.TI.persistent 
*          0    200014b0    00000000     UNINITIALIZED


LINKER GENERATED COPY TABLES

__TI_cinit_table @ 00008468 records: 3, size/record: 8, table size: 24
	.data: load addr=00008058, load size=000003f4 bytes, run addr=200014b0, run size=000005e8 bytes, compression=rle
	.bss: load addr=00008458, load size=00000008 bytes, run addr=20000380, run size=00001130 bytes, compression=zero_init
	.vecs: load addr=00008460, load size=00000008 bytes, run addr=20000000, run size=00000360 bytes, compression=zero_init


LINKER GENERATED HANDLER TABLE

__TI_handler_table @ 0000844c records: 3, size/record: 4, table size: 12
	index: 0, handler: __TI_decompress_rle24
	index: 1, handler: __TI_decompress_none
	index: 2, handler: __TI_zero_init


GLOBAL SYMBOLS: SORTED ALPHABETICALLY BY Name 

address   name                                                              
-------   ----                                                              
00000a91  BLUE_Toggle                                                       
000049d1  C$$EXIT                                                           
00003e7f  C$$IO$$                                                           
00004f85  EK_TM4C123GXL_initGPIO                                            
00004bb5  EK_TM4C123GXL_initGeneral                                         
00005279  GPIODirModeSet                                                    
00003c9b  GPIOIntClear                                                      
00005b81  GPIOIntStatus                                                     
000043f9  GPIOIntTypeSet                                                    
00001aa5  GPIOPadConfigSet                                                  
00004f4b  GPIOPinRead                                                       
00005a41  GPIOPinTypeGPIOInput                                              
00005683  GPIOPinWrite                                                      
00007d88  GPIOTiva_config                                                   
00003f85  GPIO_hwiIntFxn                                                    
00003919  GPIO_init                                                         
00004551  GPIO_setCallback                                                  
00001319  GPIO_setConfig                                                    
000045a1  GPIO_toggle                                                       
000045f1  GPIO_write                                                        
00000a49  HOSTclock                                                         
00000a11  HOSTclose                                                         
000009d3  HOSTgetenv                                                        
00000977  HOSTlseek                                                         
00000925  HOSTopen                                                          
000008d9  HOSTread                                                          
0000087b  HOSTrename                                                        
00000841  HOSTtime                                                          
00000809  HOSTunlink                                                        
000007bd  HOSTwrite                                                         
UNDEFED   SHT$$INIT_ARRAY$$Base                                             
UNDEFED   SHT$$INIT_ARRAY$$Limit                                            
00004dd9  SysCtlPeripheralEnable                                            
00000000  __ASM__                                                           
20001100  __CIOBUF_                                                         
00000063  __ISA__                                                           
00000076  __PLAT__                                                          
20001e98  __STACK_END                                                       
00000400  __STACK_SIZE                                                      
00000097  __TARG__                                                          
00008468  __TI_CINIT_Base                                                   
00008480  __TI_CINIT_Limit                                                  
0000844c  __TI_Handler_Table_Base                                           
00008458  __TI_Handler_Table_Limit                                          
00003281  __TI_auto_init                                                    
20001a7c  __TI_cleanup_ptr                                                  
00005b8f  __TI_decompress_none                                              
00005c99  __TI_decompress_rle24                                             
20001a80  __TI_dtors_ptr                                                    
00003e83  __TI_readmsg                                                      
00008058  __TI_static_base__                                                
00003e51  __TI_writemsg                                                     
00005bd9  __TI_zero_init                                                    
000000bd  __TRDR__                                                          
00003bb7  __aeabi_idiv0                                                     
00003b3d  __aeabi_memclr                                                    
00003b3d  __aeabi_memclr4                                                   
00003b3d  __aeabi_memclr8                                                   
000033c1  __aeabi_memcpy                                                    
000033c1  __aeabi_memcpy4                                                   
000033c1  __aeabi_memcpy8                                                   
00003b3f  __aeabi_memset                                                    
00003b3f  __aeabi_memset4                                                   
00003b3f  __aeabi_memset8                                                   
00004bf5  __aeabi_uidiv                                                     
00004bf5  __aeabi_uidivmod                                                  
ffffffff  __binit__                                                         
ffffffff  __c_args__                                                        
20001a98  __stack                                                           
00005a53  __xdc__init                                                       
20001644  __xdc__init__addr                                                 
000058a9  _args_main                                                        
000042f1  _c_int00                                                          
20001a74  _lock                                                             
000059d3  _nop                                                              
000059cb  _register_lock                                                    
000059c5  _register_unlock                                                  
20001a78  _unlock                                                           
000049d5  abort                                                             
ffffffff  binit                                                             
00004731  copy_in                                                           
000049dd  exit                                                              
00000cd5  ff_memalloc                                                       
00003597  ff_memfree                                                        
00003597  free                                                              
20001a6c  gpioCallbackFunctions                                             
20001a58  gpioPinConfigs                                                    
000057a5  main                                                              
20001a94  main_func_sp                                                      
00000cd5  malloc                                                            
00003597  mem_Free                                                          
000033c1  memcpy                                                            
00003b45  memset                                                            
00005b01  osi_TaskDisable                                                   
00005aa1  osi_start                                                         
000059d9  strcpy                                                            
000059ed  strlen                                                            
00007de0  ti_catalog_arm_cortexm4_tiva_ce_Boot_A_mustUseEnhancedClockMode__C
00007de4  ti_catalog_arm_cortexm4_tiva_ce_Boot_Module__diagsEnabled__C      
00007de8  ti_catalog_arm_cortexm4_tiva_ce_Boot_Module__diagsIncluded__C     
00007dec  ti_catalog_arm_cortexm4_tiva_ce_Boot_Module__diagsMask__C         
00008018  ti_catalog_arm_cortexm4_tiva_ce_Boot_Module__id__C                
00005bcd  ti_catalog_arm_cortexm4_tiva_ce_Boot_init__I                      
00002139  ti_catalog_arm_cortexm4_tiva_ce_Boot_sysCtlClockSetI__I           
00003599  ti_catalog_arm_cortexm4_tiva_ce_Boot_sysCtlClockSet__E            
00005c9f  ti_catalog_arm_cortexm4_tiva_ce_Boot_sysCtlDelayI__I              
20001a30  ti_sysbios_BIOS_Module__state__V                                  
000057f3  ti_sysbios_BIOS_RtsGateProxy_Handle__label__S                     
000053fd  ti_sysbios_BIOS_RtsGateProxy_Object__delete__S                    
00000ed5  ti_sysbios_BIOS_RtsGateProxy_enter__E                             
0000104d  ti_sysbios_BIOS_RtsGateProxy_leave__E                             
00005cf1  ti_sysbios_BIOS_RtsGateProxy_query__E                             
00004fb5  ti_sysbios_BIOS_atExitFunc__I                                     
0000536d  ti_sysbios_BIOS_errorRaiseHook__I                                 
00005981  ti_sysbios_BIOS_exitFunc__I                                       
00005a81  ti_sysbios_BIOS_getCpuFreq__E                                     
00003e4f  ti_sysbios_BIOS_nullFunc__I                                       
00005391  ti_sysbios_BIOS_registerRTSLock__I                                
000053b5  ti_sysbios_BIOS_removeRTSLock__I                                  
00005525  ti_sysbios_BIOS_rtsLock__I                                        
000058c1  ti_sysbios_BIOS_rtsUnlock__I                                      
00005a91  ti_sysbios_BIOS_setThreadType__E                                  
000053d9  ti_sysbios_BIOS_startFunc__I                                      
00005aa1  ti_sysbios_BIOS_start__E                                          
20001974  ti_sysbios_family_arm_lm4_Timer_Module_State_0_device__A          
200014d8  ti_sysbios_family_arm_lm4_Timer_Module_State_0_handles__A         
200014d0  ti_sysbios_family_arm_lm4_Timer_Module__root__V                   
000058d9  ti_sysbios_family_arm_lm4_Timer_Module__startupDone__F            
000058d9  ti_sysbios_family_arm_lm4_Timer_Module__startupDone__S            
200014f0  ti_sysbios_family_arm_lm4_Timer_Module__state__V                  
00003fe9  ti_sysbios_family_arm_lm4_Timer_Module_startup__E                 
2000177c  ti_sysbios_family_arm_lm4_Timer_Object__table__V                  
00007df0  ti_sysbios_family_arm_lm4_Timer_enableFunc__C                     
00004869  ti_sysbios_family_arm_lm4_Timer_enableTimers__I                   
00002f21  ti_sysbios_family_arm_lm4_Timer_enableTiva__I                     
00003a31  ti_sysbios_family_arm_lm4_Timer_getExpiredCounts__E               
00005be9  ti_sysbios_family_arm_lm4_Timer_getMaxTicks__E                    
00005ce1  ti_sysbios_family_arm_lm4_Timer_getPeriod__E                      
00004451  ti_sysbios_family_arm_lm4_Timer_initDevice__I                     
00004a19  ti_sysbios_family_arm_lm4_Timer_isrStub__E                        
00005c7d  ti_sysbios_family_arm_lm4_Timer_masterDisable__I                  
000011b5  ti_sysbios_family_arm_lm4_Timer_masterEnable__I                   
00007df4  ti_sysbios_family_arm_lm4_Timer_numTimerDevices__C                
00002031  ti_sysbios_family_arm_lm4_Timer_start__E                          
00007df8  ti_sysbios_family_arm_lm4_Timer_startupNeeded__C                  
00004c39  ti_sysbios_family_arm_lm4_Timer_startup__E                        
00004fe9  ti_sysbios_family_arm_lm4_Timer_stop__E                           
000054e1  ti_sysbios_family_arm_lm4_Timer_write__I                          
200014fc  ti_sysbios_family_arm_lm4_TimestampProvider_Module__state__V      
00005ca9  ti_sysbios_family_arm_lm4_TimestampProvider_Module_startup__E     
000044a9  ti_sysbios_family_arm_lm4_TimestampProvider_get32__E              
00001e11  ti_sysbios_family_arm_lm4_TimestampProvider_get64__E              
00005a81  ti_sysbios_family_arm_lm4_TimestampProvider_getFreq__E            
00005ab1  ti_sysbios_family_arm_lm4_TimestampProvider_rolloverFunc__E       
00005bf9  ti_sysbios_family_arm_lm4_TimestampProvider_startTimer__E         
0000801a  ti_sysbios_family_arm_lm4_TimestampProvider_useClockTimer__C      
00007dfc  ti_sysbios_family_arm_m3_Hwi_E_NMI__C                             
00007e00  ti_sysbios_family_arm_m3_Hwi_E_alreadyDefined__C                  
00007e04  ti_sysbios_family_arm_m3_Hwi_E_busFault__C                        
00007e08  ti_sysbios_family_arm_m3_Hwi_E_debugMon__C                        
00007e0c  ti_sysbios_family_arm_m3_Hwi_E_hardFault__C                       
[...]
00007dd0  xdc_runtime_Startup_firstFxns__C                                  
00007dd8  xdc_runtime_Startup_lastFxns__C                                   
00007de0  ti_catalog_arm_cortexm4_tiva_ce_Boot_A_mustUseEnhancedClockMode__C
00007de4  ti_catalog_arm_cortexm4_tiva_ce_Boot_Module__diagsEnabled__C      
00007de8  ti_catalog_arm_cortexm4_tiva_ce_Boot_Module__diagsIncluded__C     
00007dec  ti_catalog_arm_cortexm4_tiva_ce_Boot_Module__diagsMask__C         
00007df0  ti_sysbios_family_arm_lm4_Timer_enableFunc__C                     
00007df4  ti_sysbios_family_arm_lm4_Timer_numTimerDevices__C                
00007df8  ti_sysbios_family_arm_lm4_Timer_startupNeeded__C                  
00007dfc  ti_sysbios_family_arm_m3_Hwi_E_NMI__C                             
00007e00  ti_sysbios_family_arm_m3_Hwi_E_alreadyDefined__C                  
00007e04  ti_sysbios_family_arm_m3_Hwi_E_busFault__C                        
00007e08  ti_sysbios_family_arm_m3_Hwi_E_debugMon__C                        
00007e0c  ti_sysbios_family_arm_m3_Hwi_E_hardFault__C                       
00007e10  ti_sysbios_family_arm_m3_Hwi_E_memFault__C                        
00007e14  ti_sysbios_family_arm_m3_Hwi_E_noIsr__C                           
00007e18  ti_sysbios_family_arm_m3_Hwi_E_reserved__C                        
00007e1c  ti_sysbios_family_arm_m3_Hwi_E_svCall__C                          
00007e20  ti_sysbios_family_arm_m3_Hwi_E_usageFault__C                      
00007e24  ti_sysbios_family_arm_m3_Hwi_LD_end__C                            
00007e28  ti_sysbios_family_arm_m3_Hwi_LM_begin__C                          
00007e2c  ti_sysbios_family_arm_m3_Hwi_Module__diagsEnabled__C              
00007e30  ti_sysbios_family_arm_m3_Hwi_Module__diagsIncluded__C             
00007e34  ti_sysbios_family_arm_m3_Hwi_Module__diagsMask__C                 
00007e38  ti_sysbios_family_arm_m3_Hwi_Module__loggerFxn1__C                
00007e3c  ti_sysbios_family_arm_m3_Hwi_Module__loggerFxn8__C                
00007e40  ti_sysbios_family_arm_m3_Hwi_Module__loggerObj__C                 
00007e44  ti_sysbios_family_arm_m3_Hwi_NUM_INTERRUPTS__C                    
00007e48  ti_sysbios_family_arm_m3_Hwi_Object__count__C                     
00007e4c  ti_sysbios_family_arm_m3_Hwi_ccr__C                               
00007e50  ti_sysbios_family_arm_m3_Hwi_excHandlerFunc__C                    
00007e54  ti_sysbios_family_arm_m3_Hwi_excHookFuncs__C                      
00007e58  ti_sysbios_family_arm_m3_Hwi_nullIsrFunc__C                       
00007e5c  ti_sysbios_family_arm_m3_Hwi_priGroup__C                          
00007e60  ti_sysbios_gates_GateMutex_Instance_State_sem__O                  
00007e64  ti_sysbios_knl_Clock_LM_begin__C                                  
00007e68  ti_sysbios_knl_Clock_LM_tick__C                                   
00007e6c  ti_sysbios_knl_Clock_LW_delayed__C                                
00007e70  ti_sysbios_knl_Clock_Module_State_clockQ__O                       
00007e74  ti_sysbios_knl_Clock_Module__diagsEnabled__C                      
00007e78  ti_sysbios_knl_Clock_Module__diagsIncluded__C                     
00007e7c  ti_sysbios_knl_Clock_Module__diagsMask__C                         
00007e80  ti_sysbios_knl_Clock_Module__loggerFxn1__C                        
00007e84  ti_sysbios_knl_Clock_Module__loggerFxn2__C                        
00007e88  ti_sysbios_knl_Clock_Module__loggerObj__C                         
00007e8c  ti_sysbios_knl_Idle_funcList__A                                   
00007e90  ti_sysbios_knl_Semaphore_Instance_State_pendQ__O                  
00007e94  ti_sysbios_knl_Semaphore_LM_pend__C                               
00007e98  ti_sysbios_knl_Semaphore_LM_post__C                               
00007e9c  ti_sysbios_knl_Semaphore_Module__diagsEnabled__C                  
00007ea0  ti_sysbios_knl_Semaphore_Module__diagsIncluded__C                 
00007ea4  ti_sysbios_knl_Semaphore_Module__diagsMask__C                     
00007ea8  ti_sysbios_knl_Semaphore_Module__loggerFxn2__C                    
00007eac  ti_sysbios_knl_Semaphore_Module__loggerFxn4__C                    
00007eb0  ti_sysbios_knl_Semaphore_Module__loggerObj__C                     
00007eb4  ti_sysbios_knl_Swi_LD_end__C                                      
00007eb8  ti_sysbios_knl_Swi_LM_begin__C                                    
00007ebc  ti_sysbios_knl_Swi_LM_post__C                                     
00007ec0  ti_sysbios_knl_Swi_Module__diagsEnabled__C                        
00007ec4  ti_sysbios_knl_Swi_Module__diagsIncluded__C                       
00007ec8  ti_sysbios_knl_Swi_Module__diagsMask__C                           
00007ecc  ti_sysbios_knl_Swi_Module__loggerFxn1__C                          
00007ed0  ti_sysbios_knl_Swi_Module__loggerFxn4__C                          
00007ed4  ti_sysbios_knl_Swi_Module__loggerObj__C                           
00007ed8  ti_sysbios_knl_Swi_Object__count__C                               
00007edc  ti_sysbios_knl_Task_LD_block__C                                   
00007ee0  ti_sysbios_knl_Task_LD_exit__C                                    
00007ee4  ti_sysbios_knl_Task_LD_ready__C                                   
00007ee8  ti_sysbios_knl_Task_LM_switch__C                                  
00007eec  ti_sysbios_knl_Task_Module_State_inactiveQ__O                     
00007ef0  ti_sysbios_knl_Task_Module__diagsEnabled__C                       
00007ef4  ti_sysbios_knl_Task_Module__diagsIncluded__C                      
00007ef8  ti_sysbios_knl_Task_Module__diagsMask__C                          
00007efc  ti_sysbios_knl_Task_Module__loggerFxn2__C                         
00007f00  ti_sysbios_knl_Task_Module__loggerFxn4__C                         
00007f04  ti_sysbios_knl_Task_Module__loggerObj__C                          
00007f08  ti_sysbios_knl_Task_Object__count__C                              
00007f0c  ti_sysbios_knl_Task_allBlockedFunc__C                             
00007f10  ti_sysbios_knl_Task_numConstructedTasks__C                        
00007f14  ti_sysbios_utils_Load_LS_cpuLoad__C                               
00007f18  ti_sysbios_utils_Load_Module__diagsEnabled__C                     
00007f1c  ti_sysbios_utils_Load_Module__diagsIncluded__C                    
00007f20  ti_sysbios_utils_Load_Module__diagsMask__C                        
00007f24  ti_sysbios_utils_Load_Module__loggerFxn1__C                       
00007f28  ti_sysbios_utils_Load_Module__loggerObj__C                        
00007f2c  ti_sysbios_utils_Load_postUpdate__C                               
00007f30  ti_sysbios_utils_Load_windowInMs__C                               
00007f34  ti_uia_loggers_LoggerStopMode_Module__diagsEnabled__C             
00007f38  ti_uia_loggers_LoggerStopMode_Module__diagsIncluded__C            
00007f3c  ti_uia_loggers_LoggerStopMode_Module__diagsMask__C                
00007f40  ti_uia_loggers_LoggerStopMode_Object__count__C                    
00007f44  ti_uia_runtime_ILoggerSnapshot_Interface__BASE__C                 
00007f48  ti_uia_runtime_IUIATransfer_Interface__BASE__C                    
00007f4c  xdc_runtime_Assert_E_assertFailed__C                              
00007f50  xdc_runtime_Core_A_initializedParams__C                           
00007f54  xdc_runtime_Core_Module__diagsEnabled__C                          
00007f58  xdc_runtime_Core_Module__diagsIncluded__C                         
00007f5c  xdc_runtime_Core_Module__diagsMask__C                             
00007f60  xdc_runtime_Error_E_memory__C                                     
00007f64  xdc_runtime_Error_Module__diagsEnabled__C                         
00007f68  xdc_runtime_Error_Module__diagsIncluded__C                        
00007f6c  xdc_runtime_Error_Module__diagsMask__C                            
00007f70  xdc_runtime_Error_Module__loggerFxn8__C                           
00007f74  xdc_runtime_Error_Module__loggerObj__C                            
00007f78  xdc_runtime_Error_policyFxn__C                                    
00007f7c  xdc_runtime_Error_raiseHook__C                                    
00007f80  xdc_runtime_HeapStd_A_align__C                                    
00007f84  xdc_runtime_HeapStd_A_invalidTotalFreeSize__C                     
00007f88  xdc_runtime_HeapStd_A_zeroSize__C                                 
00007f8c  xdc_runtime_HeapStd_E_noRTSMemory__C                              
00007f90  xdc_runtime_HeapStd_Module__diagsEnabled__C                       
00007f94  xdc_runtime_HeapStd_Module__diagsIncluded__C                      
00007f98  xdc_runtime_HeapStd_Module__diagsMask__C                          
00007f9c  xdc_runtime_IFilterLogger_Interface__BASE__C                      
00007fa0  xdc_runtime_IGateProvider_Interface__BASE__C                      
00007fa4  xdc_runtime_IHeap_Interface__BASE__C                              
00007fa8  xdc_runtime_ILogger_Interface__BASE__C                            
00007fac  xdc_runtime_IModule_Interface__BASE__C                            
00007fb0  xdc_runtime_Log_L_error__C                                        
00007fb4  xdc_runtime_Log_L_info__C                                         
00007fb8  xdc_runtime_Main_Module__diagsEnabled__C                          
00007fbc  xdc_runtime_Main_Module__diagsIncluded__C                         
00007fc0  xdc_runtime_Main_Module__diagsMask__C                             
00007fc4  xdc_runtime_Main_Module__loggerFxn4__C                            
00007fc8  xdc_runtime_Main_Module__loggerObj__C                             
00007fcc  xdc_runtime_Memory_defaultHeapInstance__C                         
00007fd0  xdc_runtime_Startup_execImpl__C                                   
00007fd4  xdc_runtime_Startup_lastFxns__A                                   
00007fd8  xdc_runtime_Startup_maxPasses__C                                  
00007fdc  xdc_runtime_Startup_sfxnRts__C                                    
00007fe0  xdc_runtime_Startup_sfxnTab__C                                    
00007fe4  xdc_runtime_SysMin_bufSize__C                                     
00007fe8  xdc_runtime_SysMin_outputFunc__C                                  
00007fec  xdc_runtime_System_Module__gateObj__C                             
00007ff0  xdc_runtime_System_abortFxn__C                                    
00007ff4  xdc_runtime_System_exitFxn__C                                     
00007ff8  xdc_runtime_System_extendFxn__C                                   
00007ffc  xdc_runtime_System_maxAtexitHandlers__C                           
00008000  xdc_runtime_Text_charTab__C                                       
00008004  xdc_runtime_Text_nameEmpty__C                                     
00008008  xdc_runtime_Text_nameStatic__C                                    
0000800c  xdc_runtime_Text_nameUnknown__C                                   
00008010  xdc_runtime_Text_nodeTab__C                                       
00008014  xdc_runtime_Text_visitRopeFxn__C                                  
00008018  ti_catalog_arm_cortexm4_tiva_ce_Boot_Module__id__C                
0000801a  ti_sysbios_family_arm_lm4_TimestampProvider_useClockTimer__C      
0000801c  ti_sysbios_family_arm_m3_Hwi_Module__id__C                        
0000801e  ti_sysbios_family_arm_m3_Hwi_Module__loggerDefined__C             
00008020  ti_sysbios_knl_Clock_Module__id__C                                
00008022  ti_sysbios_knl_Clock_Module__loggerDefined__C                     
00008024  ti_sysbios_knl_Semaphore_Module__id__C                            
00008026  ti_sysbios_knl_Semaphore_Module__loggerDefined__C                 
00008028  ti_sysbios_knl_Swi_Module__id__C                                  
0000802a  ti_sysbios_knl_Swi_Module__loggerDefined__C                       
0000802c  ti_sysbios_knl_Task_Module__id__C                                 
0000802e  ti_sysbios_knl_Task_Module__loggerDefined__C                      
00008030  ti_sysbios_utils_Load_Module__id__C                               
00008032  ti_sysbios_utils_Load_Module__loggerDefined__C                    
00008034  ti_sysbios_utils_Load_updateInIdle__C                             
00008036  ti_uia_loggers_LoggerStopMode_Module__id__C                       
00008038  ti_uia_loggers_LoggerStopMode_isTimestampEnabled__C               
0000803a  xdc_runtime_Core_Module__id__C                                    
0000803c  xdc_runtime_Error_Module__loggerDefined__C                        
0000803e  xdc_runtime_Error_maxDepth__C                                     
00008040  xdc_runtime_HeapStd_Module__id__C                                 
00008042  xdc_runtime_Main_Module__id__C                                    
00008044  xdc_runtime_Main_Module__loggerDefined__C                         
00008046  xdc_runtime_Memory_Module__id__C                                  
00008048  xdc_runtime_SysMin_flushAtExit__C                                 
0000804a  xdc_runtime_Text_charCnt__C                                       
0000804c  xdc_runtime_Text_isLoaded__C                                      
0000804e  xdc_runtime_Text_registryModsLastId__C                            
00008050  xdc_runtime_Text_unnamedModsLastId__C                             
00008052  xdc_runtime_Error_policy__C                                       
00008058  __TI_static_base__                                                
0000844c  __TI_Handler_Table_Base                                           
00008458  __TI_Handler_Table_Limit                                          
00008468  __TI_CINIT_Base                                                   
00008480  __TI_CINIT_Limit                                                  
20000000  ti_sysbios_family_arm_m3_Hwi_ramVectors                           
20000380  ti_uia_loggers_LoggerStopMode_Instance_State_1_packetArray__A     
20000780  ti_uia_loggers_LoggerStopMode_Instance_State_2_packetArray__A     
20000b80  ti_sysbios_family_arm_m3_Hwi_dispatchTable                        
20000f00  ti_uia_loggers_LoggerStopMode_Instance_State_0_packetArray__A     
20001100  __CIOBUF_                                                         
200012b0  xdc_runtime_SysMin_Module_State_0_outbuf__A                       
20001380  ti_uia_loggers_LoggerStopMode_Instance_State_0_hdr__A             
20001400  ti_uia_loggers_LoggerStopMode_Instance_State_1_hdr__A             
20001480  ti_uia_loggers_LoggerStopMode_Instance_State_2_hdr__A             
200014b0  xdc_runtime_Diags_dictElems                                       
200014d0  ti_sysbios_family_arm_lm4_Timer_Module__root__V                   
200014d8  ti_sysbios_family_arm_lm4_Timer_Module_State_0_handles__A         
200014f0  ti_sysbios_family_arm_lm4_Timer_Module__state__V                  
200014fc  ti_sysbios_family_arm_lm4_TimestampProvider_Module__state__V      
20001504  ti_sysbios_family_arm_m3_Hwi_Module__root__V                      
2000150c  ti_sysbios_family_arm_m3_Hwi_Module_State_0_excActive__A          
20001510  ti_sysbios_family_arm_m3_Hwi_Module_State_0_excContext__A         
20001514  ti_sysbios_family_arm_m3_Hwi_Module_State_0_excStack__A           
20001518  ti_sysbios_gates_GateHwi_Module__root__V                          
20001520  ti_sysbios_gates_GateHwi_Object__table__V                         
20001524  ti_sysbios_gates_GateMutex_Module__root__V                        
2000152c  ti_sysbios_gates_GateMutex_Object__table__V                       
20001548  ti_sysbios_hal_Hwi_Module__root__V                                
20001550  ti_sysbios_knl_Clock_Module__root__V                              
20001558  ti_sysbios_knl_Clock_Object__table__V                             
20001578  ti_sysbios_knl_Event_Module__root__V                              
20001584  ti_sysbios_knl_Queue_Module__root__V                              
2000158c  ti_sysbios_knl_Semaphore_Module__root__V                          
20001594  ti_sysbios_knl_Swi_Module__root__V                                
2000159c  ti_sysbios_knl_Swi_Module__state__V                               
200015b8  ti_sysbios_knl_Task_Module__root__V                               
200015c4  ti_sysbios_knl_Task_Module_State_0_idleTask__A                    
200015c8  ti_sysbios_utils_Load_Module_State_0_taskStartTime__A             
200015cc  ti_sysbios_utils_Load_Module_State_0_runningTask__A               
200015d0  ti_uia_loggers_LoggerStopMode_Module__root__V                     
200015d8  ti_uia_loggers_LoggerStopMode_Module__state__V                    
200015e0  ti_uia_runtime_QueueDescriptor_Module__state__V                   
200015ec  xdc_runtime_Error_Module__state__V                                
200015f0  xdc_runtime_HeapStd_Module__root__V                               
200015f8  xdc_runtime_HeapStd_Object__table__V                              
20001604  xdc_runtime_HeapStd_Module__state__V                              
20001608  xdc_runtime_Main_Module__root__V                                  
2000160c  xdc_runtime_Memory_Module__state__V                               
20001610  xdc_runtime_Registry_Module__state__V                             
20001618  xdc_runtime_Startup_Module__state__V                              
20001620  xdc_runtime_SysMin_Module__state__V                               
2000162c  xdc_runtime_System_Module_State_0_atexitHandlers__A               
20001634  xdc_runtime_System_Module__state__V                               
2000163c  xdc_runtime_Text_Module__state__V                                 
20001644  __xdc__init__addr                                                 
20001648  ti_uia_loggers_LoggerStopMode_Object__table__V                    
200016e4  ti_sysbios_utils_Load_Module__state__V                            
2000177c  ti_sysbios_family_arm_lm4_Timer_Object__table__V                  
200017fc  ti_sysbios_knl_Swi_Module_State_0_readyQ__A                       
2000187c  ti_sysbios_knl_Task_Module_State_0_readyQ__A                      
200018fc  ti_sysbios_knl_Task_Module__state__V                              
20001940  ti_sysbios_family_arm_m3_Hwi_Module__state__V                     
20001974  ti_sysbios_family_arm_lm4_Timer_Module_State_0_device__A          
200019a4  ti_sysbios_family_arm_m3_Hwi_Object__table__V                     
200019d4  ti_sysbios_knl_Swi_Object__table__V                               
20001a04  ti_sysbios_knl_Clock_Module__state__V                             
20001a30  ti_sysbios_BIOS_Module__state__V                                  
20001a58  gpioPinConfigs                                                    
20001a6c  gpioCallbackFunctions                                             
20001a74  _lock                                                             
20001a78  _unlock                                                           
20001a7c  __TI_cleanup_ptr                                                  
20001a80  __TI_dtors_ptr                                                    
20001a84  ti_uia_runtime_QueueDescriptor_gPtrToFirstDescriptor              
20001a88  ti_uia_runtime_QueueDescriptor_gUpdateCount                       
20001a94  main_func_sp                                                      
20001a98  __stack                                                           
20001e98  __STACK_END                                                       
e000e000  ti_sysbios_family_arm_m3_Hwi_nvic                                 
ffffffff  __binit__                                                         
ffffffff  __c_args__                                                        
ffffffff  binit                                                             
UNDEFED   SHT$$INIT_ARRAY$$Base                                             
UNDEFED   SHT$$INIT_ARRAY$$Limit                                            

[654 symbols]
