******************************************************************************
                  TI ARM Linker PC v5.2.7                      
******************************************************************************
>> Linked Sun Jul 03 18:39:04 2016

OUTPUT FILE NAME:   <RTOS_LAB5_TM4C123.out>
ENTRY POINT SYMBOL: "_c_int00"  address: 000036d9


MEMORY CONFIGURATION

         name            origin    length      used     unused   attr    fill
----------------------  --------  ---------  --------  --------  ----  --------
  FLASH                 00000000   00040000  00007922  000386de  R  X
  SRAM                  20000000   00008000  0000296c  00005694  RW X


SEGMENT ALLOCATION MAP

run origin  load origin   length   init length attrs members
----------  ----------- ---------- ----------- ----- -------
00000000    00000000    00007928   00007928    r-x
  00000000    00000000    0000003c   0000003c    r-- .resetVecs
  00000040    00000040    00004f52   00004f52    r-x .text
  00004f94    00004f94    00002524   00002524    r-- .const
  000074b8    000074b8    00000470   00000470    r-- .cinit
20000000    20000000    00000360   00000000    rw-
  20000000    20000000    00000360   00000000    rw- .vecs
20000380    20000380    0000260c   00000000    rw-
  20000380    20000380    00001cb0   00000000    rw- .bss
  20002030    20002030    0000065c   00000000    rw- .data
  2000268c    2000268c    00000300   00000000    rw- .stack


SECTION ALLOCATION MAP

 output                                  attributes/
section   page    origin      length       input sections
--------  ----  ----------  ----------   ----------------
.text      0    00000040    00004f52     
                  00000040    00000430     sysbios.aem4f : BIOS.obj (.text:ti_sysbios_family_arm_m3_Hwi_excDumpRegs__I)
                  00000470    0000034c     ti.targets.arm.rtsarm.aem4f : System.oem4f (.text:xdc_runtime_System_doPrint__I)
                  000007bc    000002d4     rtsv7M4_T_le_v4SPD16_eabi.lib : trgdrv.obj (.text)
                  00000a90    000001fc     sysbios.aem4f : BIOS.obj (.text:ti_sysbios_family_arm_m3_Hwi_excHandlerMax__I)
                  00000c8c    00000004     driverlib.lib : timer.obj (.text:TimerIntClear)
                  00000c90    00000174     sysbios.aem4f : BIOS.obj (.text:ti_sysbios_family_arm_m3_Hwi_excBusFault__I)
                  00000e04    00000004     empty_min_pem4f.oem4f (.text:ti_sysbios_BIOS_RtsGateProxy_enter__E)
                  00000e08    00000164     sysbios.aem4f : BIOS.obj (.text:ti_sysbios_family_arm_m3_Hwi_excUsageFault__I)
                  00000f6c    00000004     empty_min_pem4f.oem4f (.text:ti_sysbios_BIOS_RtsGateProxy_leave__E)
                  00000f70    00000154     sysbios.aem4f : BIOS.obj (.text:ti_sysbios_knl_Semaphore_pend__E)
                  000010c4    00000004                   : BIOS.obj (.text:ti_sysbios_family_arm_lm4_Timer_masterEnable__I)
                  000010c8    00000148                   : BIOS.obj (.text:ti_sysbios_family_arm_m3_Hwi_excMemFault__I)
                  00001210    00000138     empty_min_pem4f.oem4f (.text:ti_uia_loggers_LoggerStopMode_writeMemoryRange__E)
                  00001348    00000118     ti.targets.arm.rtsarm.aem4f : Error.oem4f (.text:xdc_runtime_Error_policyDefault__E)
                  00001460    00000110     sysbios.aem4f : BIOS.obj (.text:ti_sysbios_family_arm_lm4_TimestampProvider_get64__E)
                  00001570    0000010c     empty_min_pem4f.oem4f (.text:ti_uia_loggers_LoggerStopMode_write8__E)
                  0000167c    00000004     empty_min_pem4f.oem4f (.text:ti_sysbios_family_arm_m3_TaskSupport_Module__startupDone__S)
                  00001680    00000108     sysbios.aem4f : BIOS.obj (.text:ti_sysbios_family_arm_lm4_Timer_start__E)
                  00001788    00000100     Boot.aem4f : Boot_sysctl.oem4f (.text:ti_catalog_arm_cortexm4_tiva_ce_Boot_sysCtlClockSetI__I)
                  00001888    00000100     ti.targets.arm.rtsarm.aem4f : Core-mem.oem4f (.text:xdc_runtime_Core_createObject__I)
                  00001988    000000f8                                 : Startup.oem4f (.text:xdc_runtime_Startup_startMods__I)
                  00001a80    000000f8     empty_min_pem4f.oem4f (.text:xdc_runtime_System_printfExtend__I)
                  00001b78    000000f4     driverlib.lib : sysctl.obj (.text:SysCtlClockSet)
                  00001c6c    000000f4     sysbios.aem4f : m3_Hwi_asm.obj (.text:ti_sysbios_family_arm_m3_Hwi_dispatch__I)
                  00001d60    000000f4     empty_min_pem4f.oem4f (.text:ti_uia_loggers_LoggerStopMode_write4__E)
                  00001e54    000000e8     empty_min_pem4f.oem4f (.text:ti_uia_loggers_LoggerStopMode_write2__E)
                  00001f3c    000000e4     empty_min_pem4f.oem4f (.text:ti_uia_loggers_LoggerStopMode_write1__E)
                  00002020    000000d8     empty_min_pem4f.oem4f (.text:ti_uia_loggers_LoggerStopMode_write0__E)
                  000020f8    000000cc     sysbios.aem4f : BIOS.obj (.text:ti_sysbios_heaps_HeapMem_alloc__E)
                  000021c4    000000cc     ti.targets.arm.rtsarm.aem4f : Core-smem.oem4f (.text:xdc_runtime_Core_constructObject__I)
                  00002290    000000bc     sysbios.aem4f : BIOS.obj (.text:ti_sysbios_family_arm_m3_Hwi_excDebugMon__I)
                  0000234c    00000004     empty_min_pem4f.oem4f (.text:ti_sysbios_heaps_HeapMem_Module_GateProxy_enter__E)
                  00002350    000000bc     sysbios.aem4f : BIOS.obj (.text:ti_sysbios_family_arm_m3_Hwi_excHardFault__I)
                  0000240c    00000004     empty_min_pem4f.oem4f (.text:ti_sysbios_heaps_HeapMem_Module_GateProxy_leave__E)
                  00002410    000000b4     sysbios.aem4f : BIOS.obj (.text:ti_sysbios_knl_Task_checkStacks__E)
                  000024c4    00000004     empty_min_pem4f.oem4f (.text:ti_sysbios_knl_Clock_TimerProxy_getMaxTicks__E)
                  000024c8    000000ac     sysbios.aem4f : BIOS.obj (.text:ti_sysbios_family_arm_lm4_Timer_enableTiva__I)
                  00002574    000000a0     auto_init.aem4f : auto_init.oem4f (.text)
                  00002614    000000a0     ti.targets.arm.rtsarm.aem4f : Text.oem4f (.text:xdc_runtime_Text_putMod__E)
                  000026b4    0000009c     rtsv7M4_T_le_v4SPD16_eabi.lib : memcpy_t2.obj (.text)
                  00002750    0000009c     sysbios.aem4f : BIOS.obj (.text:ti_sysbios_knl_Task_postInit__I)
                  000027ec    0000009a     ti.targets.arm.rtsarm.aem4f : Text.oem4f (.text:xdc_runtime_Text_putSite__E)
                  00002886    00000002     rtsv7M4_T_le_v4SPD16_eabi.lib : i_div0.obj (.text)
                  00002888    00000098     Boot.aem4f : Boot.oem4f (.text:ti_catalog_arm_cortexm4_tiva_ce_Boot_sysCtlClockSet__E)
                  00002920    00000094     sysbios.aem4f : BIOS.obj (.text:ti_sysbios_family_arm_m3_Hwi_initNVIC__E)
                  000029b4    00000004     empty_min_pem4f.oem4f (.text:ti_sysbios_knl_Clock_TimerProxy_getPeriod__E)
                  000029b8    00000094     sysbios.aem4f : BIOS.obj (.text:ti_sysbios_utils_Load_updateLoads__E)
                  00002a4c    00000090     ti.uia.loggers.aem4f : LoggerStopMode.oem4f (.text:ti_uia_loggers_LoggerStopMode_initQueueDescriptor__E)
                  00002adc    0000008c     sysbios.aem4f : m3_TaskSupport_asm.obj (.text:ti_sysbios_family_arm_m3_TaskSupport_buildTaskStack)
                  00002b68    00000084                   : BIOS.obj (.text:ti_sysbios_family_arm_lm4_Timer_getExpiredCounts__E)
                  00002bec    00000004     empty_min_pem4f.oem4f (.text:ti_sysbios_knl_Queue_destruct)
                  00002bf0    00000084     sysbios.aem4f : BIOS.obj (.text:ti_sysbios_family_arm_m3_Hwi_postInit__I)
                  00002c74    00000004     empty_min_pem4f.oem4f (.text:ti_sysbios_knl_Semaphore_destruct)
                  00002c78    0000007c     sysbios.aem4f : BIOS.obj (.text:ti_sysbios_heaps_HeapMem_free__E)
                  00002cf4    0000007a     rtsv7M4_T_le_v4SPD16_eabi.lib : memset_t2.obj (.text)
                  00002d6e    00000002     empty_min_pem4f.oem4f (.text:ti_sysbios_BIOS_nullFunc__I)
                  00002d70    00000078     empty_min.obj (.text:main)
                  00002de8    00000074     ti.uia.runtime.aem4f : QueueDescriptor.oem4f (.text:ti_uia_runtime_QueueDescriptor_addToList__E)
                  00002e5c    00000004     ti.uia.loggers.aem4f : LoggerStopMode.oem4f (.text:ti_uia_loggers_LoggerStopMode_getContents__E)
                  00002e60    00000070     sysbios.aem4f : BIOS.obj (.text:ti_sysbios_knl_Semaphore_post__E)
                  00002ed0    0000006d     ti.targets.arm.rtsarm.aem4f : System.oem4f (.text:xdc_runtime_System_formatNum__I)
                  00002f3d    00000001     --HOLE-- [fill = 0]
                  00002f3e    00000002     empty_min_pem4f.oem4f (.text:ti_uia_loggers_LoggerStopMode_setFilterLevel__E)
                  00002f40    0000006c     sysbios.aem4f : BIOS.obj (.text:ti_sysbios_knl_Clock_workFunc__E)
                  00002fac    00000004     empty_min_pem4f.oem4f (.text:ti_uia_loggers_LoggerStopMode_getFilterLevel__E)
                  00002fb0    0000006c     sysbios.aem4f : BIOS.obj (.text:ti_sysbios_knl_Swi_restoreHwi__E)
                  0000301c    00000004     ti.uia.loggers.aem4f : LoggerStopMode.oem4f (.text:ti_uia_loggers_LoggerStopMode_getInstanceId__E)
                  00003020    0000006c     sysbios.aem4f : BIOS.obj (.text:ti_sysbios_knl_Task_exit__E)
                  0000308c    0000006c     ti.targets.arm.rtsarm.aem4f : Error.oem4f (.text:xdc_runtime_Error_print__E)
                  000030f8    0000006c                                 : Memory.oem4f (.text:xdc_runtime_Memory_alloc__E)
                  00003164    0000006a     rtsv7M4_T_le_v4SPD16_eabi.lib : copy_decompress_rle.obj (.text)
                  000031ce    00000002     ti.uia.loggers.aem4f : LoggerStopMode.oem4f (.text:ti_uia_loggers_LoggerStopMode_setPriority__E)
                  000031d0    00000068     rtsv7M4_T_le_v4SPD16_eabi.lib : trgmsg.obj (.text)
                  00003238    00000066     ti.uia.loggers.aem4f : LoggerStopMode.oem4f (.text:ti_uia_loggers_LoggerStopMode_flush__E)
                  0000329e    00000066     ti.targets.arm.rtsarm.aem4f : Core-mem.oem4f (.text:xdc_runtime_Core_deleteObject__I)
                  00003304    00000064     empty_min.obj (.text:BLUE_LED_Init)
                  00003368    00000064     sysbios.aem4f : BIOS.obj (.text:ti_sysbios_family_arm_lm4_Timer_Module_startup__E)
                  000033cc    00000004     ti.uia.loggers.aem4f : LoggerStopMode.oem4f (.text:ti_uia_loggers_LoggerStopMode_getMaxLength__E)
                  000033d0    00000064     sysbios.aem4f : BIOS.obj (.text:ti_sysbios_family_arm_m3_Hwi_dispatchC__I)
                  00003434    00000004     ti.uia.loggers.aem4f : LoggerStopMode.oem4f (.text:ti_uia_loggers_LoggerStopMode_getPriority__E)
                  00003438    00000064     sysbios.aem4f : BIOS.obj (.text:ti_sysbios_utils_Load_idleFxn__E)
                  0000349c    00000004     ti.uia.loggers.aem4f : LoggerStopMode.oem4f (.text:ti_uia_loggers_LoggerStopMode_getTransferType__E)
                  000034a0    00000060     sysbios.aem4f : BIOS.obj (.text:ti_sysbios_knl_Task_schedule__I)
                  00003500    0000005c                   : BIOS.obj (.text:ti_sysbios_knl_Swi_run__I)
                  0000355c    00000004     ti.targets.arm.rtsarm.aem4f : Error.oem4f (.text:xdc_runtime_Error_getSite__E)
                  00003560    0000005c     sysbios.aem4f : BIOS.obj (.text:ti_sysbios_knl_Swi_schedule__I)
                  000035bc    00000004     empty_min_pem4f.oem4f (.text:xdc_runtime_System_Module_GateProxy_enter__E)
                  000035c0    0000005c     sysbios.aem4f : BIOS.obj (.text:ti_sysbios_knl_Task_Module_startup__E)
                  0000361c    00000004     empty_min_pem4f.oem4f (.text:xdc_runtime_System_Module_GateProxy_leave__E)
                  00003620    0000005c     sysbios.aem4f : BIOS.obj (.text:ti_sysbios_knl_Task_startCore__E)
                  0000367c    0000005b     ti.targets.arm.rtsarm.aem4f : Text.oem4f (.text:xdc_runtime_Text_putLab__E)
                  000036d7    00000001     --HOLE-- [fill = 0]
                  000036d8    00000058     boot.aem4f : boot.oem4f (.text)
                  00003730    00000058     sysbios.aem4f : m3_Hwi_asm_switch.obj (.text:ti_sysbios_family_arm_m3_Hwi_initStacks__E)
                  00003788    00000054                   : BIOS.obj (.text:ti_sysbios_family_arm_lm4_Timer_initDevice__I)
                  000037dc    00000004     ti.targets.arm.rtsarm.aem4f : System.oem4f (.text:xdc_runtime_System_aprintf_va__F)
                  000037e0    00000054     sysbios.aem4f : BIOS.obj (.text:ti_sysbios_family_arm_lm4_TimestampProvider_get32__E)
                  00003834    00000054     ti.targets.arm.rtsarm.aem4f : Assert.oem4f (.text:xdc_runtime_Assert_raise__I)
                  00003888    00000050     sysbios.aem4f : BIOS.obj (.text:ti_sysbios_family_arm_m3_Hwi_Module_startup__E)
                  000038d8    00000050     ti.targets.arm.rtsarm.aem4f : Startup.oem4f (.text:xdc_runtime_Startup_exec__E)
                  00003928    00000050                                 : Text.oem4f (.text:xdc_runtime_Text_visitRope2__I)
                  00003978    0000004c     rtsv7M4_T_le_v4SPD16_eabi.lib : cpy_tbl.obj (.text)
                  000039c4    00000004     ti.targets.arm.rtsarm.aem4f : System.oem4f (.text:xdc_runtime_System_printf_va__F)
                  000039c8    0000004c     sysbios.aem4f : BIOS.obj (.text:ti_sysbios_heaps_HeapMem_getStats__E)
                  00003a14    00000002     empty_min_pem4f.oem4f (.text:xdc_runtime_Startup_reset__I)
                  00003a16    00000002     --HOLE-- [fill = 0]
                  00003a18    0000004c     sysbios.aem4f : BIOS.obj (.text:ti_sysbios_knl_Swi_runLoop__I)
                  00003a64    00000004     --HOLE-- [fill = 0]
                  00003a68    0000004c                   : BIOS.obj (.text:ti_sysbios_knl_Task_allBlockedFunction__I)
                  00003ab4    0000004c     ti.uia.loggers.aem4f : LoggerStopMode.oem4f (.text:ti_uia_loggers_LoggerStopMode_Module_startup__E)
                  00003b00    00000048     sysbios.aem4f : BIOS.obj (.text:ti_sysbios_family_arm_lm4_Timer_enableTimers__I)
                  00003b48    00000048                   : BIOS.obj (.text:ti_sysbios_family_arm_m3_Hwi_disableInterrupt__E)
                  00003b90    00000048                   : BIOS.obj (.text:ti_sysbios_family_arm_m3_Hwi_enableInterrupt__E)
                  00003bd8    00000048                   : BIOS.obj (.text:ti_sysbios_family_arm_m3_Hwi_excReserved__I)
                  00003c20    00000046     ti.targets.arm.rtsarm.aem4f : Core-params.oem4f (.text:xdc_runtime_Core_assignParams__I)
                  00003c66    00000002     --HOLE-- [fill = 0]
                  00003c68    00000044     rtsv7M4_T_le_v4SPD16_eabi.lib : exit.obj (.text)
                  00003cac    00000004     --HOLE-- [fill = 0]
                  00003cb0    00000044     sysbios.aem4f : BIOS.obj (.text:ti_sysbios_family_arm_lm4_Timer_isrStub__E)
                  00003cf4    00000004     --HOLE-- [fill = 0]
                  00003cf8    00000044                   : BIOS.obj (.text:ti_sysbios_family_arm_m3_Hwi_getStackInfo__E)
                  00003d3c    00000004     --HOLE-- [fill = 0]
                  00003d40    00000044                   : BIOS.obj (.text:ti_sysbios_knl_Swi_post__E)
                  00003d84    00000044     ti.uia.loggers.aem4f : LoggerStopMode.oem4f (.text:ti_uia_loggers_LoggerStopMode_initBuffer__I)
                  00003dc8    00000044     ti.targets.arm.rtsarm.aem4f : Error.oem4f (.text:xdc_runtime_Error_setX__E)
                  00003e0c    00000044                                 : SysMin.oem4f (.text:xdc_runtime_SysMin_flush__E)
                  00003e50    00000044                                 : Text.oem4f (.text:xdc_runtime_Text_xprintf__I)
                  00003e94    00000040     rtsv7M4_T_le_v4SPD16_eabi.lib : u_divt2.obj (.text)
                  00003ed4    00000004     --HOLE-- [fill = 0]
                  00003ed8    00000040     sysbios.aem4f : BIOS.obj (.text:ti_sysbios_family_arm_lm4_Timer_startup__E)
                  00003f18    00000040                   : BIOS.obj (.text:ti_sysbios_heaps_HeapMem_Instance_init__E)
                  00003f58    0000003c                   : BIOS.obj (.text:ti_sysbios_family_arm_m3_Hwi_excSvCall__I)
                  00003f94    00000004     --HOLE-- [fill = 0]
                  00003f98    0000003c                   : BIOS.obj (.text:ti_sysbios_heaps_HeapMem_init__I)
                  00003fd4    00000004     --HOLE-- [fill = 0]
                  00003fd8    0000003c                   : BIOS.obj (.text:ti_sysbios_knl_Swi_restore__E)
                  00004014    00000004     --HOLE-- [fill = 0]
                  00004018    00000038                   : BIOS.obj (.text:ti_sysbios_family_arm_m3_Hwi_excNoIsr__I)
                  00004050    00000038                   : BIOS.obj (.text:ti_sysbios_knl_Task_processVitalTaskFlag__I)
                  00004088    00000038     ti.targets.arm.rtsarm.aem4f : SysMin.oem4f (.text:xdc_runtime_SysMin_putch__E)
                  000040c0    00000038                                 : System.oem4f (.text:xdc_runtime_System_atexit__E)
                  000040f8    00000034     sysbios.aem4f : BIOS.obj (.text:ti_sysbios_family_arm_m3_Hwi_excNmi__I)
                  0000412c    00000004     --HOLE-- [fill = 0]
                  00004130    00000034                   : BIOS.obj (.text:ti_sysbios_hal_Hwi_checkStack)
                  00004164    00000034     ti.uia.loggers.aem4f : LoggerStopMode.oem4f (.text:ti_uia_loggers_LoggerStopMode_reset__E)
                  00004198    00000034     ti.targets.arm.rtsarm.aem4f : Core-label.oem4f (.text:xdc_runtime_Core_assignLabel__I)
                  000041cc    00000033                                 : Text.oem4f (.text:xdc_runtime_Text_printVisFxn__I)
                  000041ff    00000001     --HOLE-- [fill = 0]
                  00004200    00000032     sysbios.aem4f : BIOS.obj (.text:ti_sysbios_hal_Hwi_initStack)
                  00004232    00000002     --HOLE-- [fill = 0]
                  00004234    00000030     empty_min_pem4f.oem4f (.text:ti_sysbios_BIOS_atExitFunc__I)
                  00004264    00000004     --HOLE-- [fill = 0]
                  00004268    00000030     sysbios.aem4f : BIOS.obj (.text:ti_sysbios_family_arm_lm4_Timer_stop__E)
                  00004298    00000030                   : BIOS.obj (.text:ti_sysbios_family_arm_m3_TaskSupport_start__E)
                  000042c8    00000030     empty_min_pem4f.oem4f (.text:ti_sysbios_gates_GateHwi_Object__create__S)
                  000042f8    00000030     empty_min_pem4f.oem4f (.text:ti_sysbios_gates_GateMutex_Object__create__S)
                  00004328    00000030     sysbios.aem4f : BIOS.obj (.text:ti_sysbios_gates_GateMutex_enter__E)
                  00004358    00000030     empty_min_pem4f.oem4f (.text:ti_sysbios_heaps_HeapMem_Object__create__S)
                  00004388    00000030     empty_min_pem4f.oem4f (.text:ti_sysbios_knl_Semaphore_construct)
                  000043b8    00000030     sysbios.aem4f : BIOS.obj (.text:ti_sysbios_knl_Semaphore_pendTimeout__I)
                  000043e8    00000030                   : BIOS.obj (.text:ti_sysbios_knl_Task_unblockI__E)
                  00004418    00000030                   : BIOS.obj (.text:ti_sysbios_utils_Load_updateCurrentThreadTime__E)
                  00004448    00000030     empty_min_pem4f.oem4f (.text:ti_uia_loggers_LoggerStopMode_Object__create__S)
                  00004478    00000030     ti.targets.arm.rtsarm.aem4f : SysMin.oem4f (.text:xdc_runtime_SysMin_abort__E)
                  000044a8    00000030                                 : System.oem4f (.text:xdc_runtime_System_processAtExit__E)
                  000044d8    0000002c     empty_min_pem4f.oem4f (.text:ti_sysbios_knl_Clock_doTick__I)
                  00004504    0000002c     empty_min_pem4f.oem4f (.text:ti_sysbios_knl_Queue_construct)
                  00004530    0000002c     sysbios.aem4f : BIOS.obj (.text:ti_sysbios_knl_Task_restore__E)
                  0000455c    0000002c     ti.targets.arm.rtsarm.aem4f : Text.oem4f (.text:xdc_runtime_Text_cordText__E)
                  00004588    0000002a                                 : System.oem4f (.text:xdc_runtime_System_putchar__I)
                  000045b2    00000006     driverlib.lib : sysctl.obj (.text:SysCtlDelay)
                  000045b8    00000028     sysbios.aem4f : BIOS.obj (.text:ti_sysbios_knl_Swi_Module_startup__E)
                  000045e0    00000026                   : m3_Hwi_asm.obj (.text:ti_sysbios_family_arm_m3_Hwi_pendSV__I)
                  00004606    00000026     ti.targets.arm.rtsarm.aem4f : System.oem4f (.text:xdc_runtime_System_avprintf__E)
                  0000462c    00000024     empty_min_pem4f.oem4f (.text:ti_sysbios_BIOS_registerRTSLock__I)
                  00004650    00000024     empty_min_pem4f.oem4f (.text:ti_sysbios_BIOS_removeRTSLock__I)
                  00004674    00000024     empty_min_pem4f.oem4f (.text:ti_sysbios_BIOS_startFunc__I)
                  00004698    00000024     empty_min_pem4f.oem4f (.text:ti_sysbios_gates_GateMutex_Object__delete__S)
                  000046bc    00000004     --HOLE-- [fill = 0]
                  000046c0    00000024     sysbios.aem4f : BIOS.obj (.text:ti_sysbios_knl_Clock_Module_startup__E)
                  000046e4    00000004     --HOLE-- [fill = 0]
                  000046e8    00000024                   : BIOS.obj (.text:ti_sysbios_knl_Semaphore_Instance_init__E)
                  0000470c    00000004     --HOLE-- [fill = 0]
                  00004710    00000024                   : BIOS.obj (.text:ti_sysbios_knl_Task_restoreHwi__E)
                  00004734    00000024     ti.targets.arm.rtsarm.aem4f : System.oem4f (.text:xdc_runtime_System_vprintf__E)
                  00004758    00000022     sysbios.aem4f : BIOS.obj (.text:ti_sysbios_family_arm_lm4_Timer_write__I)
                  0000477a    00000022     empty_min_pem4f.oem4f (.text:xdc_runtime_SysMin_output__I)
                  0000479c    00000020     empty_min_pem4f.oem4f (.text:ti_sysbios_BIOS_rtsLock__I)
                  000047bc    00000020     sysbios.aem4f : m3_Hwi_asm.obj (.text:ti_sysbios_family_arm_m3_Hwi_excHandlerAsm__I)
                  000047dc    00000004     --HOLE-- [fill = 0]
                  000047e0    00000020                   : BIOS.obj (.text:ti_sysbios_family_arm_m3_Hwi_excHandler__I)
                  00004800    00000020     empty_min_pem4f.oem4f (.text:ti_sysbios_gates_GateHwi_Object__delete__S)
                  00004820    00000020     empty_min_pem4f.oem4f (.text:ti_sysbios_heaps_HeapMem_Object__delete__S)
                  00004840    00000020     sysbios.aem4f : BIOS.obj (.text:ti_sysbios_knl_Idle_run__E)
                  00004860    00000020     empty_min_pem4f.oem4f (.text:ti_sysbios_knl_Semaphore_Object__destruct__S)
                  00004880    00000020     empty_min_pem4f.oem4f (.text:ti_uia_loggers_LoggerStopMode_Object__delete__S)
                  000048a0    00000020     ti.targets.arm.rtsarm.aem4f : Registry.oem4f (.text:xdc_runtime_Registry_findById__E)
                  000048c0    00000020                                 : SysMin.oem4f (.text:xdc_runtime_SysMin_Module_startup__E)
                  000048e0    0000001e     empty_min_pem4f.oem4f (.text:ti_sysbios_BIOS_errorRaiseHook__I)
                  000048fe    0000001e     sysbios.aem4f : m3_Hwi_asm_switch.obj (.text:ti_sysbios_family_xxx_Hwi_switchAndRunFunc)
                  0000491c    00000004     --HOLE-- [fill = 0]
                  00004920    0000001c                   : BIOS.obj (.text:ti_sysbios_gates_GateMutex_Instance_init__E)
                  0000493c    0000001c     empty_min_pem4f.oem4f (.text:ti_sysbios_knl_Queue_Object__destruct__S)
                  00004958    0000001c     sysbios.aem4f : BIOS.obj (.text:ti_sysbios_knl_Queue_put__E)
                  00004974    00000004     --HOLE-- [fill = 0]
                  00004978    0000001c                   : BIOS.obj (.text:ti_sysbios_knl_Task_enter__I)
                  00004994    0000001c     ti.uia.loggers.aem4f : LoggerStopMode.oem4f (.text:ti_uia_loggers_LoggerStopMode_Instance_init__E)
                  000049b0    0000001c     ti.targets.arm.rtsarm.aem4f : Error.oem4f (.text:xdc_runtime_Error_raiseX__E)
                  000049cc    0000001c                                 : Memory.oem4f (.text:xdc_runtime_Memory_valloc__E)
                  000049e8    0000001c                                 : SysMin.oem4f (.text:xdc_runtime_SysMin_exit__E)
                  00004a04    0000001c                                 : System.oem4f (.text:xdc_runtime_System_abort__E)
                  00004a20    0000001a     empty_min_pem4f.oem4f (.text:ti_sysbios_family_arm_m3_Hwi_Handle__label__S)
                  00004a3a    0000001a     empty_min_pem4f.oem4f (.text:ti_sysbios_gates_GateHwi_Handle__label__S)
                  00004a54    0000001a     empty_min_pem4f.oem4f (.text:ti_sysbios_gates_GateMutex_Handle__label__S)
                  00004a6e    0000001a     empty_min_pem4f.oem4f (.text:ti_sysbios_heaps_HeapMem_Handle__label__S)
                  00004a88    0000001a     empty_min_pem4f.oem4f (.text:ti_sysbios_knl_Swi_Handle__label__S)
                  00004aa2    0000001a     empty_min_pem4f.oem4f (.text:ti_sysbios_knl_Task_Handle__label__S)
                  00004abc    0000001a     empty_min_pem4f.oem4f (.text:ti_uia_loggers_LoggerStopMode_Handle__label__S)
                  00004ad6    0000001a     empty_min_pem4f.oem4f (.text:xdc_runtime_System_aprintf__E)
                  00004af0    0000001a     empty_min_pem4f.oem4f (.text:xdc_runtime_System_printf__E)
                  00004b0a    00000002     --HOLE-- [fill = 0]
                  00004b0c    00000018     rtsv7M4_T_le_v4SPD16_eabi.lib : args_main.obj (.text)
                  00004b24    00000018     empty_min_pem4f.oem4f (.text:ti_sysbios_BIOS_rtsUnlock__I)
                  00004b3c    00000018     empty_min_pem4f.oem4f (.text:ti_sysbios_family_arm_lm4_Timer_Module__startupDone__F)
                  00004b54    00000018     empty_min_pem4f.oem4f (.text:ti_sysbios_family_arm_m3_Hwi_Module__startupDone__F)
                  00004b6c    00000018     sysbios.aem4f : m3_TaskSupport_asm.obj (.text:ti_sysbios_family_arm_m3_TaskSupport_swap__E)
                  00004b84    00000004     --HOLE-- [fill = 0]
                  00004b88    00000018                   : BIOS.obj (.text:ti_sysbios_gates_GateMutex_leave__E)
                  00004ba0    00000018     ti.targets.arm.rtsarm.aem4f : Error.oem4f (.text:xdc_runtime_Error_check__E)
                  00004bb8    00000018                                 : System.oem4f (.text:xdc_runtime_System_exit__E)
                  00004bd0    00000018                                 : Text.oem4f (.text:xdc_runtime_Text_ropeText__E)
                  00004be8    00000016     empty_min_pem4f.oem4f (.text:ti_sysbios_BIOS_exitFunc__I)
                  00004bfe    00000016     ti.uia.loggers.aem4f : LoggerStopMode.oem4f (.text:ti_uia_loggers_LoggerStopMode_disable__E)
                  00004c14    00000016                          : LoggerStopMode.oem4f (.text:ti_uia_loggers_LoggerStopMode_enable__E)
                  00004c2a    00000002     --HOLE-- [fill = 0]
                  00004c2c    00000014     empty_min.obj (.text:Timer_ISR)
                  00004c40    00000014     rtsv7M4_T_le_v4SPD16_eabi.lib : _lock.obj (.text)
                  00004c54    00000014                                   : strcpy.obj (.text)
                  00004c68    00000014                                   : strlen.obj (.text)
                  00004c7c    00000014     empty_min_pem4f.oem4f (.text:ti_sysbios_family_arm_m3_Hwi_Object__get__S)
                  00004c90    00000014     sysbios.aem4f : BIOS.obj (.text:ti_sysbios_family_arm_m3_Hwi_switchFromBootStack__E)
                  00004ca4    00000014     empty_min_pem4f.oem4f (.text:ti_sysbios_heaps_HeapMem_Object__get__S)
                  00004cb8    00000014     empty_min_pem4f.oem4f (.text:ti_sysbios_knl_Swi_Object__get__S)
                  00004ccc    00000004     --HOLE-- [fill = 0]
                  00004cd0    00000012     sysbios.aem4f : BIOS.obj (.text:ti_sysbios_hal_Hwi_Module_startup__E)
                  00004ce2    00000012     empty_min_pem4f.oem4f (.text:xdc_runtime_Startup_exec__I)
                  00004cf4    00000010     empty_min.obj (.text:LEDToggle)
                  00004d04    00000004     --HOLE-- [fill = 0]
                  00004d08    00000010     sysbios.aem4f : BIOS.obj (.text:ti_sysbios_BIOS_getCpuFreq__E)
                  00004d18    00000010                   : BIOS.obj (.text:ti_sysbios_BIOS_setThreadType__E)
                  00004d28    00000010                   : BIOS.obj (.text:ti_sysbios_BIOS_start__E)
                  00004d38    00000010                   : BIOS.obj (.text:ti_sysbios_family_arm_lm4_TimestampProvider_rolloverFunc__E)
                  00004d48    00000010                   : m3_TaskSupport_asm.obj (.text:ti_sysbios_family_arm_m3_TaskSupport_glue)
                  00004d58    00000010                   : BIOS.obj (.text:ti_sysbios_gates_GateMutex_Instance_finalize__E)
                  00004d68    00000010                   : BIOS.obj (.text:ti_sysbios_knl_Semaphore_Instance_finalize__E)
                  00004d78    00000010                   : BIOS.obj (.text:ti_sysbios_knl_Swi_disable__E)
                  00004d88    00000010     empty_min_pem4f.oem4f (.text:ti_sysbios_knl_Task_Object__get__S)
                  00004d98    00000010     sysbios.aem4f : BIOS.obj (.text:ti_sysbios_knl_Task_disable__E)
                  00004da8    00000010     empty_min_pem4f.oem4f (.text:ti_uia_loggers_LoggerStopMode_Object__get__S)
                  00004db8    00000010     ti.uia.loggers.aem4f : LoggerStopMode.oem4f (.text:ti_uia_loggers_LoggerStopMode_isEmpty__E)
                  00004dc8    00000010     ti.targets.arm.rtsarm.aem4f : Gate.oem4f (.text:xdc_runtime_Gate_leaveSystem__E)
                  00004dd8    00000010                                 : Memory.oem4f (.text:xdc_runtime_Memory_free__E)
                  00004de8    00000010                                 : SysMin.oem4f (.text:xdc_runtime_SysMin_ready__E)
                  00004df8    00000010                                 : System.oem4f (.text:xdc_runtime_System_vsnprintf__E)
                  00004e08    00000010     empty_min_pem4f.oem4f (.text:xdc_runtime_Text_visitRope__I)
                  00004e18    0000000e     rtsv7M4_T_le_v4SPD16_eabi.lib : copy_decompress_none.obj (.text:decompress:none)
                  00004e26    00000002     --HOLE-- [fill = 0]
                  00004e28    0000000e     sysbios.aem4f : BIOS.obj (.text:ti_sysbios_knl_Idle_loop__E)
                  00004e36    00000002     --HOLE-- [fill = 0]
                  00004e38    0000000e                   : BIOS.obj (.text:ti_sysbios_knl_Queue_empty__E)
                  00004e46    00000002     --HOLE-- [fill = 0]
                  00004e48    0000000c     empty_min_pem4f.oem4f (.text:.bootCodeSection:ti_catalog_arm_cortexm4_tiva_ce_Boot_init__I)
                  00004e54    0000000c     rtsv7M4_T_le_v4SPD16_eabi.lib : copy_zero_init.obj (.text:decompress:ZI)
                  00004e60    0000000c     sysbios.aem4f : BIOS.obj (.text:ti_sysbios_family_arm_lm4_Timer_getMaxTicks__E)
                  00004e6c    00000004     --HOLE-- [fill = 0]
                  00004e70    0000000c                   : BIOS.obj (.text:ti_sysbios_family_arm_lm4_TimestampProvider_startTimer__E)
                  00004e7c    00000004     --HOLE-- [fill = 0]
                  00004e80    0000000c                   : BIOS.obj (.text:ti_sysbios_family_arm_m3_Hwi_disableFxn__E)
                  00004e8c    00000004     --HOLE-- [fill = 0]
                  00004e90    0000000c                   : BIOS.obj (.text:ti_sysbios_family_arm_m3_TaskSupport_checkStack__E)
                  00004e9c    00000004     --HOLE-- [fill = 0]
                  00004ea0    0000000c                   : BIOS.obj (.text:ti_sysbios_gates_GateHwi_enter__E)
                  00004eac    0000000c     empty_min_pem4f.oem4f (.text:ti_sysbios_knl_Queue_Object__get__S)
                  00004eb8    0000000c     ti.targets.arm.rtsarm.aem4f : Error.oem4f (.text:xdc_runtime_Error_init__E)
                  00004ec4    0000000c                                 : Gate.oem4f (.text:xdc_runtime_Gate_enterSystem__E)
                  00004ed0    0000000c                                 : Memory.oem4f (.text:xdc_runtime_Memory_calloc__E)
                  00004edc    0000000c                                 : Memory.oem4f (.text:xdc_runtime_Memory_getMaxDefaultTypeAlign__E)
                  00004ee8    0000000a     empty_min_pem4f.oem4f (.text:xdc_runtime_IHeap_alloc)
                  00004ef2    0000000a     empty_min_pem4f.oem4f (.text:xdc_runtime_IHeap_free)
                  00004efc    00000008     sysbios.aem4f : BIOS.obj (.text:ti_sysbios_family_arm_lm4_Timer_masterDisable__I)
                  00004f04    00000004     --HOLE-- [fill = 0]
                  00004f08    00000008                   : BIOS.obj (.text:ti_sysbios_family_arm_m3_Hwi_doSwiRestore__I)
                  00004f10    00000008                   : BIOS.obj (.text:ti_sysbios_family_arm_m3_Hwi_startup__E)
                  00004f18    00000006     ti.targets.arm.rtsarm.aem4f : xdc_noinit.oem4f (.text:__xdc__init)
                  00004f1e    00000006     rtsv7M4_T_le_v4SPD16_eabi.lib : copy_decompress_rle.obj (.text:decompress:rle24)
                  00004f24    00000006     Boot.aem4f : Boot_sysctl.oem4f (.text:ti_catalog_arm_cortexm4_tiva_ce_Boot_sysCtlDelayI__I)
                  00004f2a    00000006     ti.targets.arm.rtsarm.aem4f : System.oem4f (.text:xdc_runtime_System_Module_startup__E)
                  00004f30    00000006     sysbios.aem4f : BIOS.obj (.text:ti_sysbios_family_arm_lm4_TimestampProvider_Module_startup__E)
                  00004f36    00000002     --HOLE-- [fill = 0]
                  00004f38    00000006                   : BIOS.obj (.text:ti_sysbios_family_arm_m3_Hwi_doTaskRestore__I)
                  00004f3e    00000002     --HOLE-- [fill = 0]
                  00004f40    00000006                   : BIOS.obj (.text:ti_sysbios_family_arm_m3_Hwi_restoreFxn__E)
                  00004f46    00000002     --HOLE-- [fill = 0]
                  00004f48    00000006                   : BIOS.obj (.text:ti_sysbios_gates_GateHwi_leave__E)
                  00004f4e    00000002     --HOLE-- [fill = 0]
                  00004f50    00000006                   : BIOS.obj (.text:ti_sysbios_heaps_HeapMem_isBlocking__E)
                  00004f56    00000002     --HOLE-- [fill = 0]
                  00004f58    00000006                   : BIOS.obj (.text:ti_sysbios_knl_Queue_Instance_init__E)
                  00004f5e    00000002     --HOLE-- [fill = 0]
                  00004f60    00000006                   : BIOS.obj (.text:ti_sysbios_knl_Swi_startup__E)
                  00004f66    00000002     --HOLE-- [fill = 0]
                  00004f68    00000004                   : BIOS.obj (.text:ti_sysbios_family_arm_lm4_Timer_getPeriod__E)
                  00004f6c    00000004     --HOLE-- [fill = 0]
                  00004f70    00000004                   : BIOS.obj (.text:ti_sysbios_gates_GateHwi_query__E)
                  00004f74    00000004     --HOLE-- [fill = 0]
                  00004f78    00000004                   : BIOS.obj (.text:ti_sysbios_gates_GateMutex_query__E)
                  00004f7c    00000004     --HOLE-- [fill = 0]
                  00004f80    00000004                   : BIOS.obj (.text:ti_sysbios_knl_Task_startup__E)
                  00004f84    00000004     --HOLE-- [fill = 0]
                  00004f88    00000002                   : BIOS.obj (.text:ti_sysbios_gates_GateHwi_Instance_init__E)
                  00004f8a    00000006     --HOLE-- [fill = 0]
                  00004f90    00000002                   : BIOS.obj (.text:ti_sysbios_knl_Clock_logTick__E)

.const     0    00004f94    00002524     
                  00004f94    00001fa7     empty_min_pem4f.oem4f (.const:xdc_runtime_Text_charTab__A)
                  00006f3b    00000001     empty_min_pem4f.oem4f (.const:xdc_runtime_Error_policy__C)
                  00006f3c    00000100     empty_min_pem4f.oem4f (.const:xdc_runtime_Text_nodeTab__A)
                  0000703c    00000060     empty_min_pem4f.oem4f (.const:ti_uia_loggers_LoggerStopMode_Module__FXNS__C)
                  0000709c    00000048     empty_min_pem4f.oem4f (.const:.string)
                  000070e4    00000028     empty_min_pem4f.oem4f (.const:ti_sysbios_heaps_HeapMem_Module__FXNS__C)
                  0000710c    00000028     empty_min_pem4f.oem4f (.const:ti_uia_loggers_LoggerStopMode_Object__PARAMS__C)
                  00007134    00000028     empty_min_pem4f.oem4f (.const:xdc_runtime_Startup_sfxnTab__A)
                  0000715c    00000024     empty_min_pem4f.oem4f (.const:ti_sysbios_gates_GateHwi_Module__FXNS__C)
                  00007180    00000024     empty_min_pem4f.oem4f (.const:ti_sysbios_gates_GateMutex_Module__FXNS__C)
                  000071a4    00000024     empty_min_pem4f.oem4f (.const:ti_sysbios_heaps_HeapMem_Object__PARAMS__C)
                  000071c8    00000024     empty_min_pem4f.oem4f (.const:ti_sysbios_knl_Semaphore_Object__PARAMS__C)
                  000071ec    00000020     empty_min_pem4f.oem4f (.const:ti_sysbios_gates_GateHwi_Object__DESC__C)
                  0000720c    00000020     empty_min_pem4f.oem4f (.const:ti_sysbios_gates_GateMutex_Object__DESC__C)
                  0000722c    00000020     empty_min_pem4f.oem4f (.const:ti_sysbios_heaps_HeapMem_Object__DESC__C)
                  0000724c    00000020     empty_min_pem4f.oem4f (.const:ti_sysbios_knl_Queue_Object__DESC__C)
                  0000726c    00000020     empty_min_pem4f.oem4f (.const:ti_sysbios_knl_Semaphore_Object__DESC__C)
                  0000728c    00000020     empty_min_pem4f.oem4f (.const:ti_uia_loggers_LoggerStopMode_Object__DESC__C)
                  000072ac    00000018     empty_min_pem4f.oem4f (.const:ti_sysbios_gates_GateHwi_Object__PARAMS__C)
                  000072c4    00000018     empty_min_pem4f.oem4f (.const:ti_sysbios_gates_GateMutex_Object__PARAMS__C)
                  000072dc    00000018     empty_min_pem4f.oem4f (.const:ti_sysbios_knl_Queue_Object__PARAMS__C)
                  000072f4    00000014     empty_min_pem4f.oem4f (.const:xdc_runtime_Startup_firstFxns__A)
                  00007308    00000014     empty_min_pem4f.oem4f (.const:xdc_runtime_Startup_sfxnRts__A)
                  0000731c    00000008     empty_min_pem4f.oem4f (.const:ti_sysbios_family_arm_m3_Hwi_excHookFuncs__A)
                  00007324    00000008     empty_min_pem4f.oem4f (.const:ti_sysbios_knl_Idle_funcList__A)
                  0000732c    00000008     empty_min_pem4f.oem4f (.const:ti_sysbios_knl_Idle_funcList__C)
                  00007334    00000008     empty_min_pem4f.oem4f (.const:xdc_runtime_Startup_firstFxns__C)
                  0000733c    00000008     empty_min_pem4f.oem4f (.const:xdc_runtime_Startup_lastFxns__C)
                  00007344    00000004     empty_min_pem4f.oem4f (.const:ti_catalog_arm_cortexm4_tiva_ce_Boot_A_mustUseEnhancedClockMode__C)
                  00007348    00000004     empty_min_pem4f.oem4f (.const:ti_catalog_arm_cortexm4_tiva_ce_Boot_Module__diagsEnabled__C)
                  0000734c    00000004     empty_min_pem4f.oem4f (.const:ti_catalog_arm_cortexm4_tiva_ce_Boot_Module__diagsIncluded__C)
                  00007350    00000004     empty_min_pem4f.oem4f (.const:ti_catalog_arm_cortexm4_tiva_ce_Boot_Module__diagsMask__C)
                  00007354    00000004     empty_min_pem4f.oem4f (.const:ti_sysbios_family_arm_lm4_Timer_enableFunc__C)
                  00007358    00000004     empty_min_pem4f.oem4f (.const:ti_sysbios_family_arm_lm4_Timer_numTimerDevices__C)
                  0000735c    00000004     empty_min_pem4f.oem4f (.const:ti_sysbios_family_arm_lm4_Timer_startupNeeded__C)
                  00007360    00000004     empty_min_pem4f.oem4f (.const:ti_sysbios_family_arm_m3_Hwi_E_NMI__C)
                  00007364    00000004     empty_min_pem4f.oem4f (.const:ti_sysbios_family_arm_m3_Hwi_E_busFault__C)
                  00007368    00000004     empty_min_pem4f.oem4f (.const:ti_sysbios_family_arm_m3_Hwi_E_debugMon__C)
                  0000736c    00000004     empty_min_pem4f.oem4f (.const:ti_sysbios_family_arm_m3_Hwi_E_hardFault__C)
                  00007370    00000004     empty_min_pem4f.oem4f (.const:ti_sysbios_family_arm_m3_Hwi_E_memFault__C)
                  00007374    00000004     empty_min_pem4f.oem4f (.const:ti_sysbios_family_arm_m3_Hwi_E_noIsr__C)
                  00007378    00000004     empty_min_pem4f.oem4f (.const:ti_sysbios_family_arm_m3_Hwi_E_reserved__C)
                  0000737c    00000004     empty_min_pem4f.oem4f (.const:ti_sysbios_family_arm_m3_Hwi_E_svCall__C)
                  00007380    00000004     empty_min_pem4f.oem4f (.const:ti_sysbios_family_arm_m3_Hwi_E_usageFault__C)
                  00007384    00000004     empty_min_pem4f.oem4f (.const:ti_sysbios_family_arm_m3_Hwi_NUM_INTERRUPTS__C)
                  00007388    00000004     empty_min_pem4f.oem4f (.const:ti_sysbios_family_arm_m3_Hwi_Object__count__C)
                  0000738c    00000004     empty_min_pem4f.oem4f (.const:ti_sysbios_family_arm_m3_Hwi_ccr__C)
                  00007390    00000004     empty_min_pem4f.oem4f (.const:ti_sysbios_family_arm_m3_Hwi_excHandlerFunc__C)
                  00007394    00000004     empty_min_pem4f.oem4f (.const:ti_sysbios_family_arm_m3_Hwi_excHookFuncs__C)
                  00007398    00000004     empty_min_pem4f.oem4f (.const:ti_sysbios_family_arm_m3_Hwi_nullIsrFunc__C)
                  0000739c    00000004     empty_min_pem4f.oem4f (.const:ti_sysbios_family_arm_m3_Hwi_priGroup__C)
                  000073a0    00000004     empty_min_pem4f.oem4f (.const:ti_sysbios_gates_GateMutex_Instance_State_sem__O)
                  000073a4    00000004     empty_min_pem4f.oem4f (.const:ti_sysbios_hal_Hwi_E_stackOverflow__C)
                  000073a8    00000004     empty_min_pem4f.oem4f (.const:ti_sysbios_heaps_HeapMem_E_memory__C)
                  000073ac    00000004     empty_min_pem4f.oem4f (.const:ti_sysbios_heaps_HeapMem_Module__gateObj__C)
                  000073b0    00000004     empty_min_pem4f.oem4f (.const:ti_sysbios_heaps_HeapMem_Object__count__C)
                  000073b4    00000004     empty_min_pem4f.oem4f (.const:ti_sysbios_heaps_HeapMem_reqAlign__C)
                  000073b8    00000004     empty_min_pem4f.oem4f (.const:ti_sysbios_knl_Clock_Module_State_clockQ__O)
                  000073bc    00000004     empty_min_pem4f.oem4f (.const:ti_sysbios_knl_Semaphore_Instance_State_pendQ__O)
                  000073c0    00000004     empty_min_pem4f.oem4f (.const:ti_sysbios_knl_Swi_Object__count__C)
                  000073c4    00000004     empty_min_pem4f.oem4f (.const:ti_sysbios_knl_Task_E_spOutOfBounds__C)
                  000073c8    00000004     empty_min_pem4f.oem4f (.const:ti_sysbios_knl_Task_E_stackOverflow__C)
                  000073cc    00000004     empty_min_pem4f.oem4f (.const:ti_sysbios_knl_Task_Module_State_inactiveQ__O)
                  000073d0    00000004     empty_min_pem4f.oem4f (.const:ti_sysbios_knl_Task_Object__count__C)
                  000073d4    00000004     empty_min_pem4f.oem4f (.const:ti_sysbios_knl_Task_allBlockedFunc__C)
                  000073d8    00000004     empty_min_pem4f.oem4f (.const:ti_sysbios_knl_Task_numConstructedTasks__C)
                  000073dc    00000004     empty_min_pem4f.oem4f (.const:ti_sysbios_utils_Load_postUpdate__C)
                  000073e0    00000004     empty_min_pem4f.oem4f (.const:ti_sysbios_utils_Load_windowInMs__C)
                  000073e4    00000004     empty_min_pem4f.oem4f (.const:ti_uia_loggers_LoggerStopMode_Module__diagsEnabled__C)
                  000073e8    00000004     empty_min_pem4f.oem4f (.const:ti_uia_loggers_LoggerStopMode_Module__diagsIncluded__C)
                  000073ec    00000004     empty_min_pem4f.oem4f (.const:ti_uia_loggers_LoggerStopMode_Module__diagsMask__C)
                  000073f0    00000004     empty_min_pem4f.oem4f (.const:ti_uia_loggers_LoggerStopMode_Object__count__C)
                  000073f4    00000004     empty_min_pem4f.oem4f (.const:ti_uia_runtime_ILoggerSnapshot_Interface__BASE__C)
                  000073f8    00000004     empty_min_pem4f.oem4f (.const:ti_uia_runtime_IUIATransfer_Interface__BASE__C)
                  000073fc    00000004     empty_min_pem4f.oem4f (.const:xdc_runtime_Assert_E_assertFailed__C)
                  00007400    00000004     empty_min_pem4f.oem4f (.const:xdc_runtime_Core_A_initializedParams__C)
                  00007404    00000004     empty_min_pem4f.oem4f (.const:xdc_runtime_Core_Module__diagsEnabled__C)
                  00007408    00000004     empty_min_pem4f.oem4f (.const:xdc_runtime_Core_Module__diagsIncluded__C)
                  0000740c    00000004     empty_min_pem4f.oem4f (.const:xdc_runtime_Core_Module__diagsMask__C)
                  00007410    00000004     empty_min_pem4f.oem4f (.const:xdc_runtime_Error_E_memory__C)
                  00007414    00000004     empty_min_pem4f.oem4f (.const:xdc_runtime_Error_Module__diagsEnabled__C)
                  00007418    00000004     empty_min_pem4f.oem4f (.const:xdc_runtime_Error_Module__diagsIncluded__C)
                  0000741c    00000004     empty_min_pem4f.oem4f (.const:xdc_runtime_Error_Module__diagsMask__C)
                  00007420    00000004     empty_min_pem4f.oem4f (.const:xdc_runtime_Error_Module__loggerFxn8__C)
                  00007424    00000004     empty_min_pem4f.oem4f (.const:xdc_runtime_Error_Module__loggerObj__C)
                  00007428    00000004     empty_min_pem4f.oem4f (.const:xdc_runtime_Error_policyFxn__C)
                  0000742c    00000004     empty_min_pem4f.oem4f (.const:xdc_runtime_Error_raiseHook__C)
                  00007430    00000004     empty_min_pem4f.oem4f (.const:xdc_runtime_IFilterLogger_Interface__BASE__C)
                  00007434    00000004     empty_min_pem4f.oem4f (.const:xdc_runtime_IGateProvider_Interface__BASE__C)
                  00007438    00000004     empty_min_pem4f.oem4f (.const:xdc_runtime_IHeap_Interface__BASE__C)
                  0000743c    00000004     empty_min_pem4f.oem4f (.const:xdc_runtime_ILogger_Interface__BASE__C)
                  00007440    00000004     empty_min_pem4f.oem4f (.const:xdc_runtime_IModule_Interface__BASE__C)
                  00007444    00000004     empty_min_pem4f.oem4f (.const:xdc_runtime_Log_L_error__C)
                  00007448    00000004     empty_min_pem4f.oem4f (.const:xdc_runtime_Memory_defaultHeapInstance__C)
                  0000744c    00000004     empty_min_pem4f.oem4f (.const:xdc_runtime_Startup_execImpl__C)
                  00007450    00000004     empty_min_pem4f.oem4f (.const:xdc_runtime_Startup_lastFxns__A)
                  00007454    00000004     empty_min_pem4f.oem4f (.const:xdc_runtime_Startup_maxPasses__C)
                  00007458    00000004     empty_min_pem4f.oem4f (.const:xdc_runtime_Startup_sfxnRts__C)
                  0000745c    00000004     empty_min_pem4f.oem4f (.const:xdc_runtime_Startup_sfxnTab__C)
                  00007460    00000004     empty_min_pem4f.oem4f (.const:xdc_runtime_SysMin_bufSize__C)
                  00007464    00000004     empty_min_pem4f.oem4f (.const:xdc_runtime_SysMin_outputFunc__C)
                  00007468    00000004     empty_min_pem4f.oem4f (.const:xdc_runtime_System_Module__gateObj__C)
                  0000746c    00000004     empty_min_pem4f.oem4f (.const:xdc_runtime_System_abortFxn__C)
                  00007470    00000004     empty_min_pem4f.oem4f (.const:xdc_runtime_System_exitFxn__C)
                  00007474    00000004     empty_min_pem4f.oem4f (.const:xdc_runtime_System_extendFxn__C)
                  00007478    00000004     empty_min_pem4f.oem4f (.const:xdc_runtime_System_maxAtexitHandlers__C)
                  0000747c    00000004     empty_min_pem4f.oem4f (.const:xdc_runtime_Text_charTab__C)
                  00007480    00000004     empty_min_pem4f.oem4f (.const:xdc_runtime_Text_nameEmpty__C)
                  00007484    00000004     empty_min_pem4f.oem4f (.const:xdc_runtime_Text_nameStatic__C)
                  00007488    00000004     empty_min_pem4f.oem4f (.const:xdc_runtime_Text_nameUnknown__C)
                  0000748c    00000004     empty_min_pem4f.oem4f (.const:xdc_runtime_Text_nodeTab__C)
                  00007490    00000004     empty_min_pem4f.oem4f (.const:xdc_runtime_Text_visitRopeFxn__C)
                  00007494    00000002     empty_min_pem4f.oem4f (.const:ti_catalog_arm_cortexm4_tiva_ce_Boot_Module__id__C)
                  00007496    00000002     empty_min_pem4f.oem4f (.const:ti_sysbios_family_arm_lm4_TimestampProvider_useClockTimer__C)
                  00007498    00000002     empty_min_pem4f.oem4f (.const:ti_sysbios_family_arm_m3_Hwi_Module__id__C)
                  0000749a    00000002     empty_min_pem4f.oem4f (.const:ti_sysbios_hal_Hwi_Module__id__C)
                  0000749c    00000002     empty_min_pem4f.oem4f (.const:ti_sysbios_heaps_HeapMem_Module__id__C)
                  0000749e    00000002     empty_min_pem4f.oem4f (.const:ti_sysbios_knl_Task_Module__id__C)
                  000074a0    00000002     empty_min_pem4f.oem4f (.const:ti_sysbios_utils_Load_updateInIdle__C)
                  000074a2    00000002     empty_min_pem4f.oem4f (.const:ti_uia_loggers_LoggerStopMode_Module__id__C)
                  000074a4    00000002     empty_min_pem4f.oem4f (.const:ti_uia_loggers_LoggerStopMode_isTimestampEnabled__C)
                  000074a6    00000002     empty_min_pem4f.oem4f (.const:xdc_runtime_Core_Module__id__C)
                  000074a8    00000002     empty_min_pem4f.oem4f (.const:xdc_runtime_Error_Module__loggerDefined__C)
                  000074aa    00000002     empty_min_pem4f.oem4f (.const:xdc_runtime_Error_maxDepth__C)
                  000074ac    00000002     empty_min_pem4f.oem4f (.const:xdc_runtime_Memory_Module__id__C)
                  000074ae    00000002     empty_min_pem4f.oem4f (.const:xdc_runtime_SysMin_flushAtExit__C)
                  000074b0    00000002     empty_min_pem4f.oem4f (.const:xdc_runtime_Text_charCnt__C)
                  000074b2    00000002     empty_min_pem4f.oem4f (.const:xdc_runtime_Text_isLoaded__C)
                  000074b4    00000002     empty_min_pem4f.oem4f (.const:xdc_runtime_Text_registryModsLastId__C)
                  000074b6    00000002     empty_min_pem4f.oem4f (.const:xdc_runtime_Text_unnamedModsLastId__C)

.cinit     0    000074b8    00000470     
                  000074b8    00000439     (.cinit..data.load) [load image, compression = rle]
                  000078f1    00000003     --HOLE-- [fill = 0]
                  000078f4    0000000c     (__TI_handler_table)
                  00007900    00000008     (.cinit..bss.load) [load image, compression = zero_init]
                  00007908    00000008     (.cinit..vecs.load) [load image, compression = zero_init]
                  00007910    00000018     (__TI_cinit_table)

.init_array 
*          0    00000000    00000000     UNINITIALIZED

.resetVecs 
*          0    00000000    0000003c     
                  00000000    0000003c     empty_min_pem4f.oem4f (.resetVecs)

.vecs      0    20000000    00000360     UNINITIALIZED
                  20000000    00000360     empty_min_pem4f.oem4f (.vecs)

.bss       0    20000380    00001cb0     UNINITIALIZED
                  20000380    00000800     empty_min_pem4f.oem4f (.bss:taskStackSection)
                  20000b80    00000400     empty_min_pem4f.oem4f (.bss:ti_sysbios_heaps_HeapMem_Instance_State_0_buf__A)
                  20000f80    00000400     empty_min_pem4f.oem4f (.bss:ti_uia_loggers_LoggerStopMode_Instance_State_1_packetArray__A)
                  20001380    00000400     empty_min_pem4f.oem4f (.bss:ti_uia_loggers_LoggerStopMode_Instance_State_2_packetArray__A)
                  20001780    00000360     empty_min_pem4f.oem4f (.bss:ti_sysbios_family_arm_m3_Hwi_dispatchTable)
                  20001ae0    00000008     (.common:parmbuf)
                  20001ae8    00000018     --HOLE--
                  20001b00    00000200     empty_min_pem4f.oem4f (.bss:ti_uia_loggers_LoggerStopMode_Instance_State_0_packetArray__A)
                  20001d00    00000120     rtsv7M4_T_le_v4SPD16_eabi.lib : trgmsg.obj (.bss:__CIOBUF_)
                  20001e20    00000080     empty_min_pem4f.oem4f (.bss:xdc_runtime_SysMin_Module_State_0_outbuf__A)
                  20001ea0    00000060     --HOLE--
                  20001f00    00000030     empty_min_pem4f.oem4f (.bss:ti_uia_loggers_LoggerStopMode_Instance_State_0_hdr__A)
                  20001f30    00000050     --HOLE--
                  20001f80    00000030     empty_min_pem4f.oem4f (.bss:ti_uia_loggers_LoggerStopMode_Instance_State_1_hdr__A)
                  20001fb0    00000050     --HOLE--
                  20002000    00000030     empty_min_pem4f.oem4f (.bss:ti_uia_loggers_LoggerStopMode_Instance_State_2_hdr__A)

.data      0    20002030    0000065c     UNINITIALIZED
                  20002030    00000168     empty_min_pem4f.oem4f (.data)
                  20002198    0000009c     empty_min_pem4f.oem4f (.data:ti_uia_loggers_LoggerStopMode_Object__table__V)
                  20002234    00000098     empty_min_pem4f.oem4f (.data:ti_sysbios_utils_Load_Module__state__V)
                  200022cc    00000080     empty_min_pem4f.oem4f (.data:ti_sysbios_family_arm_lm4_Timer_Object__table__V)
                  2000234c    00000080     empty_min_pem4f.oem4f (.data:ti_sysbios_knl_Swi_Module_State_0_readyQ__A)
                  200023cc    00000080     empty_min_pem4f.oem4f (.data:ti_sysbios_knl_Task_Module_State_0_readyQ__A)
                  2000244c    00000060     empty_min_pem4f.oem4f (.data:ti_sysbios_knl_Swi_Object__table__V)
                  200024ac    0000004c     empty_min_pem4f.oem4f (.data:ti_sysbios_knl_Task_Object__table__V)
                  200024f8    00000048     empty_min_pem4f.oem4f (.data:ti_sysbios_family_arm_m3_Hwi_Object__table__V)
                  20002540    00000044     empty_min_pem4f.oem4f (.data:ti_sysbios_knl_Task_Module__state__V)
                  20002584    00000038     empty_min_pem4f.oem4f (.data:ti_sysbios_gates_GateMutex_Object__table__V)
                  200025bc    00000034     empty_min_pem4f.oem4f (.data:ti_sysbios_family_arm_m3_Hwi_Module__state__V)
                  200025f0    00000030     empty_min_pem4f.oem4f (.data:ti_sysbios_family_arm_lm4_Timer_Module_State_0_device__A)
                  20002620    0000002c     empty_min_pem4f.oem4f (.data:ti_sysbios_knl_Clock_Module__state__V)
                  2000264c    00000024     empty_min_pem4f.oem4f (.data:ti_sysbios_BIOS_Module__state__V)
                  20002670    00000008     rtsv7M4_T_le_v4SPD16_eabi.lib : _lock.obj (.data)
                  20002678    00000008                                   : exit.obj (.data)
                  20002680    00000008     ti.uia.runtime.aem4f : QueueDescriptor.oem4f (.data)
                  20002688    00000004     rtsv7M4_T_le_v4SPD16_eabi.lib : stkdepth_vars.obj (.data)

.stack     0    2000268c    00000300     UNINITIALIZED
                  2000268c    00000300     --HOLE--

.bootVecs 
*          0    00000000    00000008     DSECT
                  00000000    00000008     boot.aem4f : boot.oem4f (.bootVecs)

xdc.meta   0    00000000    000000e2     COPY SECTION
                  00000000    000000e2     empty_min_pem4f.oem4f (xdc.meta)

.TI.noinit 
*          0    20000380    00000000     UNINITIALIZED

.TI.persistent 
*          0    20002030    00000000     UNINITIALIZED


LINKER GENERATED COPY TABLES

__TI_cinit_table @ 00007910 records: 3, size/record: 8, table size: 24
	.data: load addr=000074b8, load size=00000439 bytes, run addr=20002030, run size=0000065c bytes, compression=rle
	.bss: load addr=00007900, load size=00000008 bytes, run addr=20000380, run size=00001cb0 bytes, compression=zero_init
	.vecs: load addr=00007908, load size=00000008 bytes, run addr=20000000, run size=00000360 bytes, compression=zero_init


LINKER GENERATED HANDLER TABLE

__TI_handler_table @ 000078f4 records: 3, size/record: 4, table size: 12
	index: 0, handler: __TI_decompress_rle24
	index: 1, handler: __TI_decompress_none
	index: 2, handler: __TI_zero_init


GLOBAL SYMBOLS: SORTED ALPHABETICALLY BY Name 

address   name                                                              
-------   ----                                                              
00003305  BLUE_LED_Init                                                     
00003c69  C$$EXIT                                                           
000031ff  C$$IO$$                                                           
00000a49  HOSTclock                                                         
00000a11  HOSTclose                                                         
000009d3  HOSTgetenv                                                        
00000977  HOSTlseek                                                         
00000925  HOSTopen                                                          
000008d9  HOSTread                                                          
0000087b  HOSTrename                                                        
00000841  HOSTtime                                                          
00000809  HOSTunlink                                                        
000007bd  HOSTwrite                                                         
00004cf5  LEDToggle                                                         
UNDEFED   SHT$$INIT_ARRAY$$Base                                             
UNDEFED   SHT$$INIT_ARRAY$$Limit                                            
00001b79  SysCtlClockSet                                                    
000045b3  SysCtlDelay                                                       
00000c8d  TimerIntClear                                                     
00004c2d  Timer_ISR                                                         
00000000  __ASM__                                                           
20001d00  __CIOBUF_                                                         
00000060  __ISA__                                                           
00000073  __PLAT__                                                          
2000298c  __STACK_END                                                       
00000300  __STACK_SIZE                                                      
00000094  __TARG__                                                          
00007910  __TI_CINIT_Base                                                   
00007928  __TI_CINIT_Limit                                                  
000078f4  __TI_Handler_Table_Base                                           
00007900  __TI_Handler_Table_Limit                                          
00002575  __TI_auto_init                                                    
20002678  __TI_cleanup_ptr                                                  
00004e19  __TI_decompress_none                                              
00004f1f  __TI_decompress_rle24                                             
2000267c  __TI_dtors_ptr                                                    
00003203  __TI_readmsg                                                      
000074b8  __TI_static_base__                                                
000031d1  __TI_writemsg                                                     
00004e55  __TI_zero_init                                                    
000000ba  __TRDR__                                                          
00002887  __aeabi_idiv0                                                     
00002cf5  __aeabi_memclr                                                    
00002cf5  __aeabi_memclr4                                                   
00002cf5  __aeabi_memclr8                                                   
000026b5  __aeabi_memcpy                                                    
000026b5  __aeabi_memcpy4                                                   
000026b5  __aeabi_memcpy8                                                   
00002cf7  __aeabi_memset                                                    
00002cf7  __aeabi_memset4                                                   
00002cf7  __aeabi_memset8                                                   
00003e95  __aeabi_uidiv                                                     
00003e95  __aeabi_uidivmod                                                  
ffffffff  __binit__                                                         
ffffffff  __c_args__                                                        
2000268c  __stack                                                           
00004f19  __xdc__init                                                       
20002194  __xdc__init__addr                                                 
00004b0d  _args_main                                                        
000036d9  _c_int00                                                          
20002670  _lock                                                             
00004c4f  _nop                                                              
00004c47  _register_lock                                                    
00004c41  _register_unlock                                                  
20002674  _unlock                                                           
00003c6d  abort                                                             
ffffffff  binit                                                             
00003979  copy_in                                                           
00003c75  exit                                                              
00002d71  main                                                              
20002688  main_func_sp                                                      
000026b5  memcpy                                                            
00002cfd  memset                                                            
00004d99  osi_TaskDisable                                                   
00004d29  osi_start                                                         
00004c55  strcpy                                                            
00004c69  strlen                                                            
00007344  ti_catalog_arm_cortexm4_tiva_ce_Boot_A_mustUseEnhancedClockMode__C
00007348  ti_catalog_arm_cortexm4_tiva_ce_Boot_Module__diagsEnabled__C      
0000734c  ti_catalog_arm_cortexm4_tiva_ce_Boot_Module__diagsIncluded__C     
00007350  ti_catalog_arm_cortexm4_tiva_ce_Boot_Module__diagsMask__C         
00007494  ti_catalog_arm_cortexm4_tiva_ce_Boot_Module__id__C                
00004e49  ti_catalog_arm_cortexm4_tiva_ce_Boot_init__I                      
00001789  ti_catalog_arm_cortexm4_tiva_ce_Boot_sysCtlClockSetI__I           
00002889  ti_catalog_arm_cortexm4_tiva_ce_Boot_sysCtlClockSet__E            
00004f25  ti_catalog_arm_cortexm4_tiva_ce_Boot_sysCtlDelayI__I              
2000264c  ti_sysbios_BIOS_Module__state__V                                  
00004a55  ti_sysbios_BIOS_RtsGateProxy_Handle__label__S                     
00004699  ti_sysbios_BIOS_RtsGateProxy_Object__delete__S                    
00000e05  ti_sysbios_BIOS_RtsGateProxy_enter__E                             
00000f6d  ti_sysbios_BIOS_RtsGateProxy_leave__E                             
00004f79  ti_sysbios_BIOS_RtsGateProxy_query__E                             
00004235  ti_sysbios_BIOS_atExitFunc__I                                     
000048e1  ti_sysbios_BIOS_errorRaiseHook__I                                 
00004be9  ti_sysbios_BIOS_exitFunc__I                                       
00004d09  ti_sysbios_BIOS_getCpuFreq__E                                     
00002d6f  ti_sysbios_BIOS_nullFunc__I                                       
0000462d  ti_sysbios_BIOS_registerRTSLock__I                                
00004651  ti_sysbios_BIOS_removeRTSLock__I                                  
0000479d  ti_sysbios_BIOS_rtsLock__I                                        
00004b25  ti_sysbios_BIOS_rtsUnlock__I                                      
00004d19  ti_sysbios_BIOS_setThreadType__E                                  
00004675  ti_sysbios_BIOS_startFunc__I                                      
00004d29  ti_sysbios_BIOS_start__E                                          
200025f0  ti_sysbios_family_arm_lm4_Timer_Module_State_0_device__A          
20002058  ti_sysbios_family_arm_lm4_Timer_Module_State_0_handles__A         
20002050  ti_sysbios_family_arm_lm4_Timer_Module__root__V                   
00004b3d  ti_sysbios_family_arm_lm4_Timer_Module__startupDone__F            
00004b3d  ti_sysbios_family_arm_lm4_Timer_Module__startupDone__S            
20002070  ti_sysbios_family_arm_lm4_Timer_Module__state__V                  
00003369  ti_sysbios_family_arm_lm4_Timer_Module_startup__E                 
200022cc  ti_sysbios_family_arm_lm4_Timer_Object__table__V                  
00007354  ti_sysbios_family_arm_lm4_Timer_enableFunc__C                     
00003b01  ti_sysbios_family_arm_lm4_Timer_enableTimers__I                   
000024c9  ti_sysbios_family_arm_lm4_Timer_enableTiva__I                     
00002b69  ti_sysbios_family_arm_lm4_Timer_getExpiredCounts__E               
00004e61  ti_sysbios_family_arm_lm4_Timer_getMaxTicks__E                    
00004f69  ti_sysbios_family_arm_lm4_Timer_getPeriod__E                      
00003789  ti_sysbios_family_arm_lm4_Timer_initDevice__I                     
00003cb1  ti_sysbios_family_arm_lm4_Timer_isrStub__E                        
00004efd  ti_sysbios_family_arm_lm4_Timer_masterDisable__I                  
000010c5  ti_sysbios_family_arm_lm4_Timer_masterEnable__I                   
00007358  ti_sysbios_family_arm_lm4_Timer_numTimerDevices__C                
00001681  ti_sysbios_family_arm_lm4_Timer_start__E                          
0000735c  ti_sysbios_family_arm_lm4_Timer_startupNeeded__C                  
00003ed9  ti_sysbios_family_arm_lm4_Timer_startup__E                        
00004269  ti_sysbios_family_arm_lm4_Timer_stop__E                           
00004759  ti_sysbios_family_arm_lm4_Timer_write__I                          
2000207c  ti_sysbios_family_arm_lm4_TimestampProvider_Module__state__V      
00004f31  ti_sysbios_family_arm_lm4_TimestampProvider_Module_startup__E     
000037e1  ti_sysbios_family_arm_lm4_TimestampProvider_get32__E              
00001461  ti_sysbios_family_arm_lm4_TimestampProvider_get64__E              
00004d09  ti_sysbios_family_arm_lm4_TimestampProvider_getFreq__E            
00004d39  ti_sysbios_family_arm_lm4_TimestampProvider_rolloverFunc__E       
00004e71  ti_sysbios_family_arm_lm4_TimestampProvider_startTimer__E         
00007496  ti_sysbios_family_arm_lm4_TimestampProvider_useClockTimer__C      
00007360  ti_sysbios_family_arm_m3_Hwi_E_NMI__C                             
00007364  ti_sysbios_family_arm_m3_Hwi_E_busFault__C                        
00007368  ti_sysbios_family_arm_m3_Hwi_E_debugMon__C                        
0000736c  ti_sysbios_family_arm_m3_Hwi_E_hardFault__C                       
00007370  ti_sysbios_family_arm_m3_Hwi_E_memFault__C                        
00007374  ti_sysbios_family_arm_m3_Hwi_E_noIsr__C                           
00007378  ti_sysbios_family_arm_m3_Hwi_E_reserved__C                        
0000737c  ti_sysbios_family_arm_m3_Hwi_E_svCall__C                          
00007380  ti_sysbios_family_arm_m3_Hwi_E_usageFault__C                      
00004a21  ti_sysbios_family_arm_m3_Hwi_Handle__label__S                     
2000208c  ti_sysbios_family_arm_m3_Hwi_Module_State_0_excActive__A          
20002090  ti_sysbios_family_arm_m3_Hwi_Module_State_0_excContext__A         
20002094  ti_sysbios_family_arm_m3_Hwi_Module_State_0_excStack__A           
00007498  ti_sysbios_family_arm_m3_Hwi_Module__id__C                        
20002084  ti_sysbios_family_arm_m3_Hwi_Module__root__V                      
00004b55  ti_sysbios_family_arm_m3_Hwi_Module__startupDone__F               
00004b55  ti_sysbios_family_arm_m3_Hwi_Module__startupDone__S               
200025bc  ti_sysbios_family_arm_m3_Hwi_Module__state__V                     
00003889  ti_sysbios_family_arm_m3_Hwi_Module_startup__E                    
00007384  ti_sysbios_family_arm_m3_Hwi_NUM_INTERRUPTS__C                    
00007388  ti_sysbios_family_arm_m3_Hwi_Object__count__C                     
00004c7d  ti_sysbios_family_arm_m3_Hwi_Object__get__S                       
200024f8  ti_sysbios_family_arm_m3_Hwi_Object__table__V                     
0000738c  ti_sysbios_family_arm_m3_Hwi_ccr__C                               
00004e81  ti_sysbios_family_arm_m3_Hwi_disableFxn__E                        
00003b49  ti_sysbios_family_arm_m3_Hwi_disableInterrupt__E                  
000033d1  ti_sysbios_family_arm_m3_Hwi_dispatchC__I                         
20001780  ti_sysbios_family_arm_m3_Hwi_dispatchTable                        
00001c6d  ti_sysbios_family_arm_m3_Hwi_dispatch__I                          
00004f09  ti_sysbios_family_arm_m3_Hwi_doSwiRestore__I                      
00004f39  ti_sysbios_family_arm_m3_Hwi_doTaskRestore__I                     
00003b91  ti_sysbios_family_arm_m3_Hwi_enableInterrupt__E                   
00000c91  ti_sysbios_family_arm_m3_Hwi_excBusFault__I                       
00002291  ti_sysbios_family_arm_m3_Hwi_excDebugMon__I                       
00000041  ti_sysbios_family_arm_m3_Hwi_excDumpRegs__I                       
000047bd  ti_sysbios_family_arm_m3_Hwi_excHandlerAsm__I                     
00007390  ti_sysbios_family_arm_m3_Hwi_excHandlerFunc__C                    
00000a91  ti_sysbios_family_arm_m3_Hwi_excHandlerMax__I                     
000047e1  ti_sysbios_family_arm_m3_Hwi_excHandler__I                        
00002351  ti_sysbios_family_arm_m3_Hwi_excHardFault__I                      
0000731c  ti_sysbios_family_arm_m3_Hwi_excHookFuncs__A                      
00007394  ti_sysbios_family_arm_m3_Hwi_excHookFuncs__C                      
000010c9  ti_sysbios_family_arm_m3_Hwi_excMemFault__I                       
000040f9  ti_sysbios_family_arm_m3_Hwi_excNmi__I                            
00004019  ti_sysbios_family_arm_m3_Hwi_excNoIsr__I                          
00003bd9  ti_sysbios_family_arm_m3_Hwi_excReserved__I                       
00003f59  ti_sysbios_family_arm_m3_Hwi_excSvCall__I                         
00000e09  ti_sysbios_family_arm_m3_Hwi_excUsageFault__I                     
00003cf9  ti_sysbios_family_arm_m3_Hwi_getStackInfo__E                      
00002921  ti_sysbios_family_arm_m3_Hwi_initNVIC__E                          
00003731  ti_sysbios_family_arm_m3_Hwi_initStacks__E                        
00007398  ti_sysbios_family_arm_m3_Hwi_nullIsrFunc__C                       
e000e000  ti_sysbios_family_arm_m3_Hwi_nvic                                 
000045e1  ti_sysbios_family_arm_m3_Hwi_pendSV__I                            
00002bf1  ti_sysbios_family_arm_m3_Hwi_postInit__I                          
0000739c  ti_sysbios_family_arm_m3_Hwi_priGroup__C                          
20000000  ti_sysbios_family_arm_m3_Hwi_ramVectors                           
00000000  ti_sysbios_family_arm_m3_Hwi_resetVectors                         
00004f41  ti_sysbios_family_arm_m3_Hwi_restoreFxn__E                        
00004605  ti_sysbios_family_arm_m3_Hwi_return                               
00004f11  ti_sysbios_family_arm_m3_Hwi_startup__E                           
00004c91  ti_sysbios_family_arm_m3_Hwi_switchFromBootStack__E               
0000167d  ti_sysbios_family_arm_m3_TaskSupport_Module__startupDone__S       
00002add  ti_sysbios_family_arm_m3_TaskSupport_buildTaskStack               
00004e91  ti_sysbios_family_arm_m3_TaskSupport_checkStack__E                
00004d49  ti_sysbios_family_arm_m3_TaskSupport_glue                         
00004299  ti_sysbios_family_arm_m3_TaskSupport_start__E                     
00004b6d  ti_sysbios_family_arm_m3_TaskSupport_swap__E                      
000048ff  ti_sysbios_family_xxx_Hwi_switchAndRunFunc                        
00004a3b  ti_sysbios_gates_GateHwi_Handle__label__S                         
00004f89  ti_sysbios_gates_GateHwi_Instance_init__E                         
0000715c  ti_sysbios_gates_GateHwi_Module__FXNS__C                          
20002098  ti_sysbios_gates_GateHwi_Module__root__V                          
000071ec  ti_sysbios_gates_GateHwi_Object__DESC__C                          
000072ac  ti_sysbios_gates_GateHwi_Object__PARAMS__C                        
000042c9  ti_sysbios_gates_GateHwi_Object__create__S                        
00004801  ti_sysbios_gates_GateHwi_Object__delete__S                        
200020a0  ti_sysbios_gates_GateHwi_Object__table__V                         
00004ea1  ti_sysbios_gates_GateHwi_enter__E                                 
00004f49  ti_sysbios_gates_GateHwi_leave__E                                 
00004f71  ti_sysbios_gates_GateHwi_query__E                                 
00004a55  ti_sysbios_gates_GateMutex_Handle__label__S                       
000073a0  ti_sysbios_gates_GateMutex_Instance_State_sem__O                  
00004d59  ti_sysbios_gates_GateMutex_Instance_finalize__E                   
00004921  ti_sysbios_gates_GateMutex_Instance_init__E                       
00007180  ti_sysbios_gates_GateMutex_Module__FXNS__C                        
200020a4  ti_sysbios_gates_GateMutex_Module__root__V                        
0000720c  ti_sysbios_gates_GateMutex_Object__DESC__C                        
000072c4  ti_sysbios_gates_GateMutex_Object__PARAMS__C                      
000042f9  ti_sysbios_gates_GateMutex_Object__create__S                      
00004699  ti_sysbios_gates_GateMutex_Object__delete__S                      
20002584  ti_sysbios_gates_GateMutex_Object__table__V                       
00004329  ti_sysbios_gates_GateMutex_enter__E                               
00004b89  ti_sysbios_gates_GateMutex_leave__E                               
00004f79  ti_sysbios_gates_GateMutex_query__E                               
000073a4  ti_sysbios_hal_Hwi_E_stackOverflow__C                             
00004a21  ti_sysbios_hal_Hwi_HwiProxy_Handle__label__S                      
00004b55  ti_sysbios_hal_Hwi_HwiProxy_Module__startupDone__S                
00003b49  ti_sysbios_hal_Hwi_HwiProxy_disableInterrupt__E                   
00004e81  ti_sysbios_hal_Hwi_HwiProxy_disable__E                            
00003b91  ti_sysbios_hal_Hwi_HwiProxy_enableInterrupt__E                    
00003cf9  ti_sysbios_hal_Hwi_HwiProxy_getStackInfo__E                       
00004f41  ti_sysbios_hal_Hwi_HwiProxy_restore__E                            
00004f11  ti_sysbios_hal_Hwi_HwiProxy_startup__E                            
00004c91  ti_sysbios_hal_Hwi_HwiProxy_switchFromBootStack__E                
0000749a  ti_sysbios_hal_Hwi_Module__id__C                                  
200020ac  ti_sysbios_hal_Hwi_Module__root__V                                
00004cd1  ti_sysbios_hal_Hwi_Module_startup__E                              
200020b4  ti_sysbios_hal_Hwi_Object__table__V                               
00004131  ti_sysbios_hal_Hwi_checkStack                                     
00004201  ti_sysbios_hal_Hwi_initStack                                      
000073a8  ti_sysbios_heaps_HeapMem_E_memory__C                              
00004a6f  ti_sysbios_heaps_HeapMem_Handle__label__S                         
20000b80  ti_sysbios_heaps_HeapMem_Instance_State_0_buf__A                  
00003f19  ti_sysbios_heaps_HeapMem_Instance_init__E                         
00004a55  ti_sysbios_heaps_HeapMem_Module_GateProxy_Handle__label__S        
00004699  ti_sysbios_heaps_HeapMem_Module_GateProxy_Object__delete__S       
0000234d  ti_sysbios_heaps_HeapMem_Module_GateProxy_enter__E                
0000240d  ti_sysbios_heaps_HeapMem_Module_GateProxy_leave__E                
00004f79  ti_sysbios_heaps_HeapMem_Module_GateProxy_query__E                
000070e4  ti_sysbios_heaps_HeapMem_Module__FXNS__C                          
000073ac  ti_sysbios_heaps_HeapMem_Module__gateObj__C                       
0000749c  ti_sysbios_heaps_HeapMem_Module__id__C                            
200020bc  ti_sysbios_heaps_HeapMem_Module__root__V                          
0000722c  ti_sysbios_heaps_HeapMem_Object__DESC__C                          
000071a4  ti_sysbios_heaps_HeapMem_Object__PARAMS__C                        
000073b0  ti_sysbios_heaps_HeapMem_Object__count__C                         
00004359  ti_sysbios_heaps_HeapMem_Object__create__S                        
00004821  ti_sysbios_heaps_HeapMem_Object__delete__S                        
00004ca5  ti_sysbios_heaps_HeapMem_Object__get__S                           
200020c4  ti_sysbios_heaps_HeapMem_Object__table__V                         
000020f9  ti_sysbios_heaps_HeapMem_alloc__E                                 
00002c79  ti_sysbios_heaps_HeapMem_free__E                                  
000039c9  ti_sysbios_heaps_HeapMem_getStats__E                              
00003f99  ti_sysbios_heaps_HeapMem_init__I                                  
00004f51  ti_sysbios_heaps_HeapMem_isBlocking__E                            
000073b4  ti_sysbios_heaps_HeapMem_reqAlign__C                              
000073b8  ti_sysbios_knl_Clock_Module_State_clockQ__O                       
200020dc  ti_sysbios_knl_Clock_Module__root__V                              
20002620  ti_sysbios_knl_Clock_Module__state__V                             
000046c1  ti_sysbios_knl_Clock_Module_startup__E                            
00004b3d  ti_sysbios_knl_Clock_TimerProxy_Module__startupDone__S            
000024c5  ti_sysbios_knl_Clock_TimerProxy_getMaxTicks__E                    
000029b5  ti_sysbios_knl_Clock_TimerProxy_getPeriod__E                      
00003ed9  ti_sysbios_knl_Clock_TimerProxy_startup__E                        
000044d9  ti_sysbios_knl_Clock_doTick__I                                    
00004f91  ti_sysbios_knl_Clock_logTick__E                                   
00002f41  ti_sysbios_knl_Clock_workFunc__E                                  
200020e4  ti_sysbios_knl_Event_Module__root__V                              
00007324  ti_sysbios_knl_Idle_funcList__A                                   
0000732c  ti_sysbios_knl_Idle_funcList__C                                   
00004e29  ti_sysbios_knl_Idle_loop__E                                       
00004841  ti_sysbios_knl_Idle_run__E                                        
00004f59  ti_sysbios_knl_Queue_Instance_init__E                             
200020f0  ti_sysbios_knl_Queue_Module__root__V                              
[...]
00004e19  __TI_decompress_none                                              
00004e29  ti_sysbios_knl_Idle_loop__E                                       
00004e39  ti_sysbios_knl_Queue_empty__E                                     
00004e49  ti_catalog_arm_cortexm4_tiva_ce_Boot_init__I                      
00004e55  __TI_zero_init                                                    
00004e61  ti_sysbios_family_arm_lm4_Timer_getMaxTicks__E                    
00004e71  ti_sysbios_family_arm_lm4_TimestampProvider_startTimer__E         
00004e81  ti_sysbios_family_arm_m3_Hwi_disableFxn__E                        
00004e81  ti_sysbios_hal_Hwi_HwiProxy_disable__E                            
00004e91  ti_sysbios_family_arm_m3_TaskSupport_checkStack__E                
00004e91  ti_sysbios_knl_Task_SupportProxy_checkStack__E                    
00004ea1  ti_sysbios_gates_GateHwi_enter__E                                 
00004ead  ti_sysbios_knl_Queue_Object__get__S                               
00004eb9  xdc_runtime_Error_init__E                                         
00004ec5  xdc_runtime_Gate_enterSystem__E                                   
00004ed1  xdc_runtime_Memory_calloc__E                                      
00004edd  xdc_runtime_Memory_getMaxDefaultTypeAlign__E                      
00004ee9  xdc_runtime_Memory_HeapProxy_alloc__E                             
00004ef3  xdc_runtime_Memory_HeapProxy_free__E                              
00004efd  ti_sysbios_family_arm_lm4_Timer_masterDisable__I                  
00004f09  ti_sysbios_family_arm_m3_Hwi_doSwiRestore__I                      
00004f11  ti_sysbios_family_arm_m3_Hwi_startup__E                           
00004f11  ti_sysbios_hal_Hwi_HwiProxy_startup__E                            
00004f19  __xdc__init                                                       
00004f1f  __TI_decompress_rle24                                             
00004f25  ti_catalog_arm_cortexm4_tiva_ce_Boot_sysCtlDelayI__I              
00004f2b  xdc_runtime_System_Module_startup__E                              
00004f31  ti_sysbios_family_arm_lm4_TimestampProvider_Module_startup__E     
00004f39  ti_sysbios_family_arm_m3_Hwi_doTaskRestore__I                     
00004f41  ti_sysbios_family_arm_m3_Hwi_restoreFxn__E                        
00004f41  ti_sysbios_hal_Hwi_HwiProxy_restore__E                            
00004f49  ti_sysbios_gates_GateHwi_leave__E                                 
00004f51  ti_sysbios_heaps_HeapMem_isBlocking__E                            
00004f59  ti_sysbios_knl_Queue_Instance_init__E                             
00004f61  ti_sysbios_knl_Swi_startup__E                                     
00004f69  ti_sysbios_family_arm_lm4_Timer_getPeriod__E                      
00004f71  ti_sysbios_gates_GateHwi_query__E                                 
00004f71  xdc_runtime_Main_Module_GateProxy_query__E                        
00004f71  xdc_runtime_System_Module_GateProxy_query__E                      
00004f79  ti_sysbios_BIOS_RtsGateProxy_query__E                             
00004f79  ti_sysbios_gates_GateMutex_query__E                               
00004f79  ti_sysbios_heaps_HeapMem_Module_GateProxy_query__E                
00004f81  ti_sysbios_knl_Task_startup__E                                    
00004f89  ti_sysbios_gates_GateHwi_Instance_init__E                         
00004f91  ti_sysbios_knl_Clock_logTick__E                                   
00004f94  xdc_runtime_Text_charTab__A                                       
00006f3b  xdc_runtime_Error_policy__C                                       
00006f3c  xdc_runtime_Text_nodeTab__A                                       
0000703c  ti_uia_loggers_LoggerStopMode_Module__FXNS__C                     
000070e4  ti_sysbios_heaps_HeapMem_Module__FXNS__C                          
0000710c  ti_uia_loggers_LoggerStopMode_Object__PARAMS__C                   
00007134  xdc_runtime_Startup_sfxnTab__A                                    
0000715c  ti_sysbios_gates_GateHwi_Module__FXNS__C                          
00007180  ti_sysbios_gates_GateMutex_Module__FXNS__C                        
000071a4  ti_sysbios_heaps_HeapMem_Object__PARAMS__C                        
000071c8  ti_sysbios_knl_Semaphore_Object__PARAMS__C                        
000071ec  ti_sysbios_gates_GateHwi_Object__DESC__C                          
0000720c  ti_sysbios_gates_GateMutex_Object__DESC__C                        
0000722c  ti_sysbios_heaps_HeapMem_Object__DESC__C                          
0000724c  ti_sysbios_knl_Queue_Object__DESC__C                              
0000726c  ti_sysbios_knl_Semaphore_Object__DESC__C                          
0000728c  ti_uia_loggers_LoggerStopMode_Object__DESC__C                     
000072ac  ti_sysbios_gates_GateHwi_Object__PARAMS__C                        
000072c4  ti_sysbios_gates_GateMutex_Object__PARAMS__C                      
000072dc  ti_sysbios_knl_Queue_Object__PARAMS__C                            
000072f4  xdc_runtime_Startup_firstFxns__A                                  
00007308  xdc_runtime_Startup_sfxnRts__A                                    
0000731c  ti_sysbios_family_arm_m3_Hwi_excHookFuncs__A                      
00007324  ti_sysbios_knl_Idle_funcList__A                                   
0000732c  ti_sysbios_knl_Idle_funcList__C                                   
00007334  xdc_runtime_Startup_firstFxns__C                                  
0000733c  xdc_runtime_Startup_lastFxns__C                                   
00007344  ti_catalog_arm_cortexm4_tiva_ce_Boot_A_mustUseEnhancedClockMode__C
00007348  ti_catalog_arm_cortexm4_tiva_ce_Boot_Module__diagsEnabled__C      
0000734c  ti_catalog_arm_cortexm4_tiva_ce_Boot_Module__diagsIncluded__C     
00007350  ti_catalog_arm_cortexm4_tiva_ce_Boot_Module__diagsMask__C         
00007354  ti_sysbios_family_arm_lm4_Timer_enableFunc__C                     
00007358  ti_sysbios_family_arm_lm4_Timer_numTimerDevices__C                
0000735c  ti_sysbios_family_arm_lm4_Timer_startupNeeded__C                  
00007360  ti_sysbios_family_arm_m3_Hwi_E_NMI__C                             
00007364  ti_sysbios_family_arm_m3_Hwi_E_busFault__C                        
00007368  ti_sysbios_family_arm_m3_Hwi_E_debugMon__C                        
0000736c  ti_sysbios_family_arm_m3_Hwi_E_hardFault__C                       
00007370  ti_sysbios_family_arm_m3_Hwi_E_memFault__C                        
00007374  ti_sysbios_family_arm_m3_Hwi_E_noIsr__C                           
00007378  ti_sysbios_family_arm_m3_Hwi_E_reserved__C                        
0000737c  ti_sysbios_family_arm_m3_Hwi_E_svCall__C                          
00007380  ti_sysbios_family_arm_m3_Hwi_E_usageFault__C                      
00007384  ti_sysbios_family_arm_m3_Hwi_NUM_INTERRUPTS__C                    
00007388  ti_sysbios_family_arm_m3_Hwi_Object__count__C                     
0000738c  ti_sysbios_family_arm_m3_Hwi_ccr__C                               
00007390  ti_sysbios_family_arm_m3_Hwi_excHandlerFunc__C                    
00007394  ti_sysbios_family_arm_m3_Hwi_excHookFuncs__C                      
00007398  ti_sysbios_family_arm_m3_Hwi_nullIsrFunc__C                       
0000739c  ti_sysbios_family_arm_m3_Hwi_priGroup__C                          
000073a0  ti_sysbios_gates_GateMutex_Instance_State_sem__O                  
000073a4  ti_sysbios_hal_Hwi_E_stackOverflow__C                             
000073a8  ti_sysbios_heaps_HeapMem_E_memory__C                              
000073ac  ti_sysbios_heaps_HeapMem_Module__gateObj__C                       
000073b0  ti_sysbios_heaps_HeapMem_Object__count__C                         
000073b4  ti_sysbios_heaps_HeapMem_reqAlign__C                              
000073b8  ti_sysbios_knl_Clock_Module_State_clockQ__O                       
000073bc  ti_sysbios_knl_Semaphore_Instance_State_pendQ__O                  
000073c0  ti_sysbios_knl_Swi_Object__count__C                               
000073c4  ti_sysbios_knl_Task_E_spOutOfBounds__C                            
000073c8  ti_sysbios_knl_Task_E_stackOverflow__C                            
000073cc  ti_sysbios_knl_Task_Module_State_inactiveQ__O                     
000073d0  ti_sysbios_knl_Task_Object__count__C                              
000073d4  ti_sysbios_knl_Task_allBlockedFunc__C                             
000073d8  ti_sysbios_knl_Task_numConstructedTasks__C                        
000073dc  ti_sysbios_utils_Load_postUpdate__C                               
000073e0  ti_sysbios_utils_Load_windowInMs__C                               
000073e4  ti_uia_loggers_LoggerStopMode_Module__diagsEnabled__C             
000073e8  ti_uia_loggers_LoggerStopMode_Module__diagsIncluded__C            
000073ec  ti_uia_loggers_LoggerStopMode_Module__diagsMask__C                
000073f0  ti_uia_loggers_LoggerStopMode_Object__count__C                    
000073f4  ti_uia_runtime_ILoggerSnapshot_Interface__BASE__C                 
000073f8  ti_uia_runtime_IUIATransfer_Interface__BASE__C                    
000073fc  xdc_runtime_Assert_E_assertFailed__C                              
00007400  xdc_runtime_Core_A_initializedParams__C                           
00007404  xdc_runtime_Core_Module__diagsEnabled__C                          
00007408  xdc_runtime_Core_Module__diagsIncluded__C                         
0000740c  xdc_runtime_Core_Module__diagsMask__C                             
00007410  xdc_runtime_Error_E_memory__C                                     
00007414  xdc_runtime_Error_Module__diagsEnabled__C                         
00007418  xdc_runtime_Error_Module__diagsIncluded__C                        
0000741c  xdc_runtime_Error_Module__diagsMask__C                            
00007420  xdc_runtime_Error_Module__loggerFxn8__C                           
00007424  xdc_runtime_Error_Module__loggerObj__C                            
00007428  xdc_runtime_Error_policyFxn__C                                    
0000742c  xdc_runtime_Error_raiseHook__C                                    
00007430  xdc_runtime_IFilterLogger_Interface__BASE__C                      
00007434  xdc_runtime_IGateProvider_Interface__BASE__C                      
00007438  xdc_runtime_IHeap_Interface__BASE__C                              
0000743c  xdc_runtime_ILogger_Interface__BASE__C                            
00007440  xdc_runtime_IModule_Interface__BASE__C                            
00007444  xdc_runtime_Log_L_error__C                                        
00007448  xdc_runtime_Memory_defaultHeapInstance__C                         
0000744c  xdc_runtime_Startup_execImpl__C                                   
00007450  xdc_runtime_Startup_lastFxns__A                                   
00007454  xdc_runtime_Startup_maxPasses__C                                  
00007458  xdc_runtime_Startup_sfxnRts__C                                    
0000745c  xdc_runtime_Startup_sfxnTab__C                                    
00007460  xdc_runtime_SysMin_bufSize__C                                     
00007464  xdc_runtime_SysMin_outputFunc__C                                  
00007468  xdc_runtime_System_Module__gateObj__C                             
0000746c  xdc_runtime_System_abortFxn__C                                    
00007470  xdc_runtime_System_exitFxn__C                                     
00007474  xdc_runtime_System_extendFxn__C                                   
00007478  xdc_runtime_System_maxAtexitHandlers__C                           
0000747c  xdc_runtime_Text_charTab__C                                       
00007480  xdc_runtime_Text_nameEmpty__C                                     
00007484  xdc_runtime_Text_nameStatic__C                                    
00007488  xdc_runtime_Text_nameUnknown__C                                   
0000748c  xdc_runtime_Text_nodeTab__C                                       
00007490  xdc_runtime_Text_visitRopeFxn__C                                  
00007494  ti_catalog_arm_cortexm4_tiva_ce_Boot_Module__id__C                
00007496  ti_sysbios_family_arm_lm4_TimestampProvider_useClockTimer__C      
00007498  ti_sysbios_family_arm_m3_Hwi_Module__id__C                        
0000749a  ti_sysbios_hal_Hwi_Module__id__C                                  
0000749c  ti_sysbios_heaps_HeapMem_Module__id__C                            
0000749e  ti_sysbios_knl_Task_Module__id__C                                 
000074a0  ti_sysbios_utils_Load_updateInIdle__C                             
000074a2  ti_uia_loggers_LoggerStopMode_Module__id__C                       
000074a4  ti_uia_loggers_LoggerStopMode_isTimestampEnabled__C               
000074a6  xdc_runtime_Core_Module__id__C                                    
000074a8  xdc_runtime_Error_Module__loggerDefined__C                        
000074aa  xdc_runtime_Error_maxDepth__C                                     
000074ac  xdc_runtime_Memory_Module__id__C                                  
000074ae  xdc_runtime_SysMin_flushAtExit__C                                 
000074b0  xdc_runtime_Text_charCnt__C                                       
000074b2  xdc_runtime_Text_isLoaded__C                                      
000074b4  xdc_runtime_Text_registryModsLastId__C                            
000074b6  xdc_runtime_Text_unnamedModsLastId__C                             
000074b8  __TI_static_base__                                                
000078f4  __TI_Handler_Table_Base                                           
00007900  __TI_Handler_Table_Limit                                          
00007910  __TI_CINIT_Base                                                   
00007928  __TI_CINIT_Limit                                                  
20000000  ti_sysbios_family_arm_m3_Hwi_ramVectors                           
20000380  ti_sysbios_knl_Task_Instance_State_0_stack__A                     
20000b80  ti_sysbios_heaps_HeapMem_Instance_State_0_buf__A                  
20000f80  ti_uia_loggers_LoggerStopMode_Instance_State_1_packetArray__A     
20001380  ti_uia_loggers_LoggerStopMode_Instance_State_2_packetArray__A     
20001780  ti_sysbios_family_arm_m3_Hwi_dispatchTable                        
20001b00  ti_uia_loggers_LoggerStopMode_Instance_State_0_packetArray__A     
20001d00  __CIOBUF_                                                         
20001e20  xdc_runtime_SysMin_Module_State_0_outbuf__A                       
20001f00  ti_uia_loggers_LoggerStopMode_Instance_State_0_hdr__A             
20001f80  ti_uia_loggers_LoggerStopMode_Instance_State_1_hdr__A             
20002000  ti_uia_loggers_LoggerStopMode_Instance_State_2_hdr__A             
20002030  xdc_runtime_Diags_dictElems                                       
20002050  ti_sysbios_family_arm_lm4_Timer_Module__root__V                   
20002058  ti_sysbios_family_arm_lm4_Timer_Module_State_0_handles__A         
20002070  ti_sysbios_family_arm_lm4_Timer_Module__state__V                  
2000207c  ti_sysbios_family_arm_lm4_TimestampProvider_Module__state__V      
20002084  ti_sysbios_family_arm_m3_Hwi_Module__root__V                      
2000208c  ti_sysbios_family_arm_m3_Hwi_Module_State_0_excActive__A          
20002090  ti_sysbios_family_arm_m3_Hwi_Module_State_0_excContext__A         
20002094  ti_sysbios_family_arm_m3_Hwi_Module_State_0_excStack__A           
20002098  ti_sysbios_gates_GateHwi_Module__root__V                          
200020a0  ti_sysbios_gates_GateHwi_Object__table__V                         
200020a4  ti_sysbios_gates_GateMutex_Module__root__V                        
200020ac  ti_sysbios_hal_Hwi_Module__root__V                                
200020b4  ti_sysbios_hal_Hwi_Object__table__V                               
200020bc  ti_sysbios_heaps_HeapMem_Module__root__V                          
200020c4  ti_sysbios_heaps_HeapMem_Object__table__V                         
200020dc  ti_sysbios_knl_Clock_Module__root__V                              
200020e4  ti_sysbios_knl_Event_Module__root__V                              
200020f0  ti_sysbios_knl_Queue_Module__root__V                              
200020f8  ti_sysbios_knl_Semaphore_Module__root__V                          
20002100  ti_sysbios_knl_Swi_Module__root__V                                
20002108  ti_sysbios_knl_Swi_Module__state__V                               
20002124  ti_sysbios_knl_Task_Module__root__V                               
20002130  ti_sysbios_knl_Task_Module_State_0_idleTask__A                    
20002134  ti_sysbios_utils_Load_Module_State_0_taskStartTime__A             
20002138  ti_sysbios_utils_Load_Module_State_0_runningTask__A               
2000213c  ti_uia_loggers_LoggerStopMode_Module__root__V                     
20002144  ti_uia_loggers_LoggerStopMode_Module__state__V                    
2000214c  ti_uia_runtime_QueueDescriptor_Module__state__V                   
20002158  xdc_runtime_Error_Module__state__V                                
2000215a  xdc_runtime_Main_Module__root__V                                  
2000215c  xdc_runtime_Memory_Module__state__V                               
20002160  xdc_runtime_Registry_Module__state__V                             
20002168  xdc_runtime_Startup_Module__state__V                              
20002170  xdc_runtime_SysMin_Module__state__V                               
2000217c  xdc_runtime_System_Module_State_0_atexitHandlers__A               
20002184  xdc_runtime_System_Module__state__V                               
2000218c  xdc_runtime_Text_Module__state__V                                 
20002194  __xdc__init__addr                                                 
20002198  ti_uia_loggers_LoggerStopMode_Object__table__V                    
20002234  ti_sysbios_utils_Load_Module__state__V                            
200022cc  ti_sysbios_family_arm_lm4_Timer_Object__table__V                  
2000234c  ti_sysbios_knl_Swi_Module_State_0_readyQ__A                       
200023cc  ti_sysbios_knl_Task_Module_State_0_readyQ__A                      
2000244c  ti_sysbios_knl_Swi_Object__table__V                               
200024ac  ti_sysbios_knl_Task_Object__table__V                              
200024f8  ti_sysbios_family_arm_m3_Hwi_Object__table__V                     
20002540  ti_sysbios_knl_Task_Module__state__V                              
20002584  ti_sysbios_gates_GateMutex_Object__table__V                       
200025bc  ti_sysbios_family_arm_m3_Hwi_Module__state__V                     
200025f0  ti_sysbios_family_arm_lm4_Timer_Module_State_0_device__A          
20002620  ti_sysbios_knl_Clock_Module__state__V                             
2000264c  ti_sysbios_BIOS_Module__state__V                                  
20002670  _lock                                                             
20002674  _unlock                                                           
20002678  __TI_cleanup_ptr                                                  
2000267c  __TI_dtors_ptr                                                    
20002680  ti_uia_runtime_QueueDescriptor_gPtrToFirstDescriptor              
20002684  ti_uia_runtime_QueueDescriptor_gUpdateCount                       
20002688  main_func_sp                                                      
2000268c  __stack                                                           
2000298c  __STACK_END                                                       
e000e000  ti_sysbios_family_arm_m3_Hwi_nvic                                 
ffffffff  __binit__                                                         
ffffffff  __c_args__                                                        
ffffffff  binit                                                             
UNDEFED   SHT$$INIT_ARRAY$$Base                                             
UNDEFED   SHT$$INIT_ARRAY$$Limit                                            

[569 symbols]
