******************************************************************************
                  TI ARM Linker PC v5.2.7                      
******************************************************************************
>> Linked Sun Jul 03 17:06:09 2016

OUTPUT FILE NAME:   <RTOS_LAB51_TM4C123.out>
ENTRY POINT SYMBOL: "_c_int00"  address: 000036d9


MEMORY CONFIGURATION

         name            origin    length      used     unused   attr    fill
----------------------  --------  ---------  --------  --------  ----  --------
  FLASH                 00000000   00040000  00007932  000386ce  R  X
  SRAM                  20000000   00008000  0000296c  00005694  RW X


SEGMENT ALLOCATION MAP

run origin  load origin   length   init length attrs members
----------  ----------- ---------- ----------- ----- -------
00000000    00000000    00007938   00007938    r-x
  00000000    00000000    0000003c   0000003c    r-- .resetVecs
  00000040    00000040    00004f5a   00004f5a    r-x .text
  00004f9c    00004f9c    0000252c   0000252c    r-- .const
  000074c8    000074c8    00000470   00000470    r-- .cinit
20000000    20000000    00000360   00000000    rw-
  20000000    20000000    00000360   00000000    rw- .vecs
20000380    20000380    0000260c   00000000    rw-
  20000380    20000380    00001cb0   00000000    rw- .bss
  20002030    20002030    0000065c   00000000    rw- .data
  2000268c    2000268c    00000300   00000000    rw- .stack


SECTION ALLOCATION MAP

 output                                  attributes/
section   page    origin      length       input sections
--------  ----  ----------  ----------   ----------------
.text      0    00000040    00004f5a     
                  00000040    00000430     sysbios.aem4f : BIOS.obj (.text:ti_sysbios_family_arm_m3_Hwi_excDumpRegs__I)
                  00000470    0000034c     ti.targets.arm.rtsarm.aem4f : System.oem4f (.text:xdc_runtime_System_doPrint__I)
                  000007bc    000002d4     rtsv7M4_T_le_v4SPD16_eabi.lib : trgdrv.obj (.text)
                  00000a90    000001fc     sysbios.aem4f : BIOS.obj (.text:ti_sysbios_family_arm_m3_Hwi_excHandlerMax__I)
                  00000c8c    00000004     driverlib.lib : timer.obj (.text:TimerIntClear)
                  00000c90    00000174     sysbios.aem4f : BIOS.obj (.text:ti_sysbios_family_arm_m3_Hwi_excBusFault__I)
                  00000e04    00000004     empty_min_pem4f.oem4f (.text:ti_sysbios_BIOS_RtsGateProxy_enter__E)
                  00000e08    00000164     sysbios.aem4f : BIOS.obj (.text:ti_sysbios_family_arm_m3_Hwi_excUsageFault__I)
                  00000f6c    00000004     empty_min_pem4f.oem4f (.text:ti_sysbios_BIOS_RtsGateProxy_leave__E)
                  00000f70    00000154     sysbios.aem4f : BIOS.obj (.text:ti_sysbios_knl_Semaphore_pend__E)
                  000010c4    00000004                   : BIOS.obj (.text:ti_sysbios_family_arm_lm4_Timer_masterEnable__I)
                  000010c8    00000148                   : BIOS.obj (.text:ti_sysbios_family_arm_m3_Hwi_excMemFault__I)
                  00001210    00000138     empty_min_pem4f.oem4f (.text:ti_uia_loggers_LoggerStopMode_writeMemoryRange__E)
                  00001348    00000118     ti.targets.arm.rtsarm.aem4f : Error.oem4f (.text:xdc_runtime_Error_policyDefault__E)
                  00001460    00000110     sysbios.aem4f : BIOS.obj (.text:ti_sysbios_family_arm_lm4_TimestampProvider_get64__E)
                  00001570    0000010c     empty_min_pem4f.oem4f (.text:ti_uia_loggers_LoggerStopMode_write8__E)
                  0000167c    00000004     empty_min_pem4f.oem4f (.text:ti_sysbios_family_arm_m3_TaskSupport_Module__startupDone__S)
                  00001680    00000108     sysbios.aem4f : BIOS.obj (.text:ti_sysbios_family_arm_lm4_Timer_start__E)
                  00001788    00000100     Boot.aem4f : Boot_sysctl.oem4f (.text:ti_catalog_arm_cortexm4_tiva_ce_Boot_sysCtlClockSetI__I)
                  00001888    00000100     ti.targets.arm.rtsarm.aem4f : Core-mem.oem4f (.text:xdc_runtime_Core_createObject__I)
                  00001988    000000f8                                 : Startup.oem4f (.text:xdc_runtime_Startup_startMods__I)
                  00001a80    000000f8     empty_min_pem4f.oem4f (.text:xdc_runtime_System_printfExtend__I)
                  00001b78    000000f4     driverlib.lib : sysctl.obj (.text:SysCtlClockSet)
                  00001c6c    000000f4     sysbios.aem4f : m3_Hwi_asm.obj (.text:ti_sysbios_family_arm_m3_Hwi_dispatch__I)
                  00001d60    000000f4     empty_min_pem4f.oem4f (.text:ti_uia_loggers_LoggerStopMode_write4__E)
                  00001e54    000000e8     empty_min_pem4f.oem4f (.text:ti_uia_loggers_LoggerStopMode_write2__E)
                  00001f3c    000000e4     empty_min_pem4f.oem4f (.text:ti_uia_loggers_LoggerStopMode_write1__E)
                  00002020    000000d8     empty_min_pem4f.oem4f (.text:ti_uia_loggers_LoggerStopMode_write0__E)
                  000020f8    000000cc     sysbios.aem4f : BIOS.obj (.text:ti_sysbios_heaps_HeapMem_alloc__E)
                  000021c4    000000cc     ti.targets.arm.rtsarm.aem4f : Core-smem.oem4f (.text:xdc_runtime_Core_constructObject__I)
                  00002290    000000bc     sysbios.aem4f : BIOS.obj (.text:ti_sysbios_family_arm_m3_Hwi_excDebugMon__I)
                  0000234c    00000004     empty_min_pem4f.oem4f (.text:ti_sysbios_heaps_HeapMem_Module_GateProxy_enter__E)
                  00002350    000000bc     sysbios.aem4f : BIOS.obj (.text:ti_sysbios_family_arm_m3_Hwi_excHardFault__I)
                  0000240c    00000004     empty_min_pem4f.oem4f (.text:ti_sysbios_heaps_HeapMem_Module_GateProxy_leave__E)
                  00002410    000000b4     sysbios.aem4f : BIOS.obj (.text:ti_sysbios_knl_Task_checkStacks__E)
                  000024c4    00000004     empty_min_pem4f.oem4f (.text:ti_sysbios_knl_Clock_TimerProxy_getMaxTicks__E)
                  000024c8    000000ac     sysbios.aem4f : BIOS.obj (.text:ti_sysbios_family_arm_lm4_Timer_enableTiva__I)
                  00002574    000000a0     auto_init.aem4f : auto_init.oem4f (.text)
                  00002614    000000a0     ti.targets.arm.rtsarm.aem4f : Text.oem4f (.text:xdc_runtime_Text_putMod__E)
                  000026b4    0000009c     rtsv7M4_T_le_v4SPD16_eabi.lib : memcpy_t2.obj (.text)
                  00002750    0000009c     sysbios.aem4f : BIOS.obj (.text:ti_sysbios_knl_Task_postInit__I)
                  000027ec    0000009a     ti.targets.arm.rtsarm.aem4f : Text.oem4f (.text:xdc_runtime_Text_putSite__E)
                  00002886    00000002     rtsv7M4_T_le_v4SPD16_eabi.lib : i_div0.obj (.text)
                  00002888    00000098     Boot.aem4f : Boot.oem4f (.text:ti_catalog_arm_cortexm4_tiva_ce_Boot_sysCtlClockSet__E)
                  00002920    00000094     sysbios.aem4f : BIOS.obj (.text:ti_sysbios_family_arm_m3_Hwi_initNVIC__E)
                  000029b4    00000004     empty_min_pem4f.oem4f (.text:ti_sysbios_knl_Clock_TimerProxy_getPeriod__E)
                  000029b8    00000094     sysbios.aem4f : BIOS.obj (.text:ti_sysbios_utils_Load_updateLoads__E)
                  00002a4c    00000090     ti.uia.loggers.aem4f : LoggerStopMode.oem4f (.text:ti_uia_loggers_LoggerStopMode_initQueueDescriptor__E)
                  00002adc    0000008c     sysbios.aem4f : m3_TaskSupport_asm.obj (.text:ti_sysbios_family_arm_m3_TaskSupport_buildTaskStack)
                  00002b68    00000084                   : BIOS.obj (.text:ti_sysbios_family_arm_lm4_Timer_getExpiredCounts__E)
                  00002bec    00000004     empty_min_pem4f.oem4f (.text:ti_sysbios_knl_Queue_destruct)
                  00002bf0    00000084     sysbios.aem4f : BIOS.obj (.text:ti_sysbios_family_arm_m3_Hwi_postInit__I)
                  00002c74    00000004     empty_min_pem4f.oem4f (.text:ti_sysbios_knl_Semaphore_destruct)
                  00002c78    0000007c     sysbios.aem4f : BIOS.obj (.text:ti_sysbios_heaps_HeapMem_free__E)
                  00002cf4    0000007a     rtsv7M4_T_le_v4SPD16_eabi.lib : memset_t2.obj (.text)
                  00002d6e    00000002     empty_min_pem4f.oem4f (.text:ti_sysbios_BIOS_nullFunc__I)
                  00002d70    00000078     empty_min.obj (.text:main)
                  00002de8    00000074     ti.uia.runtime.aem4f : QueueDescriptor.oem4f (.text:ti_uia_runtime_QueueDescriptor_addToList__E)
                  00002e5c    00000004     ti.uia.loggers.aem4f : LoggerStopMode.oem4f (.text:ti_uia_loggers_LoggerStopMode_getContents__E)
                  00002e60    00000070     sysbios.aem4f : BIOS.obj (.text:ti_sysbios_knl_Semaphore_post__E)
                  00002ed0    0000006d     ti.targets.arm.rtsarm.aem4f : System.oem4f (.text:xdc_runtime_System_formatNum__I)
                  00002f3d    00000001     --HOLE-- [fill = 0]
                  00002f3e    00000002     empty_min_pem4f.oem4f (.text:ti_uia_loggers_LoggerStopMode_setFilterLevel__E)
                  00002f40    0000006c     sysbios.aem4f : BIOS.obj (.text:ti_sysbios_knl_Clock_workFunc__E)
                  00002fac    00000004     empty_min_pem4f.oem4f (.text:ti_uia_loggers_LoggerStopMode_getFilterLevel__E)
                  00002fb0    0000006c     sysbios.aem4f : BIOS.obj (.text:ti_sysbios_knl_Swi_restoreHwi__E)
                  0000301c    00000004     ti.uia.loggers.aem4f : LoggerStopMode.oem4f (.text:ti_uia_loggers_LoggerStopMode_getInstanceId__E)
                  00003020    0000006c     sysbios.aem4f : BIOS.obj (.text:ti_sysbios_knl_Task_exit__E)
                  0000308c    0000006c     ti.targets.arm.rtsarm.aem4f : Error.oem4f (.text:xdc_runtime_Error_print__E)
                  000030f8    0000006c                                 : Memory.oem4f (.text:xdc_runtime_Memory_alloc__E)
                  00003164    0000006a     rtsv7M4_T_le_v4SPD16_eabi.lib : copy_decompress_rle.obj (.text)
                  000031ce    00000002     ti.uia.loggers.aem4f : LoggerStopMode.oem4f (.text:ti_uia_loggers_LoggerStopMode_setPriority__E)
                  000031d0    00000068     rtsv7M4_T_le_v4SPD16_eabi.lib : trgmsg.obj (.text)
                  00003238    00000066     ti.uia.loggers.aem4f : LoggerStopMode.oem4f (.text:ti_uia_loggers_LoggerStopMode_flush__E)
                  0000329e    00000066     ti.targets.arm.rtsarm.aem4f : Core-mem.oem4f (.text:xdc_runtime_Core_deleteObject__I)
                  00003304    00000064     empty_min.obj (.text:BLUE_LED_Init)
                  00003368    00000064     sysbios.aem4f : BIOS.obj (.text:ti_sysbios_family_arm_lm4_Timer_Module_startup__E)
                  000033cc    00000004     ti.uia.loggers.aem4f : LoggerStopMode.oem4f (.text:ti_uia_loggers_LoggerStopMode_getMaxLength__E)
                  000033d0    00000064     sysbios.aem4f : BIOS.obj (.text:ti_sysbios_family_arm_m3_Hwi_dispatchC__I)
                  00003434    00000004     ti.uia.loggers.aem4f : LoggerStopMode.oem4f (.text:ti_uia_loggers_LoggerStopMode_getPriority__E)
                  00003438    00000064     sysbios.aem4f : BIOS.obj (.text:ti_sysbios_utils_Load_idleFxn__E)
                  0000349c    00000004     ti.uia.loggers.aem4f : LoggerStopMode.oem4f (.text:ti_uia_loggers_LoggerStopMode_getTransferType__E)
                  000034a0    00000060     sysbios.aem4f : BIOS.obj (.text:ti_sysbios_knl_Task_schedule__I)
                  00003500    0000005c                   : BIOS.obj (.text:ti_sysbios_knl_Swi_run__I)
                  0000355c    00000004     ti.targets.arm.rtsarm.aem4f : Error.oem4f (.text:xdc_runtime_Error_getSite__E)
                  00003560    0000005c     sysbios.aem4f : BIOS.obj (.text:ti_sysbios_knl_Swi_schedule__I)
                  000035bc    00000004     empty_min_pem4f.oem4f (.text:xdc_runtime_System_Module_GateProxy_enter__E)
                  000035c0    0000005c     sysbios.aem4f : BIOS.obj (.text:ti_sysbios_knl_Task_Module_startup__E)
                  0000361c    00000004     empty_min_pem4f.oem4f (.text:xdc_runtime_System_Module_GateProxy_leave__E)
                  00003620    0000005c     sysbios.aem4f : BIOS.obj (.text:ti_sysbios_knl_Task_startCore__E)
                  0000367c    0000005b     ti.targets.arm.rtsarm.aem4f : Text.oem4f (.text:xdc_runtime_Text_putLab__E)
                  000036d7    00000001     --HOLE-- [fill = 0]
                  000036d8    00000058     boot.aem4f : boot.oem4f (.text)
                  00003730    00000058     sysbios.aem4f : m3_Hwi_asm_switch.obj (.text:ti_sysbios_family_arm_m3_Hwi_initStacks__E)
                  00003788    00000054                   : BIOS.obj (.text:ti_sysbios_family_arm_lm4_Timer_initDevice__I)
                  000037dc    00000004     ti.targets.arm.rtsarm.aem4f : System.oem4f (.text:xdc_runtime_System_aprintf_va__F)
                  000037e0    00000054     sysbios.aem4f : BIOS.obj (.text:ti_sysbios_family_arm_lm4_TimestampProvider_get32__E)
                  00003834    00000054     ti.targets.arm.rtsarm.aem4f : Assert.oem4f (.text:xdc_runtime_Assert_raise__I)
                  00003888    00000050     sysbios.aem4f : BIOS.obj (.text:ti_sysbios_family_arm_m3_Hwi_Module_startup__E)
                  000038d8    00000050     ti.targets.arm.rtsarm.aem4f : Startup.oem4f (.text:xdc_runtime_Startup_exec__E)
                  00003928    00000050                                 : Text.oem4f (.text:xdc_runtime_Text_visitRope2__I)
                  00003978    0000004c     rtsv7M4_T_le_v4SPD16_eabi.lib : cpy_tbl.obj (.text)
                  000039c4    00000004     ti.targets.arm.rtsarm.aem4f : System.oem4f (.text:xdc_runtime_System_printf_va__F)
                  000039c8    0000004c     sysbios.aem4f : BIOS.obj (.text:ti_sysbios_heaps_HeapMem_getStats__E)
                  00003a14    00000002     empty_min_pem4f.oem4f (.text:xdc_runtime_Startup_reset__I)
                  00003a16    00000002     --HOLE-- [fill = 0]
                  00003a18    0000004c     sysbios.aem4f : BIOS.obj (.text:ti_sysbios_knl_Swi_runLoop__I)
                  00003a64    00000004     --HOLE-- [fill = 0]
                  00003a68    0000004c                   : BIOS.obj (.text:ti_sysbios_knl_Task_allBlockedFunction__I)
                  00003ab4    0000004c     ti.uia.loggers.aem4f : LoggerStopMode.oem4f (.text:ti_uia_loggers_LoggerStopMode_Module_startup__E)
                  00003b00    00000048     sysbios.aem4f : BIOS.obj (.text:ti_sysbios_family_arm_lm4_Timer_enableTimers__I)
                  00003b48    00000048                   : BIOS.obj (.text:ti_sysbios_family_arm_m3_Hwi_disableInterrupt__E)
                  00003b90    00000048                   : BIOS.obj (.text:ti_sysbios_family_arm_m3_Hwi_enableInterrupt__E)
                  00003bd8    00000048                   : BIOS.obj (.text:ti_sysbios_family_arm_m3_Hwi_excReserved__I)
                  00003c20    00000046     ti.targets.arm.rtsarm.aem4f : Core-params.oem4f (.text:xdc_runtime_Core_assignParams__I)
                  00003c66    00000002     --HOLE-- [fill = 0]
                  00003c68    00000044     rtsv7M4_T_le_v4SPD16_eabi.lib : exit.obj (.text)
                  00003cac    00000004     --HOLE-- [fill = 0]
                  00003cb0    00000044     sysbios.aem4f : BIOS.obj (.text:ti_sysbios_family_arm_lm4_Timer_isrStub__E)
                  00003cf4    00000004     --HOLE-- [fill = 0]
                  00003cf8    00000044                   : BIOS.obj (.text:ti_sysbios_family_arm_m3_Hwi_getStackInfo__E)
                  00003d3c    00000004     --HOLE-- [fill = 0]
                  00003d40    00000044                   : BIOS.obj (.text:ti_sysbios_knl_Swi_post__E)
                  00003d84    00000044     ti.uia.loggers.aem4f : LoggerStopMode.oem4f (.text:ti_uia_loggers_LoggerStopMode_initBuffer__I)
                  00003dc8    00000044     ti.targets.arm.rtsarm.aem4f : Error.oem4f (.text:xdc_runtime_Error_setX__E)
                  00003e0c    00000044                                 : SysMin.oem4f (.text:xdc_runtime_SysMin_flush__E)
                  00003e50    00000044                                 : Text.oem4f (.text:xdc_runtime_Text_xprintf__I)
                  00003e94    00000040     rtsv7M4_T_le_v4SPD16_eabi.lib : u_divt2.obj (.text)
                  00003ed4    00000004     --HOLE-- [fill = 0]
                  00003ed8    00000040     sysbios.aem4f : BIOS.obj (.text:ti_sysbios_family_arm_lm4_Timer_startup__E)
                  00003f18    00000040                   : BIOS.obj (.text:ti_sysbios_heaps_HeapMem_Instance_init__E)
                  00003f58    0000003c                   : BIOS.obj (.text:ti_sysbios_family_arm_m3_Hwi_excSvCall__I)
                  00003f94    00000004     --HOLE-- [fill = 0]
                  00003f98    0000003c                   : BIOS.obj (.text:ti_sysbios_heaps_HeapMem_init__I)
                  00003fd4    00000004     --HOLE-- [fill = 0]
                  00003fd8    0000003c                   : BIOS.obj (.text:ti_sysbios_knl_Swi_restore__E)
                  00004014    00000004     --HOLE-- [fill = 0]
                  00004018    00000038                   : BIOS.obj (.text:ti_sysbios_family_arm_m3_Hwi_excNoIsr__I)
                  00004050    00000038                   : BIOS.obj (.text:ti_sysbios_knl_Task_processVitalTaskFlag__I)
                  00004088    00000038     ti.targets.arm.rtsarm.aem4f : SysMin.oem4f (.text:xdc_runtime_SysMin_putch__E)
                  000040c0    00000038                                 : System.oem4f (.text:xdc_runtime_System_atexit__E)
                  000040f8    00000034     sysbios.aem4f : BIOS.obj (.text:ti_sysbios_family_arm_m3_Hwi_excNmi__I)
                  0000412c    00000004     --HOLE-- [fill = 0]
                  00004130    00000034                   : BIOS.obj (.text:ti_sysbios_hal_Hwi_checkStack)
                  00004164    00000034     ti.uia.loggers.aem4f : LoggerStopMode.oem4f (.text:ti_uia_loggers_LoggerStopMode_reset__E)
                  00004198    00000034     ti.targets.arm.rtsarm.aem4f : Core-label.oem4f (.text:xdc_runtime_Core_assignLabel__I)
                  000041cc    00000033                                 : Text.oem4f (.text:xdc_runtime_Text_printVisFxn__I)
                  000041ff    00000001     --HOLE-- [fill = 0]
                  00004200    00000032     sysbios.aem4f : BIOS.obj (.text:ti_sysbios_hal_Hwi_initStack)
                  00004232    00000002     --HOLE-- [fill = 0]
                  00004234    00000030     empty_min_pem4f.oem4f (.text:ti_sysbios_BIOS_atExitFunc__I)
                  00004264    00000004     --HOLE-- [fill = 0]
                  00004268    00000030     sysbios.aem4f : BIOS.obj (.text:ti_sysbios_family_arm_lm4_Timer_stop__E)
                  00004298    00000030                   : BIOS.obj (.text:ti_sysbios_family_arm_m3_TaskSupport_start__E)
                  000042c8    00000030     empty_min_pem4f.oem4f (.text:ti_sysbios_gates_GateHwi_Object__create__S)
                  000042f8    00000030     empty_min_pem4f.oem4f (.text:ti_sysbios_gates_GateMutex_Object__create__S)
                  00004328    00000030     sysbios.aem4f : BIOS.obj (.text:ti_sysbios_gates_GateMutex_enter__E)
                  00004358    00000030     empty_min_pem4f.oem4f (.text:ti_sysbios_heaps_HeapMem_Object__create__S)
                  00004388    00000030     empty_min_pem4f.oem4f (.text:ti_sysbios_knl_Semaphore_construct)
                  000043b8    00000030     sysbios.aem4f : BIOS.obj (.text:ti_sysbios_knl_Semaphore_pendTimeout__I)
                  000043e8    00000030                   : BIOS.obj (.text:ti_sysbios_knl_Task_unblockI__E)
                  00004418    00000030                   : BIOS.obj (.text:ti_sysbios_utils_Load_updateCurrentThreadTime__E)
                  00004448    00000030     empty_min_pem4f.oem4f (.text:ti_uia_loggers_LoggerStopMode_Object__create__S)
                  00004478    00000030     ti.targets.arm.rtsarm.aem4f : SysMin.oem4f (.text:xdc_runtime_SysMin_abort__E)
                  000044a8    00000030                                 : System.oem4f (.text:xdc_runtime_System_processAtExit__E)
                  000044d8    0000002c     empty_min_pem4f.oem4f (.text:ti_sysbios_knl_Clock_doTick__I)
                  00004504    0000002c     empty_min_pem4f.oem4f (.text:ti_sysbios_knl_Queue_construct)
                  00004530    0000002c     sysbios.aem4f : BIOS.obj (.text:ti_sysbios_knl_Task_restore__E)
                  0000455c    0000002c     ti.targets.arm.rtsarm.aem4f : Text.oem4f (.text:xdc_runtime_Text_cordText__E)
                  00004588    0000002a                                 : System.oem4f (.text:xdc_runtime_System_putchar__I)
                  000045b2    00000006     driverlib.lib : sysctl.obj (.text:SysCtlDelay)
                  000045b8    00000028     sysbios.aem4f : BIOS.obj (.text:ti_sysbios_knl_Swi_Module_startup__E)
                  000045e0    00000026                   : m3_Hwi_asm.obj (.text:ti_sysbios_family_arm_m3_Hwi_pendSV__I)
                  00004606    00000026     ti.targets.arm.rtsarm.aem4f : System.oem4f (.text:xdc_runtime_System_avprintf__E)
                  0000462c    00000024     empty_min_pem4f.oem4f (.text:ti_sysbios_BIOS_registerRTSLock__I)
                  00004650    00000024     empty_min_pem4f.oem4f (.text:ti_sysbios_BIOS_removeRTSLock__I)
                  00004674    00000024     empty_min_pem4f.oem4f (.text:ti_sysbios_BIOS_startFunc__I)
                  00004698    00000024     empty_min_pem4f.oem4f (.text:ti_sysbios_gates_GateMutex_Object__delete__S)
                  000046bc    00000004     --HOLE-- [fill = 0]
                  000046c0    00000024     sysbios.aem4f : BIOS.obj (.text:ti_sysbios_knl_Clock_Module_startup__E)
                  000046e4    00000004     --HOLE-- [fill = 0]
                  000046e8    00000024                   : BIOS.obj (.text:ti_sysbios_knl_Semaphore_Instance_init__E)
                  0000470c    00000004     --HOLE-- [fill = 0]
                  00004710    00000024                   : BIOS.obj (.text:ti_sysbios_knl_Task_restoreHwi__E)
                  00004734    00000024     ti.targets.arm.rtsarm.aem4f : System.oem4f (.text:xdc_runtime_System_vprintf__E)
                  00004758    00000022     sysbios.aem4f : BIOS.obj (.text:ti_sysbios_family_arm_lm4_Timer_write__I)
                  0000477a    00000022     empty_min_pem4f.oem4f (.text:xdc_runtime_SysMin_output__I)
                  0000479c    00000020     empty_min_pem4f.oem4f (.text:ti_sysbios_BIOS_rtsLock__I)
                  000047bc    00000020     sysbios.aem4f : m3_Hwi_asm.obj (.text:ti_sysbios_family_arm_m3_Hwi_excHandlerAsm__I)
                  000047dc    00000004     --HOLE-- [fill = 0]
                  000047e0    00000020                   : BIOS.obj (.text:ti_sysbios_family_arm_m3_Hwi_excHandler__I)
                  00004800    00000020     empty_min_pem4f.oem4f (.text:ti_sysbios_gates_GateHwi_Object__delete__S)
                  00004820    00000020     empty_min_pem4f.oem4f (.text:ti_sysbios_heaps_HeapMem_Object__delete__S)
                  00004840    00000020     sysbios.aem4f : BIOS.obj (.text:ti_sysbios_knl_Idle_run__E)
                  00004860    00000020     empty_min_pem4f.oem4f (.text:ti_sysbios_knl_Semaphore_Object__destruct__S)
                  00004880    00000020     empty_min_pem4f.oem4f (.text:ti_uia_loggers_LoggerStopMode_Object__delete__S)
                  000048a0    00000020     ti.targets.arm.rtsarm.aem4f : Registry.oem4f (.text:xdc_runtime_Registry_findById__E)
                  000048c0    00000020                                 : SysMin.oem4f (.text:xdc_runtime_SysMin_Module_startup__E)
                  000048e0    0000001e     empty_min_pem4f.oem4f (.text:ti_sysbios_BIOS_errorRaiseHook__I)
                  000048fe    0000001e     sysbios.aem4f : m3_Hwi_asm_switch.obj (.text:ti_sysbios_family_xxx_Hwi_switchAndRunFunc)
                  0000491c    0000001c     empty_min.obj (.text:Timer_ISR)
                  00004938    0000001c     sysbios.aem4f : BIOS.obj (.text:ti_sysbios_gates_GateMutex_Instance_init__E)
                  00004954    0000001c     empty_min_pem4f.oem4f (.text:ti_sysbios_knl_Queue_Object__destruct__S)
                  00004970    0000001c     sysbios.aem4f : BIOS.obj (.text:ti_sysbios_knl_Queue_put__E)
                  0000498c    00000004     --HOLE-- [fill = 0]
                  00004990    0000001c                   : BIOS.obj (.text:ti_sysbios_knl_Task_enter__I)
                  000049ac    0000001c     ti.uia.loggers.aem4f : LoggerStopMode.oem4f (.text:ti_uia_loggers_LoggerStopMode_Instance_init__E)
                  000049c8    0000001c     ti.targets.arm.rtsarm.aem4f : Error.oem4f (.text:xdc_runtime_Error_raiseX__E)
                  000049e4    0000001c                                 : Memory.oem4f (.text:xdc_runtime_Memory_valloc__E)
                  00004a00    0000001c                                 : SysMin.oem4f (.text:xdc_runtime_SysMin_exit__E)
                  00004a1c    0000001c                                 : System.oem4f (.text:xdc_runtime_System_abort__E)
                  00004a38    0000001a     empty_min_pem4f.oem4f (.text:ti_sysbios_family_arm_m3_Hwi_Handle__label__S)
                  00004a52    0000001a     empty_min_pem4f.oem4f (.text:ti_sysbios_gates_GateHwi_Handle__label__S)
                  00004a6c    0000001a     empty_min_pem4f.oem4f (.text:ti_sysbios_gates_GateMutex_Handle__label__S)
                  00004a86    0000001a     empty_min_pem4f.oem4f (.text:ti_sysbios_heaps_HeapMem_Handle__label__S)
                  00004aa0    0000001a     empty_min_pem4f.oem4f (.text:ti_sysbios_knl_Swi_Handle__label__S)
                  00004aba    0000001a     empty_min_pem4f.oem4f (.text:ti_sysbios_knl_Task_Handle__label__S)
                  00004ad4    0000001a     empty_min_pem4f.oem4f (.text:ti_uia_loggers_LoggerStopMode_Handle__label__S)
                  00004aee    0000001a     empty_min_pem4f.oem4f (.text:xdc_runtime_System_aprintf__E)
                  00004b08    0000001a     empty_min_pem4f.oem4f (.text:xdc_runtime_System_printf__E)
                  00004b22    00000002     --HOLE-- [fill = 0]
                  00004b24    00000018     rtsv7M4_T_le_v4SPD16_eabi.lib : args_main.obj (.text)
                  00004b3c    00000018     empty_min_pem4f.oem4f (.text:ti_sysbios_BIOS_rtsUnlock__I)
                  00004b54    00000018     empty_min_pem4f.oem4f (.text:ti_sysbios_family_arm_lm4_Timer_Module__startupDone__F)
                  00004b6c    00000018     empty_min_pem4f.oem4f (.text:ti_sysbios_family_arm_m3_Hwi_Module__startupDone__F)
                  00004b84    00000018     sysbios.aem4f : m3_TaskSupport_asm.obj (.text:ti_sysbios_family_arm_m3_TaskSupport_swap__E)
                  00004b9c    00000004     --HOLE-- [fill = 0]
                  00004ba0    00000018                   : BIOS.obj (.text:ti_sysbios_gates_GateMutex_leave__E)
                  00004bb8    00000018     ti.targets.arm.rtsarm.aem4f : Error.oem4f (.text:xdc_runtime_Error_check__E)
                  00004bd0    00000018                                 : System.oem4f (.text:xdc_runtime_System_exit__E)
                  00004be8    00000018                                 : Text.oem4f (.text:xdc_runtime_Text_ropeText__E)
                  00004c00    00000016     empty_min_pem4f.oem4f (.text:ti_sysbios_BIOS_exitFunc__I)
                  00004c16    00000016     ti.uia.loggers.aem4f : LoggerStopMode.oem4f (.text:ti_uia_loggers_LoggerStopMode_disable__E)
                  00004c2c    00000016                          : LoggerStopMode.oem4f (.text:ti_uia_loggers_LoggerStopMode_enable__E)
                  00004c42    00000002     --HOLE-- [fill = 0]
                  00004c44    00000014     rtsv7M4_T_le_v4SPD16_eabi.lib : _lock.obj (.text)
                  00004c58    00000014                                   : strcpy.obj (.text)
                  00004c6c    00000014                                   : strlen.obj (.text)
                  00004c80    00000014     empty_min_pem4f.oem4f (.text:ti_sysbios_family_arm_m3_Hwi_Object__get__S)
                  00004c94    00000004     --HOLE-- [fill = 0]
                  00004c98    00000014     sysbios.aem4f : BIOS.obj (.text:ti_sysbios_family_arm_m3_Hwi_switchFromBootStack__E)
                  00004cac    00000014     empty_min_pem4f.oem4f (.text:ti_sysbios_heaps_HeapMem_Object__get__S)
                  00004cc0    00000014     empty_min_pem4f.oem4f (.text:ti_sysbios_knl_Swi_Object__get__S)
                  00004cd4    00000004     --HOLE-- [fill = 0]
                  00004cd8    00000012     sysbios.aem4f : BIOS.obj (.text:ti_sysbios_hal_Hwi_Module_startup__E)
                  00004cea    00000012     empty_min_pem4f.oem4f (.text:xdc_runtime_Startup_exec__I)
                  00004cfc    00000010     empty_min.obj (.text:LEDToggle)
                  00004d0c    00000004     --HOLE-- [fill = 0]
                  00004d10    00000010     sysbios.aem4f : BIOS.obj (.text:ti_sysbios_BIOS_getCpuFreq__E)
                  00004d20    00000010                   : BIOS.obj (.text:ti_sysbios_BIOS_setThreadType__E)
                  00004d30    00000010                   : BIOS.obj (.text:ti_sysbios_BIOS_start__E)
                  00004d40    00000010                   : BIOS.obj (.text:ti_sysbios_family_arm_lm4_TimestampProvider_rolloverFunc__E)
                  00004d50    00000010                   : m3_TaskSupport_asm.obj (.text:ti_sysbios_family_arm_m3_TaskSupport_glue)
                  00004d60    00000010                   : BIOS.obj (.text:ti_sysbios_gates_GateMutex_Instance_finalize__E)
                  00004d70    00000010                   : BIOS.obj (.text:ti_sysbios_knl_Semaphore_Instance_finalize__E)
                  00004d80    00000010                   : BIOS.obj (.text:ti_sysbios_knl_Swi_disable__E)
                  00004d90    00000010     empty_min_pem4f.oem4f (.text:ti_sysbios_knl_Task_Object__get__S)
                  00004da0    00000010     sysbios.aem4f : BIOS.obj (.text:ti_sysbios_knl_Task_disable__E)
                  00004db0    00000010     empty_min_pem4f.oem4f (.text:ti_uia_loggers_LoggerStopMode_Object__get__S)
                  00004dc0    00000010     ti.uia.loggers.aem4f : LoggerStopMode.oem4f (.text:ti_uia_loggers_LoggerStopMode_isEmpty__E)
                  00004dd0    00000010     ti.targets.arm.rtsarm.aem4f : Gate.oem4f (.text:xdc_runtime_Gate_leaveSystem__E)
                  00004de0    00000010                                 : Memory.oem4f (.text:xdc_runtime_Memory_free__E)
                  00004df0    00000010                                 : SysMin.oem4f (.text:xdc_runtime_SysMin_ready__E)
                  00004e00    00000010                                 : System.oem4f (.text:xdc_runtime_System_vsnprintf__E)
                  00004e10    00000010     empty_min_pem4f.oem4f (.text:xdc_runtime_Text_visitRope__I)
                  00004e20    0000000e     rtsv7M4_T_le_v4SPD16_eabi.lib : copy_decompress_none.obj (.text:decompress:none)
                  00004e2e    00000002     --HOLE-- [fill = 0]
                  00004e30    0000000e     sysbios.aem4f : BIOS.obj (.text:ti_sysbios_knl_Idle_loop__E)
                  00004e3e    00000002     --HOLE-- [fill = 0]
                  00004e40    0000000e                   : BIOS.obj (.text:ti_sysbios_knl_Queue_empty__E)
                  00004e4e    00000002     --HOLE-- [fill = 0]
                  00004e50    0000000c     empty_min_pem4f.oem4f (.text:.bootCodeSection:ti_catalog_arm_cortexm4_tiva_ce_Boot_init__I)
                  00004e5c    0000000c     rtsv7M4_T_le_v4SPD16_eabi.lib : copy_zero_init.obj (.text:decompress:ZI)
                  00004e68    0000000c     sysbios.aem4f : BIOS.obj (.text:ti_sysbios_family_arm_lm4_Timer_getMaxTicks__E)
                  00004e74    00000004     --HOLE-- [fill = 0]
                  00004e78    0000000c                   : BIOS.obj (.text:ti_sysbios_family_arm_lm4_TimestampProvider_startTimer__E)
                  00004e84    00000004     --HOLE-- [fill = 0]
                  00004e88    0000000c                   : BIOS.obj (.text:ti_sysbios_family_arm_m3_Hwi_disableFxn__E)
                  00004e94    00000004     --HOLE-- [fill = 0]
                  00004e98    0000000c                   : BIOS.obj (.text:ti_sysbios_family_arm_m3_TaskSupport_checkStack__E)
                  00004ea4    00000004     --HOLE-- [fill = 0]
                  00004ea8    0000000c                   : BIOS.obj (.text:ti_sysbios_gates_GateHwi_enter__E)
                  00004eb4    0000000c     empty_min_pem4f.oem4f (.text:ti_sysbios_knl_Queue_Object__get__S)
                  00004ec0    0000000c     ti.targets.arm.rtsarm.aem4f : Error.oem4f (.text:xdc_runtime_Error_init__E)
                  00004ecc    0000000c                                 : Gate.oem4f (.text:xdc_runtime_Gate_enterSystem__E)
                  00004ed8    0000000c                                 : Memory.oem4f (.text:xdc_runtime_Memory_calloc__E)
                  00004ee4    0000000c                                 : Memory.oem4f (.text:xdc_runtime_Memory_getMaxDefaultTypeAlign__E)
                  00004ef0    0000000a     empty_min_pem4f.oem4f (.text:xdc_runtime_IHeap_alloc)
                  00004efa    0000000a     empty_min_pem4f.oem4f (.text:xdc_runtime_IHeap_free)
                  00004f04    00000008     sysbios.aem4f : BIOS.obj (.text:ti_sysbios_family_arm_lm4_Timer_masterDisable__I)
                  00004f0c    00000004     --HOLE-- [fill = 0]
                  00004f10    00000008                   : BIOS.obj (.text:ti_sysbios_family_arm_m3_Hwi_doSwiRestore__I)
                  00004f18    00000008                   : BIOS.obj (.text:ti_sysbios_family_arm_m3_Hwi_startup__E)
                  00004f20    00000006     ti.targets.arm.rtsarm.aem4f : xdc_noinit.oem4f (.text:__xdc__init)
                  00004f26    00000006     rtsv7M4_T_le_v4SPD16_eabi.lib : copy_decompress_rle.obj (.text:decompress:rle24)
                  00004f2c    00000006     Boot.aem4f : Boot_sysctl.oem4f (.text:ti_catalog_arm_cortexm4_tiva_ce_Boot_sysCtlDelayI__I)
                  00004f32    00000006     ti.targets.arm.rtsarm.aem4f : System.oem4f (.text:xdc_runtime_System_Module_startup__E)
                  00004f38    00000006     sysbios.aem4f : BIOS.obj (.text:ti_sysbios_family_arm_lm4_TimestampProvider_Module_startup__E)
                  00004f3e    00000002     --HOLE-- [fill = 0]
                  00004f40    00000006                   : BIOS.obj (.text:ti_sysbios_family_arm_m3_Hwi_doTaskRestore__I)
                  00004f46    00000002     --HOLE-- [fill = 0]
                  00004f48    00000006                   : BIOS.obj (.text:ti_sysbios_family_arm_m3_Hwi_restoreFxn__E)
                  00004f4e    00000002     --HOLE-- [fill = 0]
                  00004f50    00000006                   : BIOS.obj (.text:ti_sysbios_gates_GateHwi_leave__E)
                  00004f56    00000002     --HOLE-- [fill = 0]
                  00004f58    00000006                   : BIOS.obj (.text:ti_sysbios_heaps_HeapMem_isBlocking__E)
                  00004f5e    00000002     --HOLE-- [fill = 0]
                  00004f60    00000006                   : BIOS.obj (.text:ti_sysbios_knl_Queue_Instance_init__E)
                  00004f66    00000002     --HOLE-- [fill = 0]
                  00004f68    00000006                   : BIOS.obj (.text:ti_sysbios_knl_Swi_startup__E)
                  00004f6e    00000002     --HOLE-- [fill = 0]
                  00004f70    00000004                   : BIOS.obj (.text:ti_sysbios_family_arm_lm4_Timer_getPeriod__E)
                  00004f74    00000004     --HOLE-- [fill = 0]
                  00004f78    00000004                   : BIOS.obj (.text:ti_sysbios_gates_GateHwi_query__E)
                  00004f7c    00000004     --HOLE-- [fill = 0]
                  00004f80    00000004                   : BIOS.obj (.text:ti_sysbios_gates_GateMutex_query__E)
                  00004f84    00000004     --HOLE-- [fill = 0]
                  00004f88    00000004                   : BIOS.obj (.text:ti_sysbios_knl_Task_startup__E)
                  00004f8c    00000004     --HOLE-- [fill = 0]
                  00004f90    00000002                   : BIOS.obj (.text:ti_sysbios_gates_GateHwi_Instance_init__E)
                  00004f92    00000006     --HOLE-- [fill = 0]
                  00004f98    00000002                   : BIOS.obj (.text:ti_sysbios_knl_Clock_logTick__E)

.const     0    00004f9c    0000252c     
                  00004f9c    00001fa7     empty_min_pem4f.oem4f (.const:xdc_runtime_Text_charTab__A)
                  00006f43    00000001     empty_min_pem4f.oem4f (.const:xdc_runtime_Error_policy__C)
                  00006f44    00000100     empty_min_pem4f.oem4f (.const:xdc_runtime_Text_nodeTab__A)
                  00007044    00000060     empty_min_pem4f.oem4f (.const:ti_uia_loggers_LoggerStopMode_Module__FXNS__C)
                  000070a4    00000048     empty_min_pem4f.oem4f (.const:.string)
                  000070ec    00000028     empty_min_pem4f.oem4f (.const:ti_sysbios_heaps_HeapMem_Module__FXNS__C)
                  00007114    00000028     empty_min_pem4f.oem4f (.const:ti_uia_loggers_LoggerStopMode_Object__PARAMS__C)
                  0000713c    00000028     empty_min_pem4f.oem4f (.const:xdc_runtime_Startup_sfxnTab__A)
                  00007164    00000024     empty_min_pem4f.oem4f (.const:ti_sysbios_gates_GateHwi_Module__FXNS__C)
                  00007188    00000024     empty_min_pem4f.oem4f (.const:ti_sysbios_gates_GateMutex_Module__FXNS__C)
                  000071ac    00000024     empty_min_pem4f.oem4f (.const:ti_sysbios_heaps_HeapMem_Object__PARAMS__C)
                  000071d0    00000024     empty_min_pem4f.oem4f (.const:ti_sysbios_knl_Semaphore_Object__PARAMS__C)
                  000071f4    00000020     empty_min_pem4f.oem4f (.const:ti_sysbios_gates_GateHwi_Object__DESC__C)
                  00007214    00000020     empty_min_pem4f.oem4f (.const:ti_sysbios_gates_GateMutex_Object__DESC__C)
                  00007234    00000020     empty_min_pem4f.oem4f (.const:ti_sysbios_heaps_HeapMem_Object__DESC__C)
                  00007254    00000020     empty_min_pem4f.oem4f (.const:ti_sysbios_knl_Queue_Object__DESC__C)
                  00007274    00000020     empty_min_pem4f.oem4f (.const:ti_sysbios_knl_Semaphore_Object__DESC__C)
                  00007294    00000020     empty_min_pem4f.oem4f (.const:ti_uia_loggers_LoggerStopMode_Object__DESC__C)
                  000072b4    00000018     empty_min_pem4f.oem4f (.const:ti_sysbios_gates_GateHwi_Object__PARAMS__C)
                  000072cc    00000018     empty_min_pem4f.oem4f (.const:ti_sysbios_gates_GateMutex_Object__PARAMS__C)
                  000072e4    00000018     empty_min_pem4f.oem4f (.const:ti_sysbios_knl_Queue_Object__PARAMS__C)
                  000072fc    00000014     empty_min_pem4f.oem4f (.const:xdc_runtime_Startup_firstFxns__A)
                  00007310    00000014     empty_min_pem4f.oem4f (.const:xdc_runtime_Startup_sfxnRts__A)
                  00007324    00000008     empty_min_pem4f.oem4f (.const)
                  0000732c    00000008     empty_min_pem4f.oem4f (.const:ti_sysbios_family_arm_m3_Hwi_excHookFuncs__A)
                  00007334    00000008     empty_min_pem4f.oem4f (.const:ti_sysbios_knl_Idle_funcList__A)
                  0000733c    00000008     empty_min_pem4f.oem4f (.const:ti_sysbios_knl_Idle_funcList__C)
                  00007344    00000008     empty_min_pem4f.oem4f (.const:xdc_runtime_Startup_firstFxns__C)
                  0000734c    00000008     empty_min_pem4f.oem4f (.const:xdc_runtime_Startup_lastFxns__C)
                  00007354    00000004     empty_min_pem4f.oem4f (.const:ti_catalog_arm_cortexm4_tiva_ce_Boot_A_mustUseEnhancedClockMode__C)
                  00007358    00000004     empty_min_pem4f.oem4f (.const:ti_catalog_arm_cortexm4_tiva_ce_Boot_Module__diagsEnabled__C)
                  0000735c    00000004     empty_min_pem4f.oem4f (.const:ti_catalog_arm_cortexm4_tiva_ce_Boot_Module__diagsIncluded__C)
                  00007360    00000004     empty_min_pem4f.oem4f (.const:ti_catalog_arm_cortexm4_tiva_ce_Boot_Module__diagsMask__C)
                  00007364    00000004     empty_min_pem4f.oem4f (.const:ti_sysbios_family_arm_lm4_Timer_enableFunc__C)
                  00007368    00000004     empty_min_pem4f.oem4f (.const:ti_sysbios_family_arm_lm4_Timer_numTimerDevices__C)
                  0000736c    00000004     empty_min_pem4f.oem4f (.const:ti_sysbios_family_arm_lm4_Timer_startupNeeded__C)
                  00007370    00000004     empty_min_pem4f.oem4f (.const:ti_sysbios_family_arm_m3_Hwi_E_NMI__C)
                  00007374    00000004     empty_min_pem4f.oem4f (.const:ti_sysbios_family_arm_m3_Hwi_E_busFault__C)
                  00007378    00000004     empty_min_pem4f.oem4f (.const:ti_sysbios_family_arm_m3_Hwi_E_debugMon__C)
                  0000737c    00000004     empty_min_pem4f.oem4f (.const:ti_sysbios_family_arm_m3_Hwi_E_hardFault__C)
                  00007380    00000004     empty_min_pem4f.oem4f (.const:ti_sysbios_family_arm_m3_Hwi_E_memFault__C)
                  00007384    00000004     empty_min_pem4f.oem4f (.const:ti_sysbios_family_arm_m3_Hwi_E_noIsr__C)
                  00007388    00000004     empty_min_pem4f.oem4f (.const:ti_sysbios_family_arm_m3_Hwi_E_reserved__C)
                  0000738c    00000004     empty_min_pem4f.oem4f (.const:ti_sysbios_family_arm_m3_Hwi_E_svCall__C)
                  00007390    00000004     empty_min_pem4f.oem4f (.const:ti_sysbios_family_arm_m3_Hwi_E_usageFault__C)
                  00007394    00000004     empty_min_pem4f.oem4f (.const:ti_sysbios_family_arm_m3_Hwi_NUM_INTERRUPTS__C)
                  00007398    00000004     empty_min_pem4f.oem4f (.const:ti_sysbios_family_arm_m3_Hwi_Object__count__C)
                  0000739c    00000004     empty_min_pem4f.oem4f (.const:ti_sysbios_family_arm_m3_Hwi_ccr__C)
                  000073a0    00000004     empty_min_pem4f.oem4f (.const:ti_sysbios_family_arm_m3_Hwi_excHandlerFunc__C)
                  000073a4    00000004     empty_min_pem4f.oem4f (.const:ti_sysbios_family_arm_m3_Hwi_excHookFuncs__C)
                  000073a8    00000004     empty_min_pem4f.oem4f (.const:ti_sysbios_family_arm_m3_Hwi_nullIsrFunc__C)
                  000073ac    00000004     empty_min_pem4f.oem4f (.const:ti_sysbios_family_arm_m3_Hwi_priGroup__C)
                  000073b0    00000004     empty_min_pem4f.oem4f (.const:ti_sysbios_gates_GateMutex_Instance_State_sem__O)
                  000073b4    00000004     empty_min_pem4f.oem4f (.const:ti_sysbios_hal_Hwi_E_stackOverflow__C)
                  000073b8    00000004     empty_min_pem4f.oem4f (.const:ti_sysbios_heaps_HeapMem_E_memory__C)
                  000073bc    00000004     empty_min_pem4f.oem4f (.const:ti_sysbios_heaps_HeapMem_Module__gateObj__C)
                  000073c0    00000004     empty_min_pem4f.oem4f (.const:ti_sysbios_heaps_HeapMem_Object__count__C)
                  000073c4    00000004     empty_min_pem4f.oem4f (.const:ti_sysbios_heaps_HeapMem_reqAlign__C)
                  000073c8    00000004     empty_min_pem4f.oem4f (.const:ti_sysbios_knl_Clock_Module_State_clockQ__O)
                  000073cc    00000004     empty_min_pem4f.oem4f (.const:ti_sysbios_knl_Semaphore_Instance_State_pendQ__O)
                  000073d0    00000004     empty_min_pem4f.oem4f (.const:ti_sysbios_knl_Swi_Object__count__C)
                  000073d4    00000004     empty_min_pem4f.oem4f (.const:ti_sysbios_knl_Task_E_spOutOfBounds__C)
                  000073d8    00000004     empty_min_pem4f.oem4f (.const:ti_sysbios_knl_Task_E_stackOverflow__C)
                  000073dc    00000004     empty_min_pem4f.oem4f (.const:ti_sysbios_knl_Task_Module_State_inactiveQ__O)
                  000073e0    00000004     empty_min_pem4f.oem4f (.const:ti_sysbios_knl_Task_Object__count__C)
                  000073e4    00000004     empty_min_pem4f.oem4f (.const:ti_sysbios_knl_Task_allBlockedFunc__C)
                  000073e8    00000004     empty_min_pem4f.oem4f (.const:ti_sysbios_knl_Task_numConstructedTasks__C)
                  000073ec    00000004     empty_min_pem4f.oem4f (.const:ti_sysbios_utils_Load_postUpdate__C)
                  000073f0    00000004     empty_min_pem4f.oem4f (.const:ti_sysbios_utils_Load_windowInMs__C)
                  000073f4    00000004     empty_min_pem4f.oem4f (.const:ti_uia_loggers_LoggerStopMode_Module__diagsEnabled__C)
                  000073f8    00000004     empty_min_pem4f.oem4f (.const:ti_uia_loggers_LoggerStopMode_Module__diagsIncluded__C)
                  000073fc    00000004     empty_min_pem4f.oem4f (.const:ti_uia_loggers_LoggerStopMode_Module__diagsMask__C)
                  00007400    00000004     empty_min_pem4f.oem4f (.const:ti_uia_loggers_LoggerStopMode_Object__count__C)
                  00007404    00000004     empty_min_pem4f.oem4f (.const:ti_uia_runtime_ILoggerSnapshot_Interface__BASE__C)
                  00007408    00000004     empty_min_pem4f.oem4f (.const:ti_uia_runtime_IUIATransfer_Interface__BASE__C)
                  0000740c    00000004     empty_min_pem4f.oem4f (.const:xdc_runtime_Assert_E_assertFailed__C)
                  00007410    00000004     empty_min_pem4f.oem4f (.const:xdc_runtime_Core_A_initializedParams__C)
                  00007414    00000004     empty_min_pem4f.oem4f (.const:xdc_runtime_Core_Module__diagsEnabled__C)
                  00007418    00000004     empty_min_pem4f.oem4f (.const:xdc_runtime_Core_Module__diagsIncluded__C)
                  0000741c    00000004     empty_min_pem4f.oem4f (.const:xdc_runtime_Core_Module__diagsMask__C)
                  00007420    00000004     empty_min_pem4f.oem4f (.const:xdc_runtime_Error_E_memory__C)
                  00007424    00000004     empty_min_pem4f.oem4f (.const:xdc_runtime_Error_Module__diagsEnabled__C)
                  00007428    00000004     empty_min_pem4f.oem4f (.const:xdc_runtime_Error_Module__diagsIncluded__C)
                  0000742c    00000004     empty_min_pem4f.oem4f (.const:xdc_runtime_Error_Module__diagsMask__C)
                  00007430    00000004     empty_min_pem4f.oem4f (.const:xdc_runtime_Error_Module__loggerFxn8__C)
                  00007434    00000004     empty_min_pem4f.oem4f (.const:xdc_runtime_Error_Module__loggerObj__C)
                  00007438    00000004     empty_min_pem4f.oem4f (.const:xdc_runtime_Error_policyFxn__C)
                  0000743c    00000004     empty_min_pem4f.oem4f (.const:xdc_runtime_Error_raiseHook__C)
                  00007440    00000004     empty_min_pem4f.oem4f (.const:xdc_runtime_IFilterLogger_Interface__BASE__C)
                  00007444    00000004     empty_min_pem4f.oem4f (.const:xdc_runtime_IGateProvider_Interface__BASE__C)
                  00007448    00000004     empty_min_pem4f.oem4f (.const:xdc_runtime_IHeap_Interface__BASE__C)
                  0000744c    00000004     empty_min_pem4f.oem4f (.const:xdc_runtime_ILogger_Interface__BASE__C)
                  00007450    00000004     empty_min_pem4f.oem4f (.const:xdc_runtime_IModule_Interface__BASE__C)
                  00007454    00000004     empty_min_pem4f.oem4f (.const:xdc_runtime_Log_L_error__C)
                  00007458    00000004     empty_min_pem4f.oem4f (.const:xdc_runtime_Memory_defaultHeapInstance__C)
                  0000745c    00000004     empty_min_pem4f.oem4f (.const:xdc_runtime_Startup_execImpl__C)
                  00007460    00000004     empty_min_pem4f.oem4f (.const:xdc_runtime_Startup_lastFxns__A)
                  00007464    00000004     empty_min_pem4f.oem4f (.const:xdc_runtime_Startup_maxPasses__C)
                  00007468    00000004     empty_min_pem4f.oem4f (.const:xdc_runtime_Startup_sfxnRts__C)
                  0000746c    00000004     empty_min_pem4f.oem4f (.const:xdc_runtime_Startup_sfxnTab__C)
                  00007470    00000004     empty_min_pem4f.oem4f (.const:xdc_runtime_SysMin_bufSize__C)
                  00007474    00000004     empty_min_pem4f.oem4f (.const:xdc_runtime_SysMin_outputFunc__C)
                  00007478    00000004     empty_min_pem4f.oem4f (.const:xdc_runtime_System_Module__gateObj__C)
                  0000747c    00000004     empty_min_pem4f.oem4f (.const:xdc_runtime_System_abortFxn__C)
                  00007480    00000004     empty_min_pem4f.oem4f (.const:xdc_runtime_System_exitFxn__C)
                  00007484    00000004     empty_min_pem4f.oem4f (.const:xdc_runtime_System_extendFxn__C)
                  00007488    00000004     empty_min_pem4f.oem4f (.const:xdc_runtime_System_maxAtexitHandlers__C)
                  0000748c    00000004     empty_min_pem4f.oem4f (.const:xdc_runtime_Text_charTab__C)
                  00007490    00000004     empty_min_pem4f.oem4f (.const:xdc_runtime_Text_nameEmpty__C)
                  00007494    00000004     empty_min_pem4f.oem4f (.const:xdc_runtime_Text_nameStatic__C)
                  00007498    00000004     empty_min_pem4f.oem4f (.const:xdc_runtime_Text_nameUnknown__C)
                  0000749c    00000004     empty_min_pem4f.oem4f (.const:xdc_runtime_Text_nodeTab__C)
                  000074a0    00000004     empty_min_pem4f.oem4f (.const:xdc_runtime_Text_visitRopeFxn__C)
                  000074a4    00000002     empty_min_pem4f.oem4f (.const:ti_catalog_arm_cortexm4_tiva_ce_Boot_Module__id__C)
                  000074a6    00000002     empty_min_pem4f.oem4f (.const:ti_sysbios_family_arm_lm4_TimestampProvider_useClockTimer__C)
                  000074a8    00000002     empty_min_pem4f.oem4f (.const:ti_sysbios_family_arm_m3_Hwi_Module__id__C)
                  000074aa    00000002     empty_min_pem4f.oem4f (.const:ti_sysbios_hal_Hwi_Module__id__C)
                  000074ac    00000002     empty_min_pem4f.oem4f (.const:ti_sysbios_heaps_HeapMem_Module__id__C)
                  000074ae    00000002     empty_min_pem4f.oem4f (.const:ti_sysbios_knl_Task_Module__id__C)
                  000074b0    00000002     empty_min_pem4f.oem4f (.const:ti_sysbios_utils_Load_updateInIdle__C)
                  000074b2    00000002     empty_min_pem4f.oem4f (.const:ti_uia_loggers_LoggerStopMode_Module__id__C)
                  000074b4    00000002     empty_min_pem4f.oem4f (.const:ti_uia_loggers_LoggerStopMode_isTimestampEnabled__C)
                  000074b6    00000002     empty_min_pem4f.oem4f (.const:xdc_runtime_Core_Module__id__C)
                  000074b8    00000002     empty_min_pem4f.oem4f (.const:xdc_runtime_Error_Module__loggerDefined__C)
                  000074ba    00000002     empty_min_pem4f.oem4f (.const:xdc_runtime_Error_maxDepth__C)
                  000074bc    00000002     empty_min_pem4f.oem4f (.const:xdc_runtime_Memory_Module__id__C)
                  000074be    00000002     empty_min_pem4f.oem4f (.const:xdc_runtime_SysMin_flushAtExit__C)
                  000074c0    00000002     empty_min_pem4f.oem4f (.const:xdc_runtime_Text_charCnt__C)
                  000074c2    00000002     empty_min_pem4f.oem4f (.const:xdc_runtime_Text_isLoaded__C)
                  000074c4    00000002     empty_min_pem4f.oem4f (.const:xdc_runtime_Text_registryModsLastId__C)
                  000074c6    00000002     empty_min_pem4f.oem4f (.const:xdc_runtime_Text_unnamedModsLastId__C)

.cinit     0    000074c8    00000470     
                  000074c8    00000439     (.cinit..data.load) [load image, compression = rle]
                  00007901    00000003     --HOLE-- [fill = 0]
                  00007904    0000000c     (__TI_handler_table)
                  00007910    00000008     (.cinit..bss.load) [load image, compression = zero_init]
                  00007918    00000008     (.cinit..vecs.load) [load image, compression = zero_init]
                  00007920    00000018     (__TI_cinit_table)

.init_array 
*          0    00000000    00000000     UNINITIALIZED

.resetVecs 
*          0    00000000    0000003c     
                  00000000    0000003c     empty_min_pem4f.oem4f (.resetVecs)

.vecs      0    20000000    00000360     UNINITIALIZED
                  20000000    00000360     empty_min_pem4f.oem4f (.vecs)

.bss       0    20000380    00001cb0     UNINITIALIZED
                  20000380    00000800     empty_min_pem4f.oem4f (.bss:taskStackSection)
                  20000b80    00000400     empty_min_pem4f.oem4f (.bss:ti_sysbios_heaps_HeapMem_Instance_State_0_buf__A)
                  20000f80    00000400     empty_min_pem4f.oem4f (.bss:ti_uia_loggers_LoggerStopMode_Instance_State_1_packetArray__A)
                  20001380    00000400     empty_min_pem4f.oem4f (.bss:ti_uia_loggers_LoggerStopMode_Instance_State_2_packetArray__A)
                  20001780    00000360     empty_min_pem4f.oem4f (.bss:ti_sysbios_family_arm_m3_Hwi_dispatchTable)
                  20001ae0    00000008     (.common:parmbuf)
                  20001ae8    00000018     --HOLE--
                  20001b00    00000200     empty_min_pem4f.oem4f (.bss:ti_uia_loggers_LoggerStopMode_Instance_State_0_packetArray__A)
                  20001d00    00000120     rtsv7M4_T_le_v4SPD16_eabi.lib : trgmsg.obj (.bss:__CIOBUF_)
                  20001e20    00000080     empty_min_pem4f.oem4f (.bss:xdc_runtime_SysMin_Module_State_0_outbuf__A)
                  20001ea0    00000060     --HOLE--
                  20001f00    00000030     empty_min_pem4f.oem4f (.bss:ti_uia_loggers_LoggerStopMode_Instance_State_0_hdr__A)
                  20001f30    00000050     --HOLE--
                  20001f80    00000030     empty_min_pem4f.oem4f (.bss:ti_uia_loggers_LoggerStopMode_Instance_State_1_hdr__A)
                  20001fb0    00000050     --HOLE--
                  20002000    00000030     empty_min_pem4f.oem4f (.bss:ti_uia_loggers_LoggerStopMode_Instance_State_2_hdr__A)

.data      0    20002030    0000065c     UNINITIALIZED
                  20002030    00000168     empty_min_pem4f.oem4f (.data)
                  20002198    0000009c     empty_min_pem4f.oem4f (.data:ti_uia_loggers_LoggerStopMode_Object__table__V)
                  20002234    00000098     empty_min_pem4f.oem4f (.data:ti_sysbios_utils_Load_Module__state__V)
                  200022cc    00000080     empty_min_pem4f.oem4f (.data:ti_sysbios_family_arm_lm4_Timer_Object__table__V)
                  2000234c    00000080     empty_min_pem4f.oem4f (.data:ti_sysbios_knl_Swi_Module_State_0_readyQ__A)
                  200023cc    00000080     empty_min_pem4f.oem4f (.data:ti_sysbios_knl_Task_Module_State_0_readyQ__A)
                  2000244c    00000060     empty_min_pem4f.oem4f (.data:ti_sysbios_knl_Swi_Object__table__V)
                  200024ac    0000004c     empty_min_pem4f.oem4f (.data:ti_sysbios_knl_Task_Object__table__V)
                  200024f8    00000048     empty_min_pem4f.oem4f (.data:ti_sysbios_family_arm_m3_Hwi_Object__table__V)
                  20002540    00000044     empty_min_pem4f.oem4f (.data:ti_sysbios_knl_Task_Module__state__V)
                  20002584    00000038     empty_min_pem4f.oem4f (.data:ti_sysbios_gates_GateMutex_Object__table__V)
                  200025bc    00000034     empty_min_pem4f.oem4f (.data:ti_sysbios_family_arm_m3_Hwi_Module__state__V)
                  200025f0    00000030     empty_min_pem4f.oem4f (.data:ti_sysbios_family_arm_lm4_Timer_Module_State_0_device__A)
                  20002620    0000002c     empty_min_pem4f.oem4f (.data:ti_sysbios_knl_Clock_Module__state__V)
                  2000264c    00000024     empty_min_pem4f.oem4f (.data:ti_sysbios_BIOS_Module__state__V)
                  20002670    00000008     rtsv7M4_T_le_v4SPD16_eabi.lib : _lock.obj (.data)
                  20002678    00000008                                   : exit.obj (.data)
                  20002680    00000008     ti.uia.runtime.aem4f : QueueDescriptor.oem4f (.data)
                  20002688    00000004     rtsv7M4_T_le_v4SPD16_eabi.lib : stkdepth_vars.obj (.data)

.stack     0    2000268c    00000300     UNINITIALIZED
                  2000268c    00000300     --HOLE--

.bootVecs 
*          0    00000000    00000008     DSECT
                  00000000    00000008     boot.aem4f : boot.oem4f (.bootVecs)

xdc.meta   0    00000000    000000e2     COPY SECTION
                  00000000    000000e2     empty_min_pem4f.oem4f (xdc.meta)

.TI.noinit 
*          0    20000380    00000000     UNINITIALIZED

.TI.persistent 
*          0    20002030    00000000     UNINITIALIZED


LINKER GENERATED COPY TABLES

__TI_cinit_table @ 00007920 records: 3, size/record: 8, table size: 24
	.data: load addr=000074c8, load size=00000439 bytes, run addr=20002030, run size=0000065c bytes, compression=rle
	.bss: load addr=00007910, load size=00000008 bytes, run addr=20000380, run size=00001cb0 bytes, compression=zero_init
	.vecs: load addr=00007918, load size=00000008 bytes, run addr=20000000, run size=00000360 bytes, compression=zero_init


LINKER GENERATED HANDLER TABLE

__TI_handler_table @ 00007904 records: 3, size/record: 4, table size: 12
	index: 0, handler: __TI_decompress_rle24
	index: 1, handler: __TI_decompress_none
	index: 2, handler: __TI_zero_init


GLOBAL SYMBOLS: SORTED ALPHABETICALLY BY Name 

address   name                                                              
-------   ----                                                              
00003305  BLUE_LED_Init                                                     
00003c69  C$$EXIT                                                           
000031ff  C$$IO$$                                                           
00000a49  HOSTclock                                                         
00000a11  HOSTclose                                                         
000009d3  HOSTgetenv                                                        
00000977  HOSTlseek                                                         
00000925  HOSTopen                                                          
000008d9  HOSTread                                                          
0000087b  HOSTrename                                                        
00000841  HOSTtime                                                          
00000809  HOSTunlink                                                        
000007bd  HOSTwrite                                                         
00007324  HWI_TIMER0                                                        
00007328  LEDSwi                                                            
00004cfd  LEDToggle                                                         
UNDEFED   SHT$$INIT_ARRAY$$Base                                             
UNDEFED   SHT$$INIT_ARRAY$$Limit                                            
00001b79  SysCtlClockSet                                                    
000045b3  SysCtlDelay                                                       
00000c8d  TimerIntClear                                                     
0000491d  Timer_ISR                                                         
00000000  __ASM__                                                           
20001d00  __CIOBUF_                                                         
00000060  __ISA__                                                           
00000073  __PLAT__                                                          
2000298c  __STACK_END                                                       
00000300  __STACK_SIZE                                                      
00000094  __TARG__                                                          
00007920  __TI_CINIT_Base                                                   
00007938  __TI_CINIT_Limit                                                  
00007904  __TI_Handler_Table_Base                                           
00007910  __TI_Handler_Table_Limit                                          
00002575  __TI_auto_init                                                    
20002678  __TI_cleanup_ptr                                                  
00004e21  __TI_decompress_none                                              
00004f27  __TI_decompress_rle24                                             
2000267c  __TI_dtors_ptr                                                    
00003203  __TI_readmsg                                                      
000074c8  __TI_static_base__                                                
000031d1  __TI_writemsg                                                     
00004e5d  __TI_zero_init                                                    
000000ba  __TRDR__                                                          
00002887  __aeabi_idiv0                                                     
00002cf5  __aeabi_memclr                                                    
00002cf5  __aeabi_memclr4                                                   
00002cf5  __aeabi_memclr8                                                   
000026b5  __aeabi_memcpy                                                    
000026b5  __aeabi_memcpy4                                                   
000026b5  __aeabi_memcpy8                                                   
00002cf7  __aeabi_memset                                                    
00002cf7  __aeabi_memset4                                                   
00002cf7  __aeabi_memset8                                                   
00003e95  __aeabi_uidiv                                                     
00003e95  __aeabi_uidivmod                                                  
ffffffff  __binit__                                                         
ffffffff  __c_args__                                                        
2000268c  __stack                                                           
00004f21  __xdc__init                                                       
20002194  __xdc__init__addr                                                 
00004b25  _args_main                                                        
000036d9  _c_int00                                                          
20002670  _lock                                                             
00004c53  _nop                                                              
00004c4b  _register_lock                                                    
00004c45  _register_unlock                                                  
20002674  _unlock                                                           
00003c6d  abort                                                             
ffffffff  binit                                                             
00003979  copy_in                                                           
00003c75  exit                                                              
00002d71  main                                                              
20002688  main_func_sp                                                      
000026b5  memcpy                                                            
00002cfd  memset                                                            
00004da1  osi_TaskDisable                                                   
00004d31  osi_start                                                         
00004c59  strcpy                                                            
00004c6d  strlen                                                            
00007354  ti_catalog_arm_cortexm4_tiva_ce_Boot_A_mustUseEnhancedClockMode__C
00007358  ti_catalog_arm_cortexm4_tiva_ce_Boot_Module__diagsEnabled__C      
0000735c  ti_catalog_arm_cortexm4_tiva_ce_Boot_Module__diagsIncluded__C     
00007360  ti_catalog_arm_cortexm4_tiva_ce_Boot_Module__diagsMask__C         
000074a4  ti_catalog_arm_cortexm4_tiva_ce_Boot_Module__id__C                
00004e51  ti_catalog_arm_cortexm4_tiva_ce_Boot_init__I                      
00001789  ti_catalog_arm_cortexm4_tiva_ce_Boot_sysCtlClockSetI__I           
00002889  ti_catalog_arm_cortexm4_tiva_ce_Boot_sysCtlClockSet__E            
00004f2d  ti_catalog_arm_cortexm4_tiva_ce_Boot_sysCtlDelayI__I              
2000264c  ti_sysbios_BIOS_Module__state__V                                  
00004a6d  ti_sysbios_BIOS_RtsGateProxy_Handle__label__S                     
00004699  ti_sysbios_BIOS_RtsGateProxy_Object__delete__S                    
00000e05  ti_sysbios_BIOS_RtsGateProxy_enter__E                             
00000f6d  ti_sysbios_BIOS_RtsGateProxy_leave__E                             
00004f81  ti_sysbios_BIOS_RtsGateProxy_query__E                             
00004235  ti_sysbios_BIOS_atExitFunc__I                                     
000048e1  ti_sysbios_BIOS_errorRaiseHook__I                                 
00004c01  ti_sysbios_BIOS_exitFunc__I                                       
00004d11  ti_sysbios_BIOS_getCpuFreq__E                                     
00002d6f  ti_sysbios_BIOS_nullFunc__I                                       
0000462d  ti_sysbios_BIOS_registerRTSLock__I                                
00004651  ti_sysbios_BIOS_removeRTSLock__I                                  
0000479d  ti_sysbios_BIOS_rtsLock__I                                        
00004b3d  ti_sysbios_BIOS_rtsUnlock__I                                      
00004d21  ti_sysbios_BIOS_setThreadType__E                                  
00004675  ti_sysbios_BIOS_startFunc__I                                      
00004d31  ti_sysbios_BIOS_start__E                                          
200025f0  ti_sysbios_family_arm_lm4_Timer_Module_State_0_device__A          
20002058  ti_sysbios_family_arm_lm4_Timer_Module_State_0_handles__A         
20002050  ti_sysbios_family_arm_lm4_Timer_Module__root__V                   
00004b55  ti_sysbios_family_arm_lm4_Timer_Module__startupDone__F            
00004b55  ti_sysbios_family_arm_lm4_Timer_Module__startupDone__S            
20002070  ti_sysbios_family_arm_lm4_Timer_Module__state__V                  
00003369  ti_sysbios_family_arm_lm4_Timer_Module_startup__E                 
200022cc  ti_sysbios_family_arm_lm4_Timer_Object__table__V                  
00007364  ti_sysbios_family_arm_lm4_Timer_enableFunc__C                     
00003b01  ti_sysbios_family_arm_lm4_Timer_enableTimers__I                   
000024c9  ti_sysbios_family_arm_lm4_Timer_enableTiva__I                     
00002b69  ti_sysbios_family_arm_lm4_Timer_getExpiredCounts__E               
00004e69  ti_sysbios_family_arm_lm4_Timer_getMaxTicks__E                    
00004f71  ti_sysbios_family_arm_lm4_Timer_getPeriod__E                      
00003789  ti_sysbios_family_arm_lm4_Timer_initDevice__I                     
00003cb1  ti_sysbios_family_arm_lm4_Timer_isrStub__E                        
00004f05  ti_sysbios_family_arm_lm4_Timer_masterDisable__I                  
000010c5  ti_sysbios_family_arm_lm4_Timer_masterEnable__I                   
00007368  ti_sysbios_family_arm_lm4_Timer_numTimerDevices__C                
00001681  ti_sysbios_family_arm_lm4_Timer_start__E                          
0000736c  ti_sysbios_family_arm_lm4_Timer_startupNeeded__C                  
00003ed9  ti_sysbios_family_arm_lm4_Timer_startup__E                        
00004269  ti_sysbios_family_arm_lm4_Timer_stop__E                           
00004759  ti_sysbios_family_arm_lm4_Timer_write__I                          
2000207c  ti_sysbios_family_arm_lm4_TimestampProvider_Module__state__V      
00004f39  ti_sysbios_family_arm_lm4_TimestampProvider_Module_startup__E     
000037e1  ti_sysbios_family_arm_lm4_TimestampProvider_get32__E              
00001461  ti_sysbios_family_arm_lm4_TimestampProvider_get64__E              
00004d11  ti_sysbios_family_arm_lm4_TimestampProvider_getFreq__E            
00004d41  ti_sysbios_family_arm_lm4_TimestampProvider_rolloverFunc__E       
00004e79  ti_sysbios_family_arm_lm4_TimestampProvider_startTimer__E         
000074a6  ti_sysbios_family_arm_lm4_TimestampProvider_useClockTimer__C      
00007370  ti_sysbios_family_arm_m3_Hwi_E_NMI__C                             
00007374  ti_sysbios_family_arm_m3_Hwi_E_busFault__C                        
00007378  ti_sysbios_family_arm_m3_Hwi_E_debugMon__C                        
0000737c  ti_sysbios_family_arm_m3_Hwi_E_hardFault__C                       
00007380  ti_sysbios_family_arm_m3_Hwi_E_memFault__C                        
00007384  ti_sysbios_family_arm_m3_Hwi_E_noIsr__C                           
00007388  ti_sysbios_family_arm_m3_Hwi_E_reserved__C                        
0000738c  ti_sysbios_family_arm_m3_Hwi_E_svCall__C                          
00007390  ti_sysbios_family_arm_m3_Hwi_E_usageFault__C                      
00004a39  ti_sysbios_family_arm_m3_Hwi_Handle__label__S                     
2000208c  ti_sysbios_family_arm_m3_Hwi_Module_State_0_excActive__A          
20002090  ti_sysbios_family_arm_m3_Hwi_Module_State_0_excContext__A         
20002094  ti_sysbios_family_arm_m3_Hwi_Module_State_0_excStack__A           
000074a8  ti_sysbios_family_arm_m3_Hwi_Module__id__C                        
20002084  ti_sysbios_family_arm_m3_Hwi_Module__root__V                      
00004b6d  ti_sysbios_family_arm_m3_Hwi_Module__startupDone__F               
00004b6d  ti_sysbios_family_arm_m3_Hwi_Module__startupDone__S               
200025bc  ti_sysbios_family_arm_m3_Hwi_Module__state__V                     
00003889  ti_sysbios_family_arm_m3_Hwi_Module_startup__E                    
00007394  ti_sysbios_family_arm_m3_Hwi_NUM_INTERRUPTS__C                    
00007398  ti_sysbios_family_arm_m3_Hwi_Object__count__C                     
00004c81  ti_sysbios_family_arm_m3_Hwi_Object__get__S                       
200024f8  ti_sysbios_family_arm_m3_Hwi_Object__table__V                     
0000739c  ti_sysbios_family_arm_m3_Hwi_ccr__C                               
00004e89  ti_sysbios_family_arm_m3_Hwi_disableFxn__E                        
00003b49  ti_sysbios_family_arm_m3_Hwi_disableInterrupt__E                  
000033d1  ti_sysbios_family_arm_m3_Hwi_dispatchC__I                         
20001780  ti_sysbios_family_arm_m3_Hwi_dispatchTable                        
00001c6d  ti_sysbios_family_arm_m3_Hwi_dispatch__I                          
00004f11  ti_sysbios_family_arm_m3_Hwi_doSwiRestore__I                      
00004f41  ti_sysbios_family_arm_m3_Hwi_doTaskRestore__I                     
00003b91  ti_sysbios_family_arm_m3_Hwi_enableInterrupt__E                   
00000c91  ti_sysbios_family_arm_m3_Hwi_excBusFault__I                       
00002291  ti_sysbios_family_arm_m3_Hwi_excDebugMon__I                       
00000041  ti_sysbios_family_arm_m3_Hwi_excDumpRegs__I                       
000047bd  ti_sysbios_family_arm_m3_Hwi_excHandlerAsm__I                     
000073a0  ti_sysbios_family_arm_m3_Hwi_excHandlerFunc__C                    
00000a91  ti_sysbios_family_arm_m3_Hwi_excHandlerMax__I                     
000047e1  ti_sysbios_family_arm_m3_Hwi_excHandler__I                        
00002351  ti_sysbios_family_arm_m3_Hwi_excHardFault__I                      
0000732c  ti_sysbios_family_arm_m3_Hwi_excHookFuncs__A                      
000073a4  ti_sysbios_family_arm_m3_Hwi_excHookFuncs__C                      
000010c9  ti_sysbios_family_arm_m3_Hwi_excMemFault__I                       
000040f9  ti_sysbios_family_arm_m3_Hwi_excNmi__I                            
00004019  ti_sysbios_family_arm_m3_Hwi_excNoIsr__I                          
00003bd9  ti_sysbios_family_arm_m3_Hwi_excReserved__I                       
00003f59  ti_sysbios_family_arm_m3_Hwi_excSvCall__I                         
00000e09  ti_sysbios_family_arm_m3_Hwi_excUsageFault__I                     
00003cf9  ti_sysbios_family_arm_m3_Hwi_getStackInfo__E                      
00002921  ti_sysbios_family_arm_m3_Hwi_initNVIC__E                          
00003731  ti_sysbios_family_arm_m3_Hwi_initStacks__E                        
000073a8  ti_sysbios_family_arm_m3_Hwi_nullIsrFunc__C                       
e000e000  ti_sysbios_family_arm_m3_Hwi_nvic                                 
000045e1  ti_sysbios_family_arm_m3_Hwi_pendSV__I                            
00002bf1  ti_sysbios_family_arm_m3_Hwi_postInit__I                          
000073ac  ti_sysbios_family_arm_m3_Hwi_priGroup__C                          
20000000  ti_sysbios_family_arm_m3_Hwi_ramVectors                           
00000000  ti_sysbios_family_arm_m3_Hwi_resetVectors                         
00004f49  ti_sysbios_family_arm_m3_Hwi_restoreFxn__E                        
00004605  ti_sysbios_family_arm_m3_Hwi_return                               
00004f19  ti_sysbios_family_arm_m3_Hwi_startup__E                           
00004c99  ti_sysbios_family_arm_m3_Hwi_switchFromBootStack__E               
0000167d  ti_sysbios_family_arm_m3_TaskSupport_Module__startupDone__S       
00002add  ti_sysbios_family_arm_m3_TaskSupport_buildTaskStack               
00004e99  ti_sysbios_family_arm_m3_TaskSupport_checkStack__E                
00004d51  ti_sysbios_family_arm_m3_TaskSupport_glue                         
00004299  ti_sysbios_family_arm_m3_TaskSupport_start__E                     
00004b85  ti_sysbios_family_arm_m3_TaskSupport_swap__E                      
000048ff  ti_sysbios_family_xxx_Hwi_switchAndRunFunc                        
00004a53  ti_sysbios_gates_GateHwi_Handle__label__S                         
00004f91  ti_sysbios_gates_GateHwi_Instance_init__E                         
00007164  ti_sysbios_gates_GateHwi_Module__FXNS__C                          
20002098  ti_sysbios_gates_GateHwi_Module__root__V                          
000071f4  ti_sysbios_gates_GateHwi_Object__DESC__C                          
000072b4  ti_sysbios_gates_GateHwi_Object__PARAMS__C                        
000042c9  ti_sysbios_gates_GateHwi_Object__create__S                        
00004801  ti_sysbios_gates_GateHwi_Object__delete__S                        
200020a0  ti_sysbios_gates_GateHwi_Object__table__V                         
00004ea9  ti_sysbios_gates_GateHwi_enter__E                                 
00004f51  ti_sysbios_gates_GateHwi_leave__E                                 
00004f79  ti_sysbios_gates_GateHwi_query__E                                 
00004a6d  ti_sysbios_gates_GateMutex_Handle__label__S                       
000073b0  ti_sysbios_gates_GateMutex_Instance_State_sem__O                  
00004d61  ti_sysbios_gates_GateMutex_Instance_finalize__E                   
00004939  ti_sysbios_gates_GateMutex_Instance_init__E                       
00007188  ti_sysbios_gates_GateMutex_Module__FXNS__C                        
200020a4  ti_sysbios_gates_GateMutex_Module__root__V                        
00007214  ti_sysbios_gates_GateMutex_Object__DESC__C                        
000072cc  ti_sysbios_gates_GateMutex_Object__PARAMS__C                      
000042f9  ti_sysbios_gates_GateMutex_Object__create__S                      
00004699  ti_sysbios_gates_GateMutex_Object__delete__S                      
20002584  ti_sysbios_gates_GateMutex_Object__table__V                       
00004329  ti_sysbios_gates_GateMutex_enter__E                               
00004ba1  ti_sysbios_gates_GateMutex_leave__E                               
00004f81  ti_sysbios_gates_GateMutex_query__E                               
000073b4  ti_sysbios_hal_Hwi_E_stackOverflow__C                             
00004a39  ti_sysbios_hal_Hwi_HwiProxy_Handle__label__S                      
00004b6d  ti_sysbios_hal_Hwi_HwiProxy_Module__startupDone__S                
00003b49  ti_sysbios_hal_Hwi_HwiProxy_disableInterrupt__E                   
00004e89  ti_sysbios_hal_Hwi_HwiProxy_disable__E                            
00003b91  ti_sysbios_hal_Hwi_HwiProxy_enableInterrupt__E                    
00003cf9  ti_sysbios_hal_Hwi_HwiProxy_getStackInfo__E                       
00004f49  ti_sysbios_hal_Hwi_HwiProxy_restore__E                            
00004f19  ti_sysbios_hal_Hwi_HwiProxy_startup__E                            
00004c99  ti_sysbios_hal_Hwi_HwiProxy_switchFromBootStack__E                
000074aa  ti_sysbios_hal_Hwi_Module__id__C                                  
200020ac  ti_sysbios_hal_Hwi_Module__root__V                                
00004cd9  ti_sysbios_hal_Hwi_Module_startup__E                              
200020b4  ti_sysbios_hal_Hwi_Object__table__V                               
00004131  ti_sysbios_hal_Hwi_checkStack                                     
00004201  ti_sysbios_hal_Hwi_initStack                                      
000073b8  ti_sysbios_heaps_HeapMem_E_memory__C                              
00004a87  ti_sysbios_heaps_HeapMem_Handle__label__S                         
20000b80  ti_sysbios_heaps_HeapMem_Instance_State_0_buf__A                  
00003f19  ti_sysbios_heaps_HeapMem_Instance_init__E                         
00004a6d  ti_sysbios_heaps_HeapMem_Module_GateProxy_Handle__label__S        
00004699  ti_sysbios_heaps_HeapMem_Module_GateProxy_Object__delete__S       
0000234d  ti_sysbios_heaps_HeapMem_Module_GateProxy_enter__E                
0000240d  ti_sysbios_heaps_HeapMem_Module_GateProxy_leave__E                
00004f81  ti_sysbios_heaps_HeapMem_Module_GateProxy_query__E                
000070ec  ti_sysbios_heaps_HeapMem_Module__FXNS__C                          
000073bc  ti_sysbios_heaps_HeapMem_Module__gateObj__C                       
000074ac  ti_sysbios_heaps_HeapMem_Module__id__C                            
200020bc  ti_sysbios_heaps_HeapMem_Module__root__V                          
00007234  ti_sysbios_heaps_HeapMem_Object__DESC__C                          
000071ac  ti_sysbios_heaps_HeapMem_Object__PARAMS__C                        
000073c0  ti_sysbios_heaps_HeapMem_Object__count__C                         
00004359  ti_sysbios_heaps_HeapMem_Object__create__S                        
00004821  ti_sysbios_heaps_HeapMem_Object__delete__S                        
00004cad  ti_sysbios_heaps_HeapMem_Object__get__S                           
200020c4  ti_sysbios_heaps_HeapMem_Object__table__V                         
000020f9  ti_sysbios_heaps_HeapMem_alloc__E                                 
00002c79  ti_sysbios_heaps_HeapMem_free__E                                  
000039c9  ti_sysbios_heaps_HeapMem_getStats__E                              
00003f99  ti_sysbios_heaps_HeapMem_init__I                                  
00004f59  ti_sysbios_heaps_HeapMem_isBlocking__E                            
000073c4  ti_sysbios_heaps_HeapMem_reqAlign__C                              
000073c8  ti_sysbios_knl_Clock_Module_State_clockQ__O                       
200020dc  ti_sysbios_knl_Clock_Module__root__V                              
20002620  ti_sysbios_knl_Clock_Module__state__V                             
000046c1  ti_sysbios_knl_Clock_Module_startup__E                            
00004b55  ti_sysbios_knl_Clock_TimerProxy_Module__startupDone__S            
000024c5  ti_sysbios_knl_Clock_TimerProxy_getMaxTicks__E                    
000029b5  ti_sysbios_knl_Clock_TimerProxy_getPeriod__E                      
00003ed9  ti_sysbios_knl_Clock_TimerProxy_startup__E                        
000044d9  ti_sysbios_knl_Clock_doTick__I                                    
00004f99  ti_sysbios_knl_Clock_logTick__E                                   
00002f41  ti_sysbios_knl_Clock_workFunc__E                                  
200020e4  ti_sysbios_knl_Event_Module__root__V                              
00007334  ti_sysbios_knl_Idle_funcList__A                                   
0000733c  ti_sysbios_knl_Idle_funcList__C                                   
00004e31  ti_sysbios_knl_Idle_loop__E                                       
[...]
00004e41  ti_sysbios_knl_Queue_empty__E                                     
00004e51  ti_catalog_arm_cortexm4_tiva_ce_Boot_init__I                      
00004e5d  __TI_zero_init                                                    
00004e69  ti_sysbios_family_arm_lm4_Timer_getMaxTicks__E                    
00004e79  ti_sysbios_family_arm_lm4_TimestampProvider_startTimer__E         
00004e89  ti_sysbios_family_arm_m3_Hwi_disableFxn__E                        
00004e89  ti_sysbios_hal_Hwi_HwiProxy_disable__E                            
00004e99  ti_sysbios_family_arm_m3_TaskSupport_checkStack__E                
00004e99  ti_sysbios_knl_Task_SupportProxy_checkStack__E                    
00004ea9  ti_sysbios_gates_GateHwi_enter__E                                 
00004eb5  ti_sysbios_knl_Queue_Object__get__S                               
00004ec1  xdc_runtime_Error_init__E                                         
00004ecd  xdc_runtime_Gate_enterSystem__E                                   
00004ed9  xdc_runtime_Memory_calloc__E                                      
00004ee5  xdc_runtime_Memory_getMaxDefaultTypeAlign__E                      
00004ef1  xdc_runtime_Memory_HeapProxy_alloc__E                             
00004efb  xdc_runtime_Memory_HeapProxy_free__E                              
00004f05  ti_sysbios_family_arm_lm4_Timer_masterDisable__I                  
00004f11  ti_sysbios_family_arm_m3_Hwi_doSwiRestore__I                      
00004f19  ti_sysbios_family_arm_m3_Hwi_startup__E                           
00004f19  ti_sysbios_hal_Hwi_HwiProxy_startup__E                            
00004f21  __xdc__init                                                       
00004f27  __TI_decompress_rle24                                             
00004f2d  ti_catalog_arm_cortexm4_tiva_ce_Boot_sysCtlDelayI__I              
00004f33  xdc_runtime_System_Module_startup__E                              
00004f39  ti_sysbios_family_arm_lm4_TimestampProvider_Module_startup__E     
00004f41  ti_sysbios_family_arm_m3_Hwi_doTaskRestore__I                     
00004f49  ti_sysbios_family_arm_m3_Hwi_restoreFxn__E                        
00004f49  ti_sysbios_hal_Hwi_HwiProxy_restore__E                            
00004f51  ti_sysbios_gates_GateHwi_leave__E                                 
00004f59  ti_sysbios_heaps_HeapMem_isBlocking__E                            
00004f61  ti_sysbios_knl_Queue_Instance_init__E                             
00004f69  ti_sysbios_knl_Swi_startup__E                                     
00004f71  ti_sysbios_family_arm_lm4_Timer_getPeriod__E                      
00004f79  ti_sysbios_gates_GateHwi_query__E                                 
00004f79  xdc_runtime_Main_Module_GateProxy_query__E                        
00004f79  xdc_runtime_System_Module_GateProxy_query__E                      
00004f81  ti_sysbios_BIOS_RtsGateProxy_query__E                             
00004f81  ti_sysbios_gates_GateMutex_query__E                               
00004f81  ti_sysbios_heaps_HeapMem_Module_GateProxy_query__E                
00004f89  ti_sysbios_knl_Task_startup__E                                    
00004f91  ti_sysbios_gates_GateHwi_Instance_init__E                         
00004f99  ti_sysbios_knl_Clock_logTick__E                                   
00004f9c  xdc_runtime_Text_charTab__A                                       
00006f43  xdc_runtime_Error_policy__C                                       
00006f44  xdc_runtime_Text_nodeTab__A                                       
00007044  ti_uia_loggers_LoggerStopMode_Module__FXNS__C                     
000070ec  ti_sysbios_heaps_HeapMem_Module__FXNS__C                          
00007114  ti_uia_loggers_LoggerStopMode_Object__PARAMS__C                   
0000713c  xdc_runtime_Startup_sfxnTab__A                                    
00007164  ti_sysbios_gates_GateHwi_Module__FXNS__C                          
00007188  ti_sysbios_gates_GateMutex_Module__FXNS__C                        
000071ac  ti_sysbios_heaps_HeapMem_Object__PARAMS__C                        
000071d0  ti_sysbios_knl_Semaphore_Object__PARAMS__C                        
000071f4  ti_sysbios_gates_GateHwi_Object__DESC__C                          
00007214  ti_sysbios_gates_GateMutex_Object__DESC__C                        
00007234  ti_sysbios_heaps_HeapMem_Object__DESC__C                          
00007254  ti_sysbios_knl_Queue_Object__DESC__C                              
00007274  ti_sysbios_knl_Semaphore_Object__DESC__C                          
00007294  ti_uia_loggers_LoggerStopMode_Object__DESC__C                     
000072b4  ti_sysbios_gates_GateHwi_Object__PARAMS__C                        
000072cc  ti_sysbios_gates_GateMutex_Object__PARAMS__C                      
000072e4  ti_sysbios_knl_Queue_Object__PARAMS__C                            
000072fc  xdc_runtime_Startup_firstFxns__A                                  
00007310  xdc_runtime_Startup_sfxnRts__A                                    
00007324  HWI_TIMER0                                                        
00007328  LEDSwi                                                            
0000732c  ti_sysbios_family_arm_m3_Hwi_excHookFuncs__A                      
00007334  ti_sysbios_knl_Idle_funcList__A                                   
0000733c  ti_sysbios_knl_Idle_funcList__C                                   
00007344  xdc_runtime_Startup_firstFxns__C                                  
0000734c  xdc_runtime_Startup_lastFxns__C                                   
00007354  ti_catalog_arm_cortexm4_tiva_ce_Boot_A_mustUseEnhancedClockMode__C
00007358  ti_catalog_arm_cortexm4_tiva_ce_Boot_Module__diagsEnabled__C      
0000735c  ti_catalog_arm_cortexm4_tiva_ce_Boot_Module__diagsIncluded__C     
00007360  ti_catalog_arm_cortexm4_tiva_ce_Boot_Module__diagsMask__C         
00007364  ti_sysbios_family_arm_lm4_Timer_enableFunc__C                     
00007368  ti_sysbios_family_arm_lm4_Timer_numTimerDevices__C                
0000736c  ti_sysbios_family_arm_lm4_Timer_startupNeeded__C                  
00007370  ti_sysbios_family_arm_m3_Hwi_E_NMI__C                             
00007374  ti_sysbios_family_arm_m3_Hwi_E_busFault__C                        
00007378  ti_sysbios_family_arm_m3_Hwi_E_debugMon__C                        
0000737c  ti_sysbios_family_arm_m3_Hwi_E_hardFault__C                       
00007380  ti_sysbios_family_arm_m3_Hwi_E_memFault__C                        
00007384  ti_sysbios_family_arm_m3_Hwi_E_noIsr__C                           
00007388  ti_sysbios_family_arm_m3_Hwi_E_reserved__C                        
0000738c  ti_sysbios_family_arm_m3_Hwi_E_svCall__C                          
00007390  ti_sysbios_family_arm_m3_Hwi_E_usageFault__C                      
00007394  ti_sysbios_family_arm_m3_Hwi_NUM_INTERRUPTS__C                    
00007398  ti_sysbios_family_arm_m3_Hwi_Object__count__C                     
0000739c  ti_sysbios_family_arm_m3_Hwi_ccr__C                               
000073a0  ti_sysbios_family_arm_m3_Hwi_excHandlerFunc__C                    
000073a4  ti_sysbios_family_arm_m3_Hwi_excHookFuncs__C                      
000073a8  ti_sysbios_family_arm_m3_Hwi_nullIsrFunc__C                       
000073ac  ti_sysbios_family_arm_m3_Hwi_priGroup__C                          
000073b0  ti_sysbios_gates_GateMutex_Instance_State_sem__O                  
000073b4  ti_sysbios_hal_Hwi_E_stackOverflow__C                             
000073b8  ti_sysbios_heaps_HeapMem_E_memory__C                              
000073bc  ti_sysbios_heaps_HeapMem_Module__gateObj__C                       
000073c0  ti_sysbios_heaps_HeapMem_Object__count__C                         
000073c4  ti_sysbios_heaps_HeapMem_reqAlign__C                              
000073c8  ti_sysbios_knl_Clock_Module_State_clockQ__O                       
000073cc  ti_sysbios_knl_Semaphore_Instance_State_pendQ__O                  
000073d0  ti_sysbios_knl_Swi_Object__count__C                               
000073d4  ti_sysbios_knl_Task_E_spOutOfBounds__C                            
000073d8  ti_sysbios_knl_Task_E_stackOverflow__C                            
000073dc  ti_sysbios_knl_Task_Module_State_inactiveQ__O                     
000073e0  ti_sysbios_knl_Task_Object__count__C                              
000073e4  ti_sysbios_knl_Task_allBlockedFunc__C                             
000073e8  ti_sysbios_knl_Task_numConstructedTasks__C                        
000073ec  ti_sysbios_utils_Load_postUpdate__C                               
000073f0  ti_sysbios_utils_Load_windowInMs__C                               
000073f4  ti_uia_loggers_LoggerStopMode_Module__diagsEnabled__C             
000073f8  ti_uia_loggers_LoggerStopMode_Module__diagsIncluded__C            
000073fc  ti_uia_loggers_LoggerStopMode_Module__diagsMask__C                
00007400  ti_uia_loggers_LoggerStopMode_Object__count__C                    
00007404  ti_uia_runtime_ILoggerSnapshot_Interface__BASE__C                 
00007408  ti_uia_runtime_IUIATransfer_Interface__BASE__C                    
0000740c  xdc_runtime_Assert_E_assertFailed__C                              
00007410  xdc_runtime_Core_A_initializedParams__C                           
00007414  xdc_runtime_Core_Module__diagsEnabled__C                          
00007418  xdc_runtime_Core_Module__diagsIncluded__C                         
0000741c  xdc_runtime_Core_Module__diagsMask__C                             
00007420  xdc_runtime_Error_E_memory__C                                     
00007424  xdc_runtime_Error_Module__diagsEnabled__C                         
00007428  xdc_runtime_Error_Module__diagsIncluded__C                        
0000742c  xdc_runtime_Error_Module__diagsMask__C                            
00007430  xdc_runtime_Error_Module__loggerFxn8__C                           
00007434  xdc_runtime_Error_Module__loggerObj__C                            
00007438  xdc_runtime_Error_policyFxn__C                                    
0000743c  xdc_runtime_Error_raiseHook__C                                    
00007440  xdc_runtime_IFilterLogger_Interface__BASE__C                      
00007444  xdc_runtime_IGateProvider_Interface__BASE__C                      
00007448  xdc_runtime_IHeap_Interface__BASE__C                              
0000744c  xdc_runtime_ILogger_Interface__BASE__C                            
00007450  xdc_runtime_IModule_Interface__BASE__C                            
00007454  xdc_runtime_Log_L_error__C                                        
00007458  xdc_runtime_Memory_defaultHeapInstance__C                         
0000745c  xdc_runtime_Startup_execImpl__C                                   
00007460  xdc_runtime_Startup_lastFxns__A                                   
00007464  xdc_runtime_Startup_maxPasses__C                                  
00007468  xdc_runtime_Startup_sfxnRts__C                                    
0000746c  xdc_runtime_Startup_sfxnTab__C                                    
00007470  xdc_runtime_SysMin_bufSize__C                                     
00007474  xdc_runtime_SysMin_outputFunc__C                                  
00007478  xdc_runtime_System_Module__gateObj__C                             
0000747c  xdc_runtime_System_abortFxn__C                                    
00007480  xdc_runtime_System_exitFxn__C                                     
00007484  xdc_runtime_System_extendFxn__C                                   
00007488  xdc_runtime_System_maxAtexitHandlers__C                           
0000748c  xdc_runtime_Text_charTab__C                                       
00007490  xdc_runtime_Text_nameEmpty__C                                     
00007494  xdc_runtime_Text_nameStatic__C                                    
00007498  xdc_runtime_Text_nameUnknown__C                                   
0000749c  xdc_runtime_Text_nodeTab__C                                       
000074a0  xdc_runtime_Text_visitRopeFxn__C                                  
000074a4  ti_catalog_arm_cortexm4_tiva_ce_Boot_Module__id__C                
000074a6  ti_sysbios_family_arm_lm4_TimestampProvider_useClockTimer__C      
000074a8  ti_sysbios_family_arm_m3_Hwi_Module__id__C                        
000074aa  ti_sysbios_hal_Hwi_Module__id__C                                  
000074ac  ti_sysbios_heaps_HeapMem_Module__id__C                            
000074ae  ti_sysbios_knl_Task_Module__id__C                                 
000074b0  ti_sysbios_utils_Load_updateInIdle__C                             
000074b2  ti_uia_loggers_LoggerStopMode_Module__id__C                       
000074b4  ti_uia_loggers_LoggerStopMode_isTimestampEnabled__C               
000074b6  xdc_runtime_Core_Module__id__C                                    
000074b8  xdc_runtime_Error_Module__loggerDefined__C                        
000074ba  xdc_runtime_Error_maxDepth__C                                     
000074bc  xdc_runtime_Memory_Module__id__C                                  
000074be  xdc_runtime_SysMin_flushAtExit__C                                 
000074c0  xdc_runtime_Text_charCnt__C                                       
000074c2  xdc_runtime_Text_isLoaded__C                                      
000074c4  xdc_runtime_Text_registryModsLastId__C                            
000074c6  xdc_runtime_Text_unnamedModsLastId__C                             
000074c8  __TI_static_base__                                                
00007904  __TI_Handler_Table_Base                                           
00007910  __TI_Handler_Table_Limit                                          
00007920  __TI_CINIT_Base                                                   
00007938  __TI_CINIT_Limit                                                  
20000000  ti_sysbios_family_arm_m3_Hwi_ramVectors                           
20000380  ti_sysbios_knl_Task_Instance_State_0_stack__A                     
20000b80  ti_sysbios_heaps_HeapMem_Instance_State_0_buf__A                  
20000f80  ti_uia_loggers_LoggerStopMode_Instance_State_1_packetArray__A     
20001380  ti_uia_loggers_LoggerStopMode_Instance_State_2_packetArray__A     
20001780  ti_sysbios_family_arm_m3_Hwi_dispatchTable                        
20001b00  ti_uia_loggers_LoggerStopMode_Instance_State_0_packetArray__A     
20001d00  __CIOBUF_                                                         
20001e20  xdc_runtime_SysMin_Module_State_0_outbuf__A                       
20001f00  ti_uia_loggers_LoggerStopMode_Instance_State_0_hdr__A             
20001f80  ti_uia_loggers_LoggerStopMode_Instance_State_1_hdr__A             
20002000  ti_uia_loggers_LoggerStopMode_Instance_State_2_hdr__A             
20002030  xdc_runtime_Diags_dictElems                                       
20002050  ti_sysbios_family_arm_lm4_Timer_Module__root__V                   
20002058  ti_sysbios_family_arm_lm4_Timer_Module_State_0_handles__A         
20002070  ti_sysbios_family_arm_lm4_Timer_Module__state__V                  
2000207c  ti_sysbios_family_arm_lm4_TimestampProvider_Module__state__V      
20002084  ti_sysbios_family_arm_m3_Hwi_Module__root__V                      
2000208c  ti_sysbios_family_arm_m3_Hwi_Module_State_0_excActive__A          
20002090  ti_sysbios_family_arm_m3_Hwi_Module_State_0_excContext__A         
20002094  ti_sysbios_family_arm_m3_Hwi_Module_State_0_excStack__A           
20002098  ti_sysbios_gates_GateHwi_Module__root__V                          
200020a0  ti_sysbios_gates_GateHwi_Object__table__V                         
200020a4  ti_sysbios_gates_GateMutex_Module__root__V                        
200020ac  ti_sysbios_hal_Hwi_Module__root__V                                
200020b4  ti_sysbios_hal_Hwi_Object__table__V                               
200020bc  ti_sysbios_heaps_HeapMem_Module__root__V                          
200020c4  ti_sysbios_heaps_HeapMem_Object__table__V                         
200020dc  ti_sysbios_knl_Clock_Module__root__V                              
200020e4  ti_sysbios_knl_Event_Module__root__V                              
200020f0  ti_sysbios_knl_Queue_Module__root__V                              
200020f8  ti_sysbios_knl_Semaphore_Module__root__V                          
20002100  ti_sysbios_knl_Swi_Module__root__V                                
20002108  ti_sysbios_knl_Swi_Module__state__V                               
20002124  ti_sysbios_knl_Task_Module__root__V                               
20002130  ti_sysbios_knl_Task_Module_State_0_idleTask__A                    
20002134  ti_sysbios_utils_Load_Module_State_0_taskStartTime__A             
20002138  ti_sysbios_utils_Load_Module_State_0_runningTask__A               
2000213c  ti_uia_loggers_LoggerStopMode_Module__root__V                     
20002144  ti_uia_loggers_LoggerStopMode_Module__state__V                    
2000214c  ti_uia_runtime_QueueDescriptor_Module__state__V                   
20002158  xdc_runtime_Error_Module__state__V                                
2000215a  xdc_runtime_Main_Module__root__V                                  
2000215c  xdc_runtime_Memory_Module__state__V                               
20002160  xdc_runtime_Registry_Module__state__V                             
20002168  xdc_runtime_Startup_Module__state__V                              
20002170  xdc_runtime_SysMin_Module__state__V                               
2000217c  xdc_runtime_System_Module_State_0_atexitHandlers__A               
20002184  xdc_runtime_System_Module__state__V                               
2000218c  xdc_runtime_Text_Module__state__V                                 
20002194  __xdc__init__addr                                                 
20002198  ti_uia_loggers_LoggerStopMode_Object__table__V                    
20002234  ti_sysbios_utils_Load_Module__state__V                            
200022cc  ti_sysbios_family_arm_lm4_Timer_Object__table__V                  
2000234c  ti_sysbios_knl_Swi_Module_State_0_readyQ__A                       
200023cc  ti_sysbios_knl_Task_Module_State_0_readyQ__A                      
2000244c  ti_sysbios_knl_Swi_Object__table__V                               
200024ac  ti_sysbios_knl_Task_Object__table__V                              
200024f8  ti_sysbios_family_arm_m3_Hwi_Object__table__V                     
20002540  ti_sysbios_knl_Task_Module__state__V                              
20002584  ti_sysbios_gates_GateMutex_Object__table__V                       
200025bc  ti_sysbios_family_arm_m3_Hwi_Module__state__V                     
200025f0  ti_sysbios_family_arm_lm4_Timer_Module_State_0_device__A          
20002620  ti_sysbios_knl_Clock_Module__state__V                             
2000264c  ti_sysbios_BIOS_Module__state__V                                  
20002670  _lock                                                             
20002674  _unlock                                                           
20002678  __TI_cleanup_ptr                                                  
2000267c  __TI_dtors_ptr                                                    
20002680  ti_uia_runtime_QueueDescriptor_gPtrToFirstDescriptor              
20002684  ti_uia_runtime_QueueDescriptor_gUpdateCount                       
20002688  main_func_sp                                                      
2000268c  __stack                                                           
2000298c  __STACK_END                                                       
e000e000  ti_sysbios_family_arm_m3_Hwi_nvic                                 
ffffffff  __binit__                                                         
ffffffff  __c_args__                                                        
ffffffff  binit                                                             
UNDEFED   SHT$$INIT_ARRAY$$Base                                             
UNDEFED   SHT$$INIT_ARRAY$$Limit                                            

[571 symbols]
