<html>
<body>
<pre>
<h1>µVision Build Log</h1>
<h2>Project:</h2>
E:\Google Drive\~Embedded Systems\Example from Website\RTOS_4C123\RTOS_4C123\RTOS.uvproj
Project File Date:  05/03/2016

<h2>Output:</h2>
Build target 'RTOS'
compiling user.c...
linking...
Program Size: Code=1992 RO-data=32 RW-data=20 ZI-data=2756  
".\RTOS.axf" - 0 Error(s), 0 Warning(s).
Load "E:\\Google Drive\\~Embedded Systems\\Example from Website\\RTOS_4C123\\RTOS_4C123\\RTOS.axf" 
Connecting: Mode=JTAG, Speed=1000000Hz
Erase Done.
Programming Done.
Verify OK.
</pre>
</body>
</html>
id){
user.c(96): error:  #140: too many arguments in function call
    OS_AddThreads(&Task1, &Task2, &Task3, &Task4);
user.c: 0 warnings, 2 errors
".\RTOS.axf" - 3 Error(s), 0 Warning(s).
Target not created
