<html>
<body>
<pre>
<h1>µVision Build Log</h1>
<h2>Project:</h2>
E:\Google Drive\~Embedded Systems\Example from Website\PeriodMeasure_4C123\PeriodMeasure_4C123\PeriodMeasure.uvproj
Project File Date:  10/18/2015

<h2>Output:</h2>
Build target 'PeriodMeasure'
compiling PeriodMeasure.c...
PeriodMeasure.c(172): warning:  #1-D: last line of file ends without a newline
  }
PeriodMeasure.c: 1 warning, 0 errors
compiling Main.c...
Main.c(29): warning:  #1-D: last line of file ends without a newline
  */
Main.c: 1 warning, 0 errors
linking...
Program Size: Code=1404 RO-data=16 RW-data=0 ZI-data=1120  
".\PeriodMeasure.axf" - 0 Error(s), 2 Warning(s).
Load "E:\\Google Drive\\~Embedded Systems\\Example from Website\\PeriodMeasure_4C123\\PeriodMeasure_4C123\\PeriodMeasure.axf" 
Connecting: Mode=JTAG, Speed=1000000Hz
Erase Done.
Programming Done.
Verify OK.
</pre>
</body>
</html>
map.
Finished: 2 information, 0 warning and 3 error messages.
".\PeriodMeasure.axf" - 3 Error(s), 2 Warning(s).
Target not created
