<html>
<body>
<pre>
<h1>µVision Build Log</h1>
<h2>Project:</h2>
E:\Google Drive\~Embedded Systems\Example from Website\Nokia5110_4C123\Nokia5110_4C123\Nokia5110.uvproj
Project File Date:  10/11/2015

<h2>Output:</h2>
Build target 'MicroComputer'
assembling startup.s...
compiling Nokia5110.c...
compiling TestMain.c...
compiling PLL.c...
compiling RS232.c...
compiling ST7735.c...
linking...
Program Size: Code=10164 RO-data=2172 RW-data=56 ZI-data=1120  
".\Nokia5110.axf" - 0 Error(s), 0 Warning(s).
</pre>
</body>
</html>
